// Here is the optimal Leduc policy as calculated by the CFR+ algorithm.

{
[PlayerGotCard(0, King); PlayerAction(0, Raise); PlayerAction(1, Raise); PlayerAction(0, Call); CommunityCardIs(Queen); PlayerAction(0, Raise); PlayerAction(1, Raise)] => [0.389744; 0.610256; 0.000000]
[PlayerGotCard(1, King); PlayerAction(0, Raise); PlayerAction(1, Raise); PlayerAction(0, Call); CommunityCardIs(Queen); PlayerAction(0, Raise)] => [0.546541; 0.374888; 0.078571]
[PlayerGotCard(1, King); PlayerAction(0, Raise); PlayerAction(1, Raise); PlayerAction(0, Call); CommunityCardIs(Queen); PlayerAction(0, Call); PlayerAction(1, Raise); PlayerAction(0, Raise)] => [0.534482; 0.465518; 0.000000]
[PlayerGotCard(0, King); PlayerAction(0, Raise); PlayerAction(1, Raise); PlayerAction(0, Call); CommunityCardIs(Queen); PlayerAction(0, Call); PlayerAction(1, Raise)] => [0.970439; 0.026790; 0.002771]
[PlayerGotCard(1, King); PlayerAction(0, Raise); PlayerAction(1, Raise); PlayerAction(0, Call); CommunityCardIs(Queen); PlayerAction(0, Call)] => [0.484415; 0.000000; 0.515585]
[PlayerGotCard(0, King); PlayerAction(0, Raise); PlayerAction(1, Raise); PlayerAction(0, Call); CommunityCardIs(Queen)] => [0.309682; 0.000000; 0.690318]
[PlayerGotCard(0, King); PlayerAction(0, Raise); PlayerAction(1, Raise); PlayerAction(0, Call); CommunityCardIs(Jack); PlayerAction(0, Raise); PlayerAction(1, Raise)] => [0.542056; 0.457944; 0.000000]
[PlayerGotCard(1, King); PlayerAction(0, Raise); PlayerAction(1, Raise); PlayerAction(0, Call); CommunityCardIs(Jack); PlayerAction(0, Raise)] => [0.922565; 0.062615; 0.014820]
[PlayerGotCard(1, King); PlayerAction(0, Raise); PlayerAction(1, Raise); PlayerAction(0, Call); CommunityCardIs(Jack); PlayerAction(0, Call); PlayerAction(1, Raise); PlayerAction(0, Raise)] => [0.952304; 0.047696; 0.000000]
[PlayerGotCard(0, King); PlayerAction(0, Raise); PlayerAction(1, Raise); PlayerAction(0, Call); CommunityCardIs(Jack); PlayerAction(0, Call); PlayerAction(1, Raise)] => [0.995284; 0.001615; 0.003102]
[PlayerGotCard(1, King); PlayerAction(0, Raise); PlayerAction(1, Raise); PlayerAction(0, Call); CommunityCardIs(Jack); PlayerAction(0, Call)] => [0.521183; 0.000000; 0.478817]
[PlayerGotCard(0, King); PlayerAction(0, Raise); PlayerAction(1, Raise); PlayerAction(0, Call); CommunityCardIs(Jack)] => [0.933785; 0.000000; 0.066215]
[PlayerGotCard(0, King); PlayerAction(0, Raise); PlayerAction(1, Raise)] => [1.000000; 0.000000; 0.000000]
[PlayerGotCard(0, King); PlayerAction(0, Raise); PlayerAction(1, Call); CommunityCardIs(Queen); PlayerAction(0, Raise); PlayerAction(1, Raise)] => [0.004071; 0.995929; 0.000000]
[PlayerGotCard(1, King); PlayerAction(0, Raise); PlayerAction(1, Call); CommunityCardIs(Queen); PlayerAction(0, Raise)] => [0.307571; 0.680510; 0.011919]
[PlayerGotCard(1, King); PlayerAction(0, Raise); PlayerAction(1, Call); CommunityCardIs(Queen); PlayerAction(0, Call); PlayerAction(1, Raise); PlayerAction(0, Raise)] => [0.003285; 0.996715; 0.000000]
[PlayerGotCard(0, King); PlayerAction(0, Raise); PlayerAction(1, Call); CommunityCardIs(Queen); PlayerAction(0, Call); PlayerAction(1, Raise)] => [0.515765; 0.479095; 0.005140]
[PlayerGotCard(1, King); PlayerAction(0, Raise); PlayerAction(1, Call); CommunityCardIs(Queen); PlayerAction(0, Call)] => [0.990091; 0.000000; 0.009909]
[PlayerGotCard(0, King); PlayerAction(0, Raise); PlayerAction(1, Call); CommunityCardIs(Queen)] => [0.992514; 0.000000; 0.007486]
[PlayerGotCard(0, King); PlayerAction(0, Raise); PlayerAction(1, Call); CommunityCardIs(Jack); PlayerAction(0, Raise); PlayerAction(1, Raise)] => [0.362726; 0.637274; 0.000000]
[PlayerGotCard(1, King); PlayerAction(0, Raise); PlayerAction(1, Call); CommunityCardIs(Jack); PlayerAction(0, Raise)] => [0.717573; 0.261728; 0.020699]
[PlayerGotCard(1, King); PlayerAction(0, Raise); PlayerAction(1, Call); CommunityCardIs(Jack); PlayerAction(0, Call); PlayerAction(1, Raise); PlayerAction(0, Raise)] => [0.755855; 0.244145; 0.000000]
[PlayerGotCard(0, King); PlayerAction(0, Raise); PlayerAction(1, Call); CommunityCardIs(Jack); PlayerAction(0, Call); PlayerAction(1, Raise)] => [0.987256; 0.004458; 0.008286]
[PlayerGotCard(1, King); PlayerAction(0, Raise); PlayerAction(1, Call); CommunityCardIs(Jack); PlayerAction(0, Call)] => [0.552867; 0.000000; 0.447133]
[PlayerGotCard(0, King); PlayerAction(0, Raise); PlayerAction(1, Call); CommunityCardIs(Jack)] => [0.923388; 0.000000; 0.076612]
[PlayerGotCard(1, King); PlayerAction(0, Raise)] => [0.405682; 0.000000; 0.594318]
[PlayerGotCard(0, King); PlayerAction(0, Call); PlayerAction(1, Raise); PlayerAction(0, Raise); PlayerAction(1, Call); CommunityCardIs(Queen); PlayerAction(0, Raise); PlayerAction(1, Raise)] => [0.074174; 0.925826; 0.000000]
[PlayerGotCard(1, King); PlayerAction(0, Call); PlayerAction(1, Raise); PlayerAction(0, Raise); PlayerAction(1, Call); CommunityCardIs(Queen); PlayerAction(0, Raise)] => [0.745234; 0.251770; 0.002996]
[PlayerGotCard(1, King); PlayerAction(0, Call); PlayerAction(1, Raise); PlayerAction(0, Raise); PlayerAction(1, Call); CommunityCardIs(Queen); PlayerAction(0, Call); PlayerAction(1, Raise); PlayerAction(0, Raise)] => [0.404958; 0.595042; 0.000000]
[PlayerGotCard(0, King); PlayerAction(0, Call); PlayerAction(1, Raise); PlayerAction(0, Raise); PlayerAction(1, Call); CommunityCardIs(Queen); PlayerAction(0, Call); PlayerAction(1, Raise)] => [0.666431; 0.273237; 0.060332]
[PlayerGotCard(1, King); PlayerAction(0, Call); PlayerAction(1, Raise); PlayerAction(0, Raise); PlayerAction(1, Call); CommunityCardIs(Queen); PlayerAction(0, Call)] => [0.359282; 0.000000; 0.640718]
[PlayerGotCard(0, King); PlayerAction(0, Call); PlayerAction(1, Raise); PlayerAction(0, Raise); PlayerAction(1, Call); CommunityCardIs(Queen)] => [0.989645; 0.000000; 0.010355]
[PlayerGotCard(0, King); PlayerAction(0, Call); PlayerAction(1, Raise); PlayerAction(0, Raise); PlayerAction(1, Call); CommunityCardIs(Jack); PlayerAction(0, Raise); PlayerAction(1, Raise)] => [0.499222; 0.500778; 0.000000]
[PlayerGotCard(1, King); PlayerAction(0, Call); PlayerAction(1, Raise); PlayerAction(0, Raise); PlayerAction(1, Call); CommunityCardIs(Jack); PlayerAction(0, Raise)] => [0.820131; 0.163698; 0.016171]
[PlayerGotCard(1, King); PlayerAction(0, Call); PlayerAction(1, Raise); PlayerAction(0, Raise); PlayerAction(1, Call); CommunityCardIs(Jack); PlayerAction(0, Call); PlayerAction(1, Raise); PlayerAction(0, Raise)] => [0.823967; 0.176033; 0.000000]
[PlayerGotCard(0, King); PlayerAction(0, Call); PlayerAction(1, Raise); PlayerAction(0, Raise); PlayerAction(1, Call); CommunityCardIs(Jack); PlayerAction(0, Call); PlayerAction(1, Raise)] => [0.990914; 0.002965; 0.006121]
[PlayerGotCard(1, King); PlayerAction(0, Call); PlayerAction(1, Raise); PlayerAction(0, Raise); PlayerAction(1, Call); CommunityCardIs(Jack); PlayerAction(0, Call)] => [0.507177; 0.000000; 0.492823]
[PlayerGotCard(0, King); PlayerAction(0, Call); PlayerAction(1, Raise); PlayerAction(0, Raise); PlayerAction(1, Call); CommunityCardIs(Jack)] => [0.869564; 0.000000; 0.130436]
[PlayerGotCard(1, King); PlayerAction(0, Call); PlayerAction(1, Raise); PlayerAction(0, Raise)] => [1.000000; 0.000000; 0.000000]
[PlayerGotCard(0, King); PlayerAction(0, Call); PlayerAction(1, Raise); PlayerAction(0, Call); CommunityCardIs(Queen); PlayerAction(0, Raise); PlayerAction(1, Raise)] => [0.007447; 0.992553; 0.000000]
[PlayerGotCard(1, King); PlayerAction(0, Call); PlayerAction(1, Raise); PlayerAction(0, Call); CommunityCardIs(Queen); PlayerAction(0, Raise)] => [0.430404; 0.556963; 0.012633]
[PlayerGotCard(1, King); PlayerAction(0, Call); PlayerAction(1, Raise); PlayerAction(0, Call); CommunityCardIs(Queen); PlayerAction(0, Call); PlayerAction(1, Raise); PlayerAction(0, Raise)] => [0.130945; 0.869055; 0.000000]
[PlayerGotCard(0, King); PlayerAction(0, Call); PlayerAction(1, Raise); PlayerAction(0, Call); CommunityCardIs(Queen); PlayerAction(0, Call); PlayerAction(1, Raise)] => [0.588950; 0.407053; 0.003997]
[PlayerGotCard(1, King); PlayerAction(0, Call); PlayerAction(1, Raise); PlayerAction(0, Call); CommunityCardIs(Queen); PlayerAction(0, Call)] => [0.636741; 0.000000; 0.363259]
[PlayerGotCard(0, King); PlayerAction(0, Call); PlayerAction(1, Raise); PlayerAction(0, Call); CommunityCardIs(Queen)] => [0.120058; 0.000000; 0.879942]
[PlayerGotCard(0, King); PlayerAction(0, Call); PlayerAction(1, Raise); PlayerAction(0, Call); CommunityCardIs(Jack); PlayerAction(0, Raise); PlayerAction(1, Raise)] => [0.000084; 0.999916; 0.000000]
[PlayerGotCard(1, King); PlayerAction(0, Call); PlayerAction(1, Raise); PlayerAction(0, Call); CommunityCardIs(Jack); PlayerAction(0, Raise)] => [0.718154; 0.277687; 0.004160]
[PlayerGotCard(1, King); PlayerAction(0, Call); PlayerAction(1, Raise); PlayerAction(0, Call); CommunityCardIs(Jack); PlayerAction(0, Call); PlayerAction(1, Raise); PlayerAction(0, Raise)] => [0.995094; 0.004906; 0.000000]
[PlayerGotCard(0, King); PlayerAction(0, Call); PlayerAction(1, Raise); PlayerAction(0, Call); CommunityCardIs(Jack); PlayerAction(0, Call); PlayerAction(1, Raise)] => [0.994976; 0.004812; 0.000212]
[PlayerGotCard(1, King); PlayerAction(0, Call); PlayerAction(1, Raise); PlayerAction(0, Call); CommunityCardIs(Jack); PlayerAction(0, Call)] => [0.861248; 0.000000; 0.138752]
[PlayerGotCard(0, King); PlayerAction(0, Call); PlayerAction(1, Raise); PlayerAction(0, Call); CommunityCardIs(Jack)] => [0.996718; 0.000000; 0.003282]
[PlayerGotCard(0, King); PlayerAction(0, Call); PlayerAction(1, Raise)] => [0.373735; 0.000000; 0.626265]
[PlayerGotCard(0, King); PlayerAction(0, Call); PlayerAction(1, Call); CommunityCardIs(Queen); PlayerAction(0, Raise); PlayerAction(1, Raise)] => [0.998301; 0.001699; 0.000000]
[PlayerGotCard(1, King); PlayerAction(0, Call); PlayerAction(1, Call); CommunityCardIs(Queen); PlayerAction(0, Raise)] => [0.998334; 0.000113; 0.001553]
[PlayerGotCard(1, King); PlayerAction(0, Call); PlayerAction(1, Call); CommunityCardIs(Queen); PlayerAction(0, Call); PlayerAction(1, Raise); PlayerAction(0, Raise)] => [0.399031; 0.600969; 0.000000]
[PlayerGotCard(0, King); PlayerAction(0, Call); PlayerAction(1, Call); CommunityCardIs(Queen); PlayerAction(0, Call); PlayerAction(1, Raise)] => [0.471548; 0.523896; 0.004556]
[PlayerGotCard(1, King); PlayerAction(0, Call); PlayerAction(1, Call); CommunityCardIs(Queen); PlayerAction(0, Call)] => [0.989376; 0.000000; 0.010624]
[PlayerGotCard(0, King); PlayerAction(0, Call); PlayerAction(1, Call); CommunityCardIs(Queen)] => [0.990028; 0.000000; 0.009972]
[PlayerGotCard(0, King); PlayerAction(0, Call); PlayerAction(1, Call); CommunityCardIs(Jack); PlayerAction(0, Raise); PlayerAction(1, Raise)] => [0.000541; 0.999459; 0.000000]
[PlayerGotCard(1, King); PlayerAction(0, Call); PlayerAction(1, Call); CommunityCardIs(Jack); PlayerAction(0, Raise)] => [0.000032; 0.999775; 0.000192]
[PlayerGotCard(1, King); PlayerAction(0, Call); PlayerAction(1, Call); CommunityCardIs(Jack); PlayerAction(0, Call); PlayerAction(1, Raise); PlayerAction(0, Raise)] => [0.000002; 0.999998; 0.000000]
[PlayerGotCard(0, King); PlayerAction(0, Call); PlayerAction(1, Call); CommunityCardIs(Jack); PlayerAction(0, Call); PlayerAction(1, Raise)] => [0.000235; 0.999517; 0.000247]
[PlayerGotCard(1, King); PlayerAction(0, Call); PlayerAction(1, Call); CommunityCardIs(Jack); PlayerAction(0, Call)] => [0.993554; 0.000000; 0.006446]
[PlayerGotCard(0, King); PlayerAction(0, Call); PlayerAction(1, Call); CommunityCardIs(Jack)] => [0.998635; 0.000000; 0.001365]
[PlayerGotCard(1, King); PlayerAction(0, Call)] => [0.007759; 0.000000; 0.992241]
[PlayerGotCard(0, King)] => [0.251003; 0.000000; 0.748997]
[PlayerGotCard(0, King); PlayerAction(0, Raise); PlayerAction(1, Raise); PlayerAction(0, Call); CommunityCardIs(King); PlayerAction(0, Raise); PlayerAction(1, Raise)] => [1.000000; 0.000000; 0.000000]
[PlayerGotCard(1, Queen); PlayerAction(0, Raise); PlayerAction(1, Raise); PlayerAction(0, Call); CommunityCardIs(King); PlayerAction(0, Raise)] => [0.449350; 0.536502; 0.014148]
[PlayerGotCard(1, Queen); PlayerAction(0, Raise); PlayerAction(1, Raise); PlayerAction(0, Call); CommunityCardIs(King); PlayerAction(0, Call); PlayerAction(1, Raise); PlayerAction(0, Raise)] => [0.042776; 0.957224; 0.000000]
[PlayerGotCard(0, King); PlayerAction(0, Raise); PlayerAction(1, Raise); PlayerAction(0, Call); CommunityCardIs(King); PlayerAction(0, Call); PlayerAction(1, Raise)] => [0.000000; 0.000000; 1.000000]
[PlayerGotCard(1, Queen); PlayerAction(0, Raise); PlayerAction(1, Raise); PlayerAction(0, Call); CommunityCardIs(King); PlayerAction(0, Call)] => [0.580166; 0.000000; 0.419834]
[PlayerGotCard(0, King); PlayerAction(0, Raise); PlayerAction(1, Raise); PlayerAction(0, Call); CommunityCardIs(King)] => [0.469983; 0.000000; 0.530017]
[PlayerGotCard(1, Queen); PlayerAction(0, Raise); PlayerAction(1, Raise); PlayerAction(0, Call); CommunityCardIs(Queen); PlayerAction(0, Raise)] => [0.000000; 0.000000; 1.000000]
[PlayerGotCard(1, Queen); PlayerAction(0, Raise); PlayerAction(1, Raise); PlayerAction(0, Call); CommunityCardIs(Queen); PlayerAction(0, Call); PlayerAction(1, Raise); PlayerAction(0, Raise)] => [1.000000; 0.000000; 0.000000]
[PlayerGotCard(1, Queen); PlayerAction(0, Raise); PlayerAction(1, Raise); PlayerAction(0, Call); CommunityCardIs(Queen); PlayerAction(0, Call)] => [0.000000; 0.000000; 1.000000]
[PlayerGotCard(1, Queen); PlayerAction(0, Raise); PlayerAction(1, Raise); PlayerAction(0, Call); CommunityCardIs(Jack); PlayerAction(0, Raise)] => [0.000257; 0.982610; 0.017133]
[PlayerGotCard(1, Queen); PlayerAction(0, Raise); PlayerAction(1, Raise); PlayerAction(0, Call); CommunityCardIs(Jack); PlayerAction(0, Call); PlayerAction(1, Raise); PlayerAction(0, Raise)] => [0.002011; 0.997989; 0.000000]
[PlayerGotCard(1, Queen); PlayerAction(0, Raise); PlayerAction(1, Raise); PlayerAction(0, Call); CommunityCardIs(Jack); PlayerAction(0, Call)] => [0.975141; 0.000000; 0.024859]
[PlayerGotCard(0, King); PlayerAction(0, Raise); PlayerAction(1, Call); CommunityCardIs(King); PlayerAction(0, Raise); PlayerAction(1, Raise)] => [1.000000; 0.000000; 0.000000]
[PlayerGotCard(1, Queen); PlayerAction(0, Raise); PlayerAction(1, Call); CommunityCardIs(King); PlayerAction(0, Raise)] => [0.284370; 0.695342; 0.020288]
[PlayerGotCard(1, Queen); PlayerAction(0, Raise); PlayerAction(1, Call); CommunityCardIs(King); PlayerAction(0, Call); PlayerAction(1, Raise); PlayerAction(0, Raise)] => [0.011449; 0.988551; 0.000000]
[PlayerGotCard(0, King); PlayerAction(0, Raise); PlayerAction(1, Call); CommunityCardIs(King); PlayerAction(0, Call); PlayerAction(1, Raise)] => [0.000000; 0.000000; 1.000000]
[PlayerGotCard(1, Queen); PlayerAction(0, Raise); PlayerAction(1, Call); CommunityCardIs(King); PlayerAction(0, Call)] => [0.607022; 0.000000; 0.392978]
[PlayerGotCard(0, King); PlayerAction(0, Raise); PlayerAction(1, Call); CommunityCardIs(King)] => [0.142914; 0.000000; 0.857086]
[PlayerGotCard(1, Queen); PlayerAction(0, Raise); PlayerAction(1, Call); CommunityCardIs(Queen); PlayerAction(0, Raise)] => [0.000000; 0.000000; 1.000000]
[PlayerGotCard(1, Queen); PlayerAction(0, Raise); PlayerAction(1, Call); CommunityCardIs(Queen); PlayerAction(0, Call); PlayerAction(1, Raise); PlayerAction(0, Raise)] => [1.000000; 0.000000; 0.000000]
[PlayerGotCard(1, Queen); PlayerAction(0, Raise); PlayerAction(1, Call); CommunityCardIs(Queen); PlayerAction(0, Call)] => [0.000000; 0.000000; 1.000000]
[PlayerGotCard(1, Queen); PlayerAction(0, Raise); PlayerAction(1, Call); CommunityCardIs(Jack); PlayerAction(0, Raise)] => [0.000192; 0.969802; 0.030006]
[PlayerGotCard(1, Queen); PlayerAction(0, Raise); PlayerAction(1, Call); CommunityCardIs(Jack); PlayerAction(0, Call); PlayerAction(1, Raise); PlayerAction(0, Raise)] => [0.000661; 0.999339; 0.000000]
[PlayerGotCard(1, Queen); PlayerAction(0, Raise); PlayerAction(1, Call); CommunityCardIs(Jack); PlayerAction(0, Call)] => [0.980796; 0.000000; 0.019204]
[PlayerGotCard(1, Queen); PlayerAction(0, Raise)] => [0.607537; 0.006289; 0.386174]
[PlayerGotCard(0, King); PlayerAction(0, Call); PlayerAction(1, Raise); PlayerAction(0, Raise); PlayerAction(1, Call); CommunityCardIs(King); PlayerAction(0, Raise); PlayerAction(1, Raise)] => [1.000000; 0.000000; 0.000000]
[PlayerGotCard(1, Queen); PlayerAction(0, Call); PlayerAction(1, Raise); PlayerAction(0, Raise); PlayerAction(1, Call); CommunityCardIs(King); PlayerAction(0, Raise)] => [0.262629; 0.721950; 0.015420]
[PlayerGotCard(1, Queen); PlayerAction(0, Call); PlayerAction(1, Raise); PlayerAction(0, Raise); PlayerAction(1, Call); CommunityCardIs(King); PlayerAction(0, Call); PlayerAction(1, Raise); PlayerAction(0, Raise)] => [0.000035; 0.999965; 0.000000]
[PlayerGotCard(0, King); PlayerAction(0, Call); PlayerAction(1, Raise); PlayerAction(0, Raise); PlayerAction(1, Call); CommunityCardIs(King); PlayerAction(0, Call); PlayerAction(1, Raise)] => [0.000000; 0.000000; 1.000000]
[PlayerGotCard(1, Queen); PlayerAction(0, Call); PlayerAction(1, Raise); PlayerAction(0, Raise); PlayerAction(1, Call); CommunityCardIs(King); PlayerAction(0, Call)] => [0.615631; 0.000000; 0.384369]
[PlayerGotCard(0, King); PlayerAction(0, Call); PlayerAction(1, Raise); PlayerAction(0, Raise); PlayerAction(1, Call); CommunityCardIs(King)] => [0.012342; 0.000000; 0.987658]
[PlayerGotCard(1, Queen); PlayerAction(0, Call); PlayerAction(1, Raise); PlayerAction(0, Raise); PlayerAction(1, Call); CommunityCardIs(Queen); PlayerAction(0, Raise)] => [0.000000; 0.000000; 1.000000]
[PlayerGotCard(1, Queen); PlayerAction(0, Call); PlayerAction(1, Raise); PlayerAction(0, Raise); PlayerAction(1, Call); CommunityCardIs(Queen); PlayerAction(0, Call); PlayerAction(1, Raise); PlayerAction(0, Raise)] => [1.000000; 0.000000; 0.000000]
[PlayerGotCard(1, Queen); PlayerAction(0, Call); PlayerAction(1, Raise); PlayerAction(0, Raise); PlayerAction(1, Call); CommunityCardIs(Queen); PlayerAction(0, Call)] => [0.000000; 0.000000; 1.000000]
[PlayerGotCard(1, Queen); PlayerAction(0, Call); PlayerAction(1, Raise); PlayerAction(0, Raise); PlayerAction(1, Call); CommunityCardIs(Jack); PlayerAction(0, Raise)] => [0.000034; 0.959167; 0.040798]
[PlayerGotCard(1, Queen); PlayerAction(0, Call); PlayerAction(1, Raise); PlayerAction(0, Raise); PlayerAction(1, Call); CommunityCardIs(Jack); PlayerAction(0, Call); PlayerAction(1, Raise); PlayerAction(0, Raise)] => [0.000101; 0.999899; 0.000000]
[PlayerGotCard(1, Queen); PlayerAction(0, Call); PlayerAction(1, Raise); PlayerAction(0, Raise); PlayerAction(1, Call); CommunityCardIs(Jack); PlayerAction(0, Call)] => [0.989083; 0.000000; 0.010917]
[PlayerGotCard(1, Queen); PlayerAction(0, Call); PlayerAction(1, Raise); PlayerAction(0, Raise)] => [1.000000; 0.000000; 0.000000]
[PlayerGotCard(0, King); PlayerAction(0, Call); PlayerAction(1, Raise); PlayerAction(0, Call); CommunityCardIs(King); PlayerAction(0, Raise); PlayerAction(1, Raise)] => [1.000000; 0.000000; 0.000000]
[PlayerGotCard(1, Queen); PlayerAction(0, Call); PlayerAction(1, Raise); PlayerAction(0, Call); CommunityCardIs(King); PlayerAction(0, Raise)] => [0.408172; 0.585447; 0.006381]
[PlayerGotCard(1, Queen); PlayerAction(0, Call); PlayerAction(1, Raise); PlayerAction(0, Call); CommunityCardIs(King); PlayerAction(0, Call); PlayerAction(1, Raise); PlayerAction(0, Raise)] => [0.005797; 0.994203; 0.000000]
[PlayerGotCard(0, King); PlayerAction(0, Call); PlayerAction(1, Raise); PlayerAction(0, Call); CommunityCardIs(King); PlayerAction(0, Call); PlayerAction(1, Raise)] => [0.000000; 0.000000; 1.000000]
[PlayerGotCard(1, Queen); PlayerAction(0, Call); PlayerAction(1, Raise); PlayerAction(0, Call); CommunityCardIs(King); PlayerAction(0, Call)] => [0.624627; 0.000000; 0.375373]
[PlayerGotCard(0, King); PlayerAction(0, Call); PlayerAction(1, Raise); PlayerAction(0, Call); CommunityCardIs(King)] => [0.848200; 0.000000; 0.151800]
[PlayerGotCard(1, Queen); PlayerAction(0, Call); PlayerAction(1, Raise); PlayerAction(0, Call); CommunityCardIs(Queen); PlayerAction(0, Raise)] => [0.000000; 0.000000; 1.000000]
[PlayerGotCard(1, Queen); PlayerAction(0, Call); PlayerAction(1, Raise); PlayerAction(0, Call); CommunityCardIs(Queen); PlayerAction(0, Call); PlayerAction(1, Raise); PlayerAction(0, Raise)] => [1.000000; 0.000000; 0.000000]
[PlayerGotCard(1, Queen); PlayerAction(0, Call); PlayerAction(1, Raise); PlayerAction(0, Call); CommunityCardIs(Queen); PlayerAction(0, Call)] => [0.000000; 0.000000; 1.000000]
[PlayerGotCard(1, Queen); PlayerAction(0, Call); PlayerAction(1, Raise); PlayerAction(0, Call); CommunityCardIs(Jack); PlayerAction(0, Raise)] => [0.000796; 0.994888; 0.004316]
[PlayerGotCard(1, Queen); PlayerAction(0, Call); PlayerAction(1, Raise); PlayerAction(0, Call); CommunityCardIs(Jack); PlayerAction(0, Call); PlayerAction(1, Raise); PlayerAction(0, Raise)] => [0.003148; 0.996852; 0.000000]
[PlayerGotCard(1, Queen); PlayerAction(0, Call); PlayerAction(1, Raise); PlayerAction(0, Call); CommunityCardIs(Jack); PlayerAction(0, Call)] => [0.486433; 0.000000; 0.513567]
[PlayerGotCard(0, King); PlayerAction(0, Call); PlayerAction(1, Call); CommunityCardIs(King); PlayerAction(0, Raise); PlayerAction(1, Raise)] => [1.000000; 0.000000; 0.000000]
[PlayerGotCard(1, Queen); PlayerAction(0, Call); PlayerAction(1, Call); CommunityCardIs(King); PlayerAction(0, Raise)] => [0.674388; 0.319020; 0.006592]
[PlayerGotCard(1, Queen); PlayerAction(0, Call); PlayerAction(1, Call); CommunityCardIs(King); PlayerAction(0, Call); PlayerAction(1, Raise); PlayerAction(0, Raise)] => [0.998821; 0.001179; 0.000000]
[PlayerGotCard(0, King); PlayerAction(0, Call); PlayerAction(1, Call); CommunityCardIs(King); PlayerAction(0, Call); PlayerAction(1, Raise)] => [0.000000; 0.000000; 1.000000]
[PlayerGotCard(1, Queen); PlayerAction(0, Call); PlayerAction(1, Call); CommunityCardIs(King); PlayerAction(0, Call)] => [0.720498; 0.000000; 0.279502]
[PlayerGotCard(0, King); PlayerAction(0, Call); PlayerAction(1, Call); CommunityCardIs(King)] => [0.007641; 0.000000; 0.992359]
[PlayerGotCard(1, Queen); PlayerAction(0, Call); PlayerAction(1, Call); CommunityCardIs(Queen); PlayerAction(0, Raise)] => [0.000000; 0.000000; 1.000000]
[PlayerGotCard(1, Queen); PlayerAction(0, Call); PlayerAction(1, Call); CommunityCardIs(Queen); PlayerAction(0, Call); PlayerAction(1, Raise); PlayerAction(0, Raise)] => [1.000000; 0.000000; 0.000000]
[PlayerGotCard(1, Queen); PlayerAction(0, Call); PlayerAction(1, Call); CommunityCardIs(Queen); PlayerAction(0, Call)] => [0.000000; 0.000000; 1.000000]
[PlayerGotCard(1, Queen); PlayerAction(0, Call); PlayerAction(1, Call); CommunityCardIs(Jack); PlayerAction(0, Raise)] => [0.000036; 0.997270; 0.002694]
[PlayerGotCard(1, Queen); PlayerAction(0, Call); PlayerAction(1, Call); CommunityCardIs(Jack); PlayerAction(0, Call); PlayerAction(1, Raise); PlayerAction(0, Raise)] => [0.000065; 0.999935; 0.000000]
[PlayerGotCard(1, Queen); PlayerAction(0, Call); PlayerAction(1, Call); CommunityCardIs(Jack); PlayerAction(0, Call)] => [0.983617; 0.000000; 0.016383]
[PlayerGotCard(1, Queen); PlayerAction(0, Call)] => [0.155193; 0.000000; 0.844807]
[PlayerGotCard(1, Jack); PlayerAction(0, Raise); PlayerAction(1, Raise); PlayerAction(0, Call); CommunityCardIs(King); PlayerAction(0, Raise)] => [0.000005; 0.623657; 0.376338]
[PlayerGotCard(1, Jack); PlayerAction(0, Raise); PlayerAction(1, Raise); PlayerAction(0, Call); CommunityCardIs(King); PlayerAction(0, Call); PlayerAction(1, Raise); PlayerAction(0, Raise)] => [0.004374; 0.995626; 0.000000]
[PlayerGotCard(1, Jack); PlayerAction(0, Raise); PlayerAction(1, Raise); PlayerAction(0, Call); CommunityCardIs(King); PlayerAction(0, Call)] => [0.006892; 0.000000; 0.993108]
[PlayerGotCard(1, Jack); PlayerAction(0, Raise); PlayerAction(1, Raise); PlayerAction(0, Call); CommunityCardIs(Queen); PlayerAction(0, Raise)] => [0.000000; 0.625523; 0.374477]
[PlayerGotCard(1, Jack); PlayerAction(0, Raise); PlayerAction(1, Raise); PlayerAction(0, Call); CommunityCardIs(Queen); PlayerAction(0, Call); PlayerAction(1, Raise); PlayerAction(0, Raise)] => [0.000013; 0.999987; 0.000000]
[PlayerGotCard(1, Jack); PlayerAction(0, Raise); PlayerAction(1, Raise); PlayerAction(0, Call); CommunityCardIs(Queen); PlayerAction(0, Call)] => [0.991865; 0.000000; 0.008135]
[PlayerGotCard(1, Jack); PlayerAction(0, Raise); PlayerAction(1, Raise); PlayerAction(0, Call); CommunityCardIs(Jack); PlayerAction(0, Raise)] => [0.000000; 0.000000; 1.000000]
[PlayerGotCard(1, Jack); PlayerAction(0, Raise); PlayerAction(1, Raise); PlayerAction(0, Call); CommunityCardIs(Jack); PlayerAction(0, Call); PlayerAction(1, Raise); PlayerAction(0, Raise)] => [1.000000; 0.000000; 0.000000]
[PlayerGotCard(1, Jack); PlayerAction(0, Raise); PlayerAction(1, Raise); PlayerAction(0, Call); CommunityCardIs(Jack); PlayerAction(0, Call)] => [0.000000; 0.000000; 1.000000]
[PlayerGotCard(1, Jack); PlayerAction(0, Raise); PlayerAction(1, Call); CommunityCardIs(King); PlayerAction(0, Raise)] => [0.000000; 0.633597; 0.366403]
[PlayerGotCard(1, Jack); PlayerAction(0, Raise); PlayerAction(1, Call); CommunityCardIs(King); PlayerAction(0, Call); PlayerAction(1, Raise); PlayerAction(0, Raise)] => [0.001214; 0.998786; 0.000000]
[PlayerGotCard(1, Jack); PlayerAction(0, Raise); PlayerAction(1, Call); CommunityCardIs(King); PlayerAction(0, Call)] => [0.622386; 0.000000; 0.377614]
[PlayerGotCard(1, Jack); PlayerAction(0, Raise); PlayerAction(1, Call); CommunityCardIs(Queen); PlayerAction(0, Raise)] => [0.004583; 0.979368; 0.016048]
[PlayerGotCard(1, Jack); PlayerAction(0, Raise); PlayerAction(1, Call); CommunityCardIs(Queen); PlayerAction(0, Call); PlayerAction(1, Raise); PlayerAction(0, Raise)] => [0.000016; 0.999984; 0.000000]
[PlayerGotCard(1, Jack); PlayerAction(0, Raise); PlayerAction(1, Call); CommunityCardIs(Queen); PlayerAction(0, Call)] => [0.027717; 0.000000; 0.972283]
[PlayerGotCard(1, Jack); PlayerAction(0, Raise); PlayerAction(1, Call); CommunityCardIs(Jack); PlayerAction(0, Raise)] => [0.000000; 0.000000; 1.000000]
[PlayerGotCard(1, Jack); PlayerAction(0, Raise); PlayerAction(1, Call); CommunityCardIs(Jack); PlayerAction(0, Call); PlayerAction(1, Raise); PlayerAction(0, Raise)] => [1.000000; 0.000000; 0.000000]
[PlayerGotCard(1, Jack); PlayerAction(0, Raise); PlayerAction(1, Call); CommunityCardIs(Jack); PlayerAction(0, Call)] => [0.000000; 0.000000; 1.000000]
[PlayerGotCard(1, Jack); PlayerAction(0, Raise)] => [0.122515; 0.813774; 0.063711]
[PlayerGotCard(1, Jack); PlayerAction(0, Call); PlayerAction(1, Raise); PlayerAction(0, Raise); PlayerAction(1, Call); CommunityCardIs(King); PlayerAction(0, Raise)] => [0.000326; 0.775949; 0.223724]
[PlayerGotCard(1, Jack); PlayerAction(0, Call); PlayerAction(1, Raise); PlayerAction(0, Raise); PlayerAction(1, Call); CommunityCardIs(King); PlayerAction(0, Call); PlayerAction(1, Raise); PlayerAction(0, Raise)] => [0.000022; 0.999978; 0.000000]
[PlayerGotCard(1, Jack); PlayerAction(0, Call); PlayerAction(1, Raise); PlayerAction(0, Raise); PlayerAction(1, Call); CommunityCardIs(King); PlayerAction(0, Call)] => [0.791186; 0.000000; 0.208814]
[PlayerGotCard(1, Jack); PlayerAction(0, Call); PlayerAction(1, Raise); PlayerAction(0, Raise); PlayerAction(1, Call); CommunityCardIs(Queen); PlayerAction(0, Raise)] => [0.000008; 0.749385; 0.250607]
[PlayerGotCard(1, Jack); PlayerAction(0, Call); PlayerAction(1, Raise); PlayerAction(0, Raise); PlayerAction(1, Call); CommunityCardIs(Queen); PlayerAction(0, Call); PlayerAction(1, Raise); PlayerAction(0, Raise)] => [0.001681; 0.998319; 0.000000]
[PlayerGotCard(1, Jack); PlayerAction(0, Call); PlayerAction(1, Raise); PlayerAction(0, Raise); PlayerAction(1, Call); CommunityCardIs(Queen); PlayerAction(0, Call)] => [0.978679; 0.000000; 0.021321]
[PlayerGotCard(1, Jack); PlayerAction(0, Call); PlayerAction(1, Raise); PlayerAction(0, Raise); PlayerAction(1, Call); CommunityCardIs(Jack); PlayerAction(0, Raise)] => [0.000000; 0.000000; 1.000000]
[PlayerGotCard(1, Jack); PlayerAction(0, Call); PlayerAction(1, Raise); PlayerAction(0, Raise); PlayerAction(1, Call); CommunityCardIs(Jack); PlayerAction(0, Call); PlayerAction(1, Raise); PlayerAction(0, Raise)] => [1.000000; 0.000000; 0.000000]
[PlayerGotCard(1, Jack); PlayerAction(0, Call); PlayerAction(1, Raise); PlayerAction(0, Raise); PlayerAction(1, Call); CommunityCardIs(Jack); PlayerAction(0, Call)] => [0.000000; 0.000000; 1.000000]
[PlayerGotCard(1, Jack); PlayerAction(0, Call); PlayerAction(1, Raise); PlayerAction(0, Raise)] => [1.000000; 0.000000; 0.000000]
[PlayerGotCard(1, Jack); PlayerAction(0, Call); PlayerAction(1, Raise); PlayerAction(0, Call); CommunityCardIs(King); PlayerAction(0, Raise)] => [0.000123; 0.813070; 0.186807]
[PlayerGotCard(1, Jack); PlayerAction(0, Call); PlayerAction(1, Raise); PlayerAction(0, Call); CommunityCardIs(King); PlayerAction(0, Call); PlayerAction(1, Raise); PlayerAction(0, Raise)] => [0.001269; 0.998731; 0.000000]
[PlayerGotCard(1, Jack); PlayerAction(0, Call); PlayerAction(1, Raise); PlayerAction(0, Call); CommunityCardIs(King); PlayerAction(0, Call)] => [0.504878; 0.000000; 0.495122]
[PlayerGotCard(1, Jack); PlayerAction(0, Call); PlayerAction(1, Raise); PlayerAction(0, Call); CommunityCardIs(Queen); PlayerAction(0, Raise)] => [0.000492; 0.925617; 0.073891]
[PlayerGotCard(1, Jack); PlayerAction(0, Call); PlayerAction(1, Raise); PlayerAction(0, Call); CommunityCardIs(Queen); PlayerAction(0, Call); PlayerAction(1, Raise); PlayerAction(0, Raise)] => [0.000000; 1.000000; 0.000000]
[PlayerGotCard(1, Jack); PlayerAction(0, Call); PlayerAction(1, Raise); PlayerAction(0, Call); CommunityCardIs(Queen); PlayerAction(0, Call)] => [0.679886; 0.000000; 0.320114]
[PlayerGotCard(1, Jack); PlayerAction(0, Call); PlayerAction(1, Raise); PlayerAction(0, Call); CommunityCardIs(Jack); PlayerAction(0, Raise)] => [0.000000; 0.000000; 1.000000]
[PlayerGotCard(1, Jack); PlayerAction(0, Call); PlayerAction(1, Raise); PlayerAction(0, Call); CommunityCardIs(Jack); PlayerAction(0, Call); PlayerAction(1, Raise); PlayerAction(0, Raise)] => [1.000000; 0.000000; 0.000000]
[PlayerGotCard(1, Jack); PlayerAction(0, Call); PlayerAction(1, Raise); PlayerAction(0, Call); CommunityCardIs(Jack); PlayerAction(0, Call)] => [0.000000; 0.000000; 1.000000]
[PlayerGotCard(1, Jack); PlayerAction(0, Call); PlayerAction(1, Call); CommunityCardIs(King); PlayerAction(0, Raise)] => [0.000770; 0.994961; 0.004269]
[PlayerGotCard(1, Jack); PlayerAction(0, Call); PlayerAction(1, Call); CommunityCardIs(King); PlayerAction(0, Call); PlayerAction(1, Raise); PlayerAction(0, Raise)] => [0.012887; 0.987113; 0.000000]
[PlayerGotCard(1, Jack); PlayerAction(0, Call); PlayerAction(1, Call); CommunityCardIs(King); PlayerAction(0, Call)] => [0.980371; 0.000000; 0.019629]
[PlayerGotCard(1, Jack); PlayerAction(0, Call); PlayerAction(1, Call); CommunityCardIs(Queen); PlayerAction(0, Raise)] => [0.004386; 0.963923; 0.031691]
[PlayerGotCard(1, Jack); PlayerAction(0, Call); PlayerAction(1, Call); CommunityCardIs(Queen); PlayerAction(0, Call); PlayerAction(1, Raise); PlayerAction(0, Raise)] => [0.004633; 0.995367; 0.000000]
[PlayerGotCard(1, Jack); PlayerAction(0, Call); PlayerAction(1, Call); CommunityCardIs(Queen); PlayerAction(0, Call)] => [0.937304; 0.000000; 0.062696]
[PlayerGotCard(1, Jack); PlayerAction(0, Call); PlayerAction(1, Call); CommunityCardIs(Jack); PlayerAction(0, Raise)] => [0.000000; 0.000000; 1.000000]
[PlayerGotCard(1, Jack); PlayerAction(0, Call); PlayerAction(1, Call); CommunityCardIs(Jack); PlayerAction(0, Call); PlayerAction(1, Raise); PlayerAction(0, Raise)] => [1.000000; 0.000000; 0.000000]
[PlayerGotCard(1, Jack); PlayerAction(0, Call); PlayerAction(1, Call); CommunityCardIs(Jack); PlayerAction(0, Call)] => [0.000000; 0.000000; 1.000000]
[PlayerGotCard(1, Jack); PlayerAction(0, Call)] => [0.677817; 0.000000; 0.322183]
[PlayerGotCard(0, Queen); PlayerAction(0, Raise); PlayerAction(1, Raise); PlayerAction(0, Call); CommunityCardIs(King); PlayerAction(0, Raise); PlayerAction(1, Raise)] => [0.004252; 0.995748; 0.000000]
[PlayerGotCard(1, King); PlayerAction(0, Raise); PlayerAction(1, Raise); PlayerAction(0, Call); CommunityCardIs(King); PlayerAction(0, Raise)] => [0.000000; 0.000000; 1.000000]
[PlayerGotCard(1, King); PlayerAction(0, Raise); PlayerAction(1, Raise); PlayerAction(0, Call); CommunityCardIs(King); PlayerAction(0, Call); PlayerAction(1, Raise); PlayerAction(0, Raise)] => [1.000000; 0.000000; 0.000000]
[PlayerGotCard(0, Queen); PlayerAction(0, Raise); PlayerAction(1, Raise); PlayerAction(0, Call); CommunityCardIs(King); PlayerAction(0, Call); PlayerAction(1, Raise)] => [0.280723; 0.711291; 0.007986]
[PlayerGotCard(1, King); PlayerAction(0, Raise); PlayerAction(1, Raise); PlayerAction(0, Call); CommunityCardIs(King); PlayerAction(0, Call)] => [0.000000; 0.000000; 1.000000]
[PlayerGotCard(0, Queen); PlayerAction(0, Raise); PlayerAction(1, Raise); PlayerAction(0, Call); CommunityCardIs(King)] => [0.892377; 0.000000; 0.107623]
[PlayerGotCard(0, Queen); PlayerAction(0, Raise); PlayerAction(1, Raise); PlayerAction(0, Call); CommunityCardIs(Queen); PlayerAction(0, Raise); PlayerAction(1, Raise)] => [1.000000; 0.000000; 0.000000]
[PlayerGotCard(0, Queen); PlayerAction(0, Raise); PlayerAction(1, Raise); PlayerAction(0, Call); CommunityCardIs(Queen); PlayerAction(0, Call); PlayerAction(1, Raise)] => [0.000000; 0.000000; 1.000000]
[PlayerGotCard(0, Queen); PlayerAction(0, Raise); PlayerAction(1, Raise); PlayerAction(0, Call); CommunityCardIs(Queen)] => [0.010936; 0.000000; 0.989064]
[PlayerGotCard(0, Queen); PlayerAction(0, Raise); PlayerAction(1, Raise); PlayerAction(0, Call); CommunityCardIs(Jack); PlayerAction(0, Raise); PlayerAction(1, Raise)] => [0.004773; 0.995227; 0.000000]
[PlayerGotCard(0, Queen); PlayerAction(0, Raise); PlayerAction(1, Raise); PlayerAction(0, Call); CommunityCardIs(Jack); PlayerAction(0, Call); PlayerAction(1, Raise)] => [0.000303; 0.998847; 0.000850]
[PlayerGotCard(0, Queen); PlayerAction(0, Raise); PlayerAction(1, Raise); PlayerAction(0, Call); CommunityCardIs(Jack)] => [0.991321; 0.000000; 0.008679]
[PlayerGotCard(0, Queen); PlayerAction(0, Raise); PlayerAction(1, Raise)] => [1.000000; 0.000000; 0.000000]
[PlayerGotCard(0, Queen); PlayerAction(0, Raise); PlayerAction(1, Call); CommunityCardIs(King); PlayerAction(0, Raise); PlayerAction(1, Raise)] => [0.240843; 0.759157; 0.000000]
[PlayerGotCard(1, King); PlayerAction(0, Raise); PlayerAction(1, Call); CommunityCardIs(King); PlayerAction(0, Raise)] => [0.000000; 0.000000; 1.000000]
[PlayerGotCard(1, King); PlayerAction(0, Raise); PlayerAction(1, Call); CommunityCardIs(King); PlayerAction(0, Call); PlayerAction(1, Raise); PlayerAction(0, Raise)] => [1.000000; 0.000000; 0.000000]
[PlayerGotCard(0, Queen); PlayerAction(0, Raise); PlayerAction(1, Call); CommunityCardIs(King); PlayerAction(0, Call); PlayerAction(1, Raise)] => [0.495183; 0.474529; 0.030288]
[PlayerGotCard(1, King); PlayerAction(0, Raise); PlayerAction(1, Call); CommunityCardIs(King); PlayerAction(0, Call)] => [0.000000; 0.000000; 1.000000]
[PlayerGotCard(0, Queen); PlayerAction(0, Raise); PlayerAction(1, Call); CommunityCardIs(King)] => [0.479994; 0.000000; 0.520006]
[PlayerGotCard(0, Queen); PlayerAction(0, Raise); PlayerAction(1, Call); CommunityCardIs(Queen); PlayerAction(0, Raise); PlayerAction(1, Raise)] => [1.000000; 0.000000; 0.000000]
[PlayerGotCard(0, Queen); PlayerAction(0, Raise); PlayerAction(1, Call); CommunityCardIs(Queen); PlayerAction(0, Call); PlayerAction(1, Raise)] => [0.000000; 0.000000; 1.000000]
[PlayerGotCard(0, Queen); PlayerAction(0, Raise); PlayerAction(1, Call); CommunityCardIs(Queen)] => [0.396819; 0.000000; 0.603181]
[PlayerGotCard(0, Queen); PlayerAction(0, Raise); PlayerAction(1, Call); CommunityCardIs(Jack); PlayerAction(0, Raise); PlayerAction(1, Raise)] => [0.005189; 0.994811; 0.000000]
[PlayerGotCard(0, Queen); PlayerAction(0, Raise); PlayerAction(1, Call); CommunityCardIs(Jack); PlayerAction(0, Call); PlayerAction(1, Raise)] => [0.000259; 0.998874; 0.000867]
[PlayerGotCard(0, Queen); PlayerAction(0, Raise); PlayerAction(1, Call); CommunityCardIs(Jack)] => [0.984639; 0.000000; 0.015361]
[PlayerGotCard(0, Queen); PlayerAction(0, Call); PlayerAction(1, Raise); PlayerAction(0, Raise); PlayerAction(1, Call); CommunityCardIs(King); PlayerAction(0, Raise); PlayerAction(1, Raise)] => [0.008163; 0.991837; 0.000000]
[PlayerGotCard(1, King); PlayerAction(0, Call); PlayerAction(1, Raise); PlayerAction(0, Raise); PlayerAction(1, Call); CommunityCardIs(King); PlayerAction(0, Raise)] => [0.000000; 0.000000; 1.000000]
[PlayerGotCard(1, King); PlayerAction(0, Call); PlayerAction(1, Raise); PlayerAction(0, Raise); PlayerAction(1, Call); CommunityCardIs(King); PlayerAction(0, Call); PlayerAction(1, Raise); PlayerAction(0, Raise)] => [1.000000; 0.000000; 0.000000]
[PlayerGotCard(0, Queen); PlayerAction(0, Call); PlayerAction(1, Raise); PlayerAction(0, Raise); PlayerAction(1, Call); CommunityCardIs(King); PlayerAction(0, Call); PlayerAction(1, Raise)] => [0.005566; 0.982783; 0.011650]
[PlayerGotCard(1, King); PlayerAction(0, Call); PlayerAction(1, Raise); PlayerAction(0, Raise); PlayerAction(1, Call); CommunityCardIs(King); PlayerAction(0, Call)] => [0.000000; 0.000000; 1.000000]
[PlayerGotCard(0, Queen); PlayerAction(0, Call); PlayerAction(1, Raise); PlayerAction(0, Raise); PlayerAction(1, Call); CommunityCardIs(King)] => [0.020606; 0.000000; 0.979394]
[PlayerGotCard(0, Queen); PlayerAction(0, Call); PlayerAction(1, Raise); PlayerAction(0, Raise); PlayerAction(1, Call); CommunityCardIs(Queen); PlayerAction(0, Raise); PlayerAction(1, Raise)] => [1.000000; 0.000000; 0.000000]
[PlayerGotCard(0, Queen); PlayerAction(0, Call); PlayerAction(1, Raise); PlayerAction(0, Raise); PlayerAction(1, Call); CommunityCardIs(Queen); PlayerAction(0, Call); PlayerAction(1, Raise)] => [0.000000; 0.000000; 1.000000]
[PlayerGotCard(0, Queen); PlayerAction(0, Call); PlayerAction(1, Raise); PlayerAction(0, Raise); PlayerAction(1, Call); CommunityCardIs(Queen)] => [0.918351; 0.000000; 0.081649]
[PlayerGotCard(0, Queen); PlayerAction(0, Call); PlayerAction(1, Raise); PlayerAction(0, Raise); PlayerAction(1, Call); CommunityCardIs(Jack); PlayerAction(0, Raise); PlayerAction(1, Raise)] => [0.004655; 0.995345; 0.000000]
[PlayerGotCard(0, Queen); PlayerAction(0, Call); PlayerAction(1, Raise); PlayerAction(0, Raise); PlayerAction(1, Call); CommunityCardIs(Jack); PlayerAction(0, Call); PlayerAction(1, Raise)] => [0.000201; 0.999236; 0.000563]
[PlayerGotCard(0, Queen); PlayerAction(0, Call); PlayerAction(1, Raise); PlayerAction(0, Raise); PlayerAction(1, Call); CommunityCardIs(Jack)] => [0.987766; 0.000000; 0.012234]
[PlayerGotCard(0, Queen); PlayerAction(0, Call); PlayerAction(1, Raise); PlayerAction(0, Call); CommunityCardIs(King); PlayerAction(0, Raise); PlayerAction(1, Raise)] => [0.006868; 0.993132; 0.000000]
[PlayerGotCard(1, King); PlayerAction(0, Call); PlayerAction(1, Raise); PlayerAction(0, Call); CommunityCardIs(King); PlayerAction(0, Raise)] => [0.000000; 0.000000; 1.000000]
[PlayerGotCard(1, King); PlayerAction(0, Call); PlayerAction(1, Raise); PlayerAction(0, Call); CommunityCardIs(King); PlayerAction(0, Call); PlayerAction(1, Raise); PlayerAction(0, Raise)] => [1.000000; 0.000000; 0.000000]
[PlayerGotCard(0, Queen); PlayerAction(0, Call); PlayerAction(1, Raise); PlayerAction(0, Call); CommunityCardIs(King); PlayerAction(0, Call); PlayerAction(1, Raise)] => [0.536647; 0.455670; 0.007683]
[PlayerGotCard(1, King); PlayerAction(0, Call); PlayerAction(1, Raise); PlayerAction(0, Call); CommunityCardIs(King); PlayerAction(0, Call)] => [0.000000; 0.000000; 1.000000]
[PlayerGotCard(0, Queen); PlayerAction(0, Call); PlayerAction(1, Raise); PlayerAction(0, Call); CommunityCardIs(King)] => [0.986951; 0.000000; 0.013050]
[PlayerGotCard(0, Queen); PlayerAction(0, Call); PlayerAction(1, Raise); PlayerAction(0, Call); CommunityCardIs(Queen); PlayerAction(0, Raise); PlayerAction(1, Raise)] => [1.000000; 0.000000; 0.000000]
[PlayerGotCard(0, Queen); PlayerAction(0, Call); PlayerAction(1, Raise); PlayerAction(0, Call); CommunityCardIs(Queen); PlayerAction(0, Call); PlayerAction(1, Raise)] => [0.000000; 0.000000; 1.000000]
[PlayerGotCard(0, Queen); PlayerAction(0, Call); PlayerAction(1, Raise); PlayerAction(0, Call); CommunityCardIs(Queen)] => [0.005719; 0.000000; 0.994281]
[PlayerGotCard(0, Queen); PlayerAction(0, Call); PlayerAction(1, Raise); PlayerAction(0, Call); CommunityCardIs(Jack); PlayerAction(0, Raise); PlayerAction(1, Raise)] => [0.000884; 0.999116; 0.000000]
[PlayerGotCard(0, Queen); PlayerAction(0, Call); PlayerAction(1, Raise); PlayerAction(0, Call); CommunityCardIs(Jack); PlayerAction(0, Call); PlayerAction(1, Raise)] => [0.001871; 0.988707; 0.009422]
[PlayerGotCard(0, Queen); PlayerAction(0, Call); PlayerAction(1, Raise); PlayerAction(0, Call); CommunityCardIs(Jack)] => [0.970924; 0.000000; 0.029076]
[PlayerGotCard(0, Queen); PlayerAction(0, Call); PlayerAction(1, Raise)] => [0.887346; 0.005892; 0.106762]
[PlayerGotCard(0, Queen); PlayerAction(0, Call); PlayerAction(1, Call); CommunityCardIs(King); PlayerAction(0, Raise); PlayerAction(1, Raise)] => [0.009526; 0.990474; 0.000000]
[PlayerGotCard(1, King); PlayerAction(0, Call); PlayerAction(1, Call); CommunityCardIs(King); PlayerAction(0, Raise)] => [0.000000; 0.000000; 1.000000]
[PlayerGotCard(1, King); PlayerAction(0, Call); PlayerAction(1, Call); CommunityCardIs(King); PlayerAction(0, Call); PlayerAction(1, Raise); PlayerAction(0, Raise)] => [1.000000; 0.000000; 0.000000]
[PlayerGotCard(0, Queen); PlayerAction(0, Call); PlayerAction(1, Call); CommunityCardIs(King); PlayerAction(0, Call); PlayerAction(1, Raise)] => [0.998648; 0.001033; 0.000319]
[PlayerGotCard(1, King); PlayerAction(0, Call); PlayerAction(1, Call); CommunityCardIs(King); PlayerAction(0, Call)] => [0.000000; 0.000000; 1.000000]
[PlayerGotCard(0, Queen); PlayerAction(0, Call); PlayerAction(1, Call); CommunityCardIs(King)] => [0.993117; 0.000000; 0.006883]
[PlayerGotCard(0, Queen); PlayerAction(0, Call); PlayerAction(1, Call); CommunityCardIs(Queen); PlayerAction(0, Raise); PlayerAction(1, Raise)] => [1.000000; 0.000000; 0.000000]
[PlayerGotCard(0, Queen); PlayerAction(0, Call); PlayerAction(1, Call); CommunityCardIs(Queen); PlayerAction(0, Call); PlayerAction(1, Raise)] => [0.000000; 0.000000; 1.000000]
[PlayerGotCard(0, Queen); PlayerAction(0, Call); PlayerAction(1, Call); CommunityCardIs(Queen)] => [0.256951; 0.000000; 0.743049]
[PlayerGotCard(0, Queen); PlayerAction(0, Call); PlayerAction(1, Call); CommunityCardIs(Jack); PlayerAction(0, Raise); PlayerAction(1, Raise)] => [0.000355; 0.999645; 0.000000]
[PlayerGotCard(0, Queen); PlayerAction(0, Call); PlayerAction(1, Call); CommunityCardIs(Jack); PlayerAction(0, Call); PlayerAction(1, Raise)] => [0.000034; 0.999745; 0.000221]
[PlayerGotCard(0, Queen); PlayerAction(0, Call); PlayerAction(1, Call); CommunityCardIs(Jack)] => [0.998508; 0.000000; 0.001492]
[PlayerGotCard(0, Queen)] => [0.283604; 0.000000; 0.716396]
[PlayerGotCard(0, Jack); PlayerAction(0, Raise); PlayerAction(1, Raise); PlayerAction(0, Call); CommunityCardIs(King); PlayerAction(0, Raise); PlayerAction(1, Raise)] => [0.001112; 0.998888; 0.000000]
[PlayerGotCard(0, Jack); PlayerAction(0, Raise); PlayerAction(1, Raise); PlayerAction(0, Call); CommunityCardIs(King); PlayerAction(0, Call); PlayerAction(1, Raise)] => [0.002156; 0.007485; 0.990359]
[PlayerGotCard(0, Jack); PlayerAction(0, Raise); PlayerAction(1, Raise); PlayerAction(0, Call); CommunityCardIs(King)] => [0.419705; 0.000000; 0.580296]
[PlayerGotCard(0, Jack); PlayerAction(0, Raise); PlayerAction(1, Raise); PlayerAction(0, Call); CommunityCardIs(Queen); PlayerAction(0, Raise); PlayerAction(1, Raise)] => [0.003057; 0.996943; 0.000000]
[PlayerGotCard(0, Jack); PlayerAction(0, Raise); PlayerAction(1, Raise); PlayerAction(0, Call); CommunityCardIs(Queen); PlayerAction(0, Call); PlayerAction(1, Raise)] => [0.000009; 0.996249; 0.003742]
[PlayerGotCard(0, Jack); PlayerAction(0, Raise); PlayerAction(1, Raise); PlayerAction(0, Call); CommunityCardIs(Queen)] => [0.889763; 0.000000; 0.110237]
[PlayerGotCard(0, Jack); PlayerAction(0, Raise); PlayerAction(1, Raise); PlayerAction(0, Call); CommunityCardIs(Jack); PlayerAction(0, Raise); PlayerAction(1, Raise)] => [1.000000; 0.000000; 0.000000]
[PlayerGotCard(0, Jack); PlayerAction(0, Raise); PlayerAction(1, Raise); PlayerAction(0, Call); CommunityCardIs(Jack); PlayerAction(0, Call); PlayerAction(1, Raise)] => [0.000000; 0.000000; 1.000000]
[PlayerGotCard(0, Jack); PlayerAction(0, Raise); PlayerAction(1, Raise); PlayerAction(0, Call); CommunityCardIs(Jack)] => [0.019754; 0.000000; 0.980246]
[PlayerGotCard(0, Jack); PlayerAction(0, Raise); PlayerAction(1, Raise)] => [0.999998; 0.000002; 0.000000]
[PlayerGotCard(0, Jack); PlayerAction(0, Raise); PlayerAction(1, Call); CommunityCardIs(King); PlayerAction(0, Raise); PlayerAction(1, Raise)] => [0.002442; 0.997558; 0.000000]
[PlayerGotCard(0, Jack); PlayerAction(0, Raise); PlayerAction(1, Call); CommunityCardIs(King); PlayerAction(0, Call); PlayerAction(1, Raise)] => [0.001004; 0.003430; 0.995566]
[PlayerGotCard(0, Jack); PlayerAction(0, Raise); PlayerAction(1, Call); CommunityCardIs(King)] => [0.022203; 0.000000; 0.977797]
[PlayerGotCard(0, Jack); PlayerAction(0, Raise); PlayerAction(1, Call); CommunityCardIs(Queen); PlayerAction(0, Raise); PlayerAction(1, Raise)] => [0.000997; 0.999003; 0.000000]
[PlayerGotCard(0, Jack); PlayerAction(0, Raise); PlayerAction(1, Call); CommunityCardIs(Queen); PlayerAction(0, Call); PlayerAction(1, Raise)] => [0.001944; 0.991534; 0.006522]
[PlayerGotCard(0, Jack); PlayerAction(0, Raise); PlayerAction(1, Call); CommunityCardIs(Queen)] => [0.014993; 0.000000; 0.985007]
[PlayerGotCard(0, Jack); PlayerAction(0, Raise); PlayerAction(1, Call); CommunityCardIs(Jack); PlayerAction(0, Raise); PlayerAction(1, Raise)] => [1.000000; 0.000000; 0.000000]
[PlayerGotCard(0, Jack); PlayerAction(0, Raise); PlayerAction(1, Call); CommunityCardIs(Jack); PlayerAction(0, Call); PlayerAction(1, Raise)] => [0.000000; 0.000000; 1.000000]
[PlayerGotCard(0, Jack); PlayerAction(0, Raise); PlayerAction(1, Call); CommunityCardIs(Jack)] => [0.043770; 0.000000; 0.956230]
[PlayerGotCard(0, Jack); PlayerAction(0, Call); PlayerAction(1, Raise); PlayerAction(0, Raise); PlayerAction(1, Call); CommunityCardIs(King); PlayerAction(0, Raise); PlayerAction(1, Raise)] => [0.002267; 0.997733; 0.000000]
[PlayerGotCard(0, Jack); PlayerAction(0, Call); PlayerAction(1, Raise); PlayerAction(0, Raise); PlayerAction(1, Call); CommunityCardIs(King); PlayerAction(0, Call); PlayerAction(1, Raise)] => [0.000000; 0.000000; 1.000000]
[PlayerGotCard(0, Jack); PlayerAction(0, Call); PlayerAction(1, Raise); PlayerAction(0, Raise); PlayerAction(1, Call); CommunityCardIs(King)] => [0.000281; 0.000000; 0.999719]
[PlayerGotCard(0, Jack); PlayerAction(0, Call); PlayerAction(1, Raise); PlayerAction(0, Raise); PlayerAction(1, Call); CommunityCardIs(Queen); PlayerAction(0, Raise); PlayerAction(1, Raise)] => [0.011506; 0.988494; 0.000000]
[PlayerGotCard(0, Jack); PlayerAction(0, Call); PlayerAction(1, Raise); PlayerAction(0, Raise); PlayerAction(1, Call); CommunityCardIs(Queen); PlayerAction(0, Call); PlayerAction(1, Raise)] => [0.000017; 0.980741; 0.019242]
[PlayerGotCard(0, Jack); PlayerAction(0, Call); PlayerAction(1, Raise); PlayerAction(0, Raise); PlayerAction(1, Call); CommunityCardIs(Queen)] => [0.996696; 0.000000; 0.003304]
[PlayerGotCard(0, Jack); PlayerAction(0, Call); PlayerAction(1, Raise); PlayerAction(0, Raise); PlayerAction(1, Call); CommunityCardIs(Jack); PlayerAction(0, Raise); PlayerAction(1, Raise)] => [1.000000; 0.000000; 0.000000]
[PlayerGotCard(0, Jack); PlayerAction(0, Call); PlayerAction(1, Raise); PlayerAction(0, Raise); PlayerAction(1, Call); CommunityCardIs(Jack); PlayerAction(0, Call); PlayerAction(1, Raise)] => [0.000000; 0.000000; 1.000000]
[PlayerGotCard(0, Jack); PlayerAction(0, Call); PlayerAction(1, Raise); PlayerAction(0, Raise); PlayerAction(1, Call); CommunityCardIs(Jack)] => [0.031080; 0.000000; 0.968920]
[PlayerGotCard(0, Jack); PlayerAction(0, Call); PlayerAction(1, Raise); PlayerAction(0, Call); CommunityCardIs(King); PlayerAction(0, Raise); PlayerAction(1, Raise)] => [0.001427; 0.998573; 0.000000]
[PlayerGotCard(0, Jack); PlayerAction(0, Call); PlayerAction(1, Raise); PlayerAction(0, Call); CommunityCardIs(King); PlayerAction(0, Call); PlayerAction(1, Raise)] => [0.000227; 0.955409; 0.044363]
[PlayerGotCard(0, Jack); PlayerAction(0, Call); PlayerAction(1, Raise); PlayerAction(0, Call); CommunityCardIs(King)] => [0.938178; 0.000000; 0.061822]
[PlayerGotCard(0, Jack); PlayerAction(0, Call); PlayerAction(1, Raise); PlayerAction(0, Call); CommunityCardIs(Queen); PlayerAction(0, Raise); PlayerAction(1, Raise)] => [0.005435; 0.994565; 0.000000]
[PlayerGotCard(0, Jack); PlayerAction(0, Call); PlayerAction(1, Raise); PlayerAction(0, Call); CommunityCardIs(Queen); PlayerAction(0, Call); PlayerAction(1, Raise)] => [0.000262; 0.147754; 0.851984]
[PlayerGotCard(0, Jack); PlayerAction(0, Call); PlayerAction(1, Raise); PlayerAction(0, Call); CommunityCardIs(Queen)] => [0.005998; 0.000000; 0.994002]
[PlayerGotCard(0, Jack); PlayerAction(0, Call); PlayerAction(1, Raise); PlayerAction(0, Call); CommunityCardIs(Jack); PlayerAction(0, Raise); PlayerAction(1, Raise)] => [1.000000; 0.000000; 0.000000]
[PlayerGotCard(0, Jack); PlayerAction(0, Call); PlayerAction(1, Raise); PlayerAction(0, Call); CommunityCardIs(Jack); PlayerAction(0, Call); PlayerAction(1, Raise)] => [0.000000; 0.000000; 1.000000]
[PlayerGotCard(0, Jack); PlayerAction(0, Call); PlayerAction(1, Raise); PlayerAction(0, Call); CommunityCardIs(Jack)] => [0.077732; 0.000000; 0.922268]
[PlayerGotCard(0, Jack); PlayerAction(0, Call); PlayerAction(1, Raise)] => [0.041587; 0.933666; 0.024747]
[PlayerGotCard(0, Jack); PlayerAction(0, Call); PlayerAction(1, Call); CommunityCardIs(King); PlayerAction(0, Raise); PlayerAction(1, Raise)] => [0.383773; 0.616227; 0.000000]
[PlayerGotCard(0, Jack); PlayerAction(0, Call); PlayerAction(1, Call); CommunityCardIs(King); PlayerAction(0, Call); PlayerAction(1, Raise)] => [0.000417; 0.997014; 0.002569]
[PlayerGotCard(0, Jack); PlayerAction(0, Call); PlayerAction(1, Call); CommunityCardIs(King)] => [0.910860; 0.000000; 0.089140]
[PlayerGotCard(0, Jack); PlayerAction(0, Call); PlayerAction(1, Call); CommunityCardIs(Queen); PlayerAction(0, Raise); PlayerAction(1, Raise)] => [0.004006; 0.995994; 0.000000]
[PlayerGotCard(0, Jack); PlayerAction(0, Call); PlayerAction(1, Call); CommunityCardIs(Queen); PlayerAction(0, Call); PlayerAction(1, Raise)] => [0.001083; 0.992353; 0.006565]
[PlayerGotCard(0, Jack); PlayerAction(0, Call); PlayerAction(1, Call); CommunityCardIs(Queen)] => [0.801563; 0.000000; 0.198437]
[PlayerGotCard(0, Jack); PlayerAction(0, Call); PlayerAction(1, Call); CommunityCardIs(Jack); PlayerAction(0, Raise); PlayerAction(1, Raise)] => [1.000000; 0.000000; 0.000000]
[PlayerGotCard(0, Jack); PlayerAction(0, Call); PlayerAction(1, Call); CommunityCardIs(Jack); PlayerAction(0, Call); PlayerAction(1, Raise)] => [0.000000; 0.000000; 1.000000]
[PlayerGotCard(0, Jack); PlayerAction(0, Call); PlayerAction(1, Call); CommunityCardIs(Jack)] => [0.998558; 0.000000; 0.001442]
[PlayerGotCard(0, Jack)] => [0.919939; 0.000000; 0.080061]
}

