{i = 0; nearTo = 50}
{i = 10; nearTo = 50}
{i = 20; nearTo = 50}
{i = 30; nearTo = 50}
{i = 40; nearTo = 50}
{
[PlayerGotCard(0, King); PlayerAction(0, Raise); PlayerAction(1, Raise); PlayerAction(0, Call); CommunityCardIs(Queen); PlayerAction(0, Raise); PlayerAction(1, Raise)] => [0.418810; 0.581190; 0.000000]
[PlayerGotCard(1, King); PlayerAction(0, Raise); PlayerAction(1, Raise); PlayerAction(0, Call); CommunityCardIs(Queen); PlayerAction(0, Raise)] => [0.647328; 0.308142; 0.044530]
[PlayerGotCard(1, King); PlayerAction(0, Raise); PlayerAction(1, Raise); PlayerAction(0, Call); CommunityCardIs(Queen); PlayerAction(0, Call); PlayerAction(1, Raise); PlayerAction(0, Raise)] => [0.718090; 0.281910; 0.000000]
[PlayerGotCard(0, King); PlayerAction(0, Raise); PlayerAction(1, Raise); PlayerAction(0, Call); CommunityCardIs(Queen); PlayerAction(0, Call); PlayerAction(1, Raise)] => [0.879956; 0.101593; 0.018451]
[PlayerGotCard(1, King); PlayerAction(0, Raise); PlayerAction(1, Raise); PlayerAction(0, Call); CommunityCardIs(Queen); PlayerAction(0, Call)] => [0.586021; 0.000000; 0.413979]
[PlayerGotCard(0, King); PlayerAction(0, Raise); PlayerAction(1, Raise); PlayerAction(0, Call); CommunityCardIs(Queen)] => [0.676660; 0.000000; 0.323340]
[PlayerGotCard(0, King); PlayerAction(0, Raise); PlayerAction(1, Raise); PlayerAction(0, Call); CommunityCardIs(Jack); PlayerAction(0, Raise); PlayerAction(1, Raise)] => [0.644128; 0.355872; 0.000000]
[PlayerGotCard(1, King); PlayerAction(0, Raise); PlayerAction(1, Raise); PlayerAction(0, Call); CommunityCardIs(Jack); PlayerAction(0, Raise)] => [0.911371; 0.053898; 0.034731]
[PlayerGotCard(1, King); PlayerAction(0, Raise); PlayerAction(1, Raise); PlayerAction(0, Call); CommunityCardIs(Jack); PlayerAction(0, Call); PlayerAction(1, Raise); PlayerAction(0, Raise)] => [0.981340; 0.018660; 0.000000]
[PlayerGotCard(0, King); PlayerAction(0, Raise); PlayerAction(1, Raise); PlayerAction(0, Call); CommunityCardIs(Jack); PlayerAction(0, Call); PlayerAction(1, Raise)] => [0.965681; 0.012383; 0.021936]
[PlayerGotCard(1, King); PlayerAction(0, Raise); PlayerAction(1, Raise); PlayerAction(0, Call); CommunityCardIs(Jack); PlayerAction(0, Call)] => [0.538113; 0.000000; 0.461887]
[PlayerGotCard(0, King); PlayerAction(0, Raise); PlayerAction(1, Raise); PlayerAction(0, Call); CommunityCardIs(Jack)] => [0.933003; 0.000000; 0.066997]
[PlayerGotCard(0, King); PlayerAction(0, Raise); PlayerAction(1, Raise)] => [0.999787; 0.000213; 0.000000]
[PlayerGotCard(0, King); PlayerAction(0, Raise); PlayerAction(1, Call); CommunityCardIs(Queen); PlayerAction(0, Raise); PlayerAction(1, Raise)] => [0.842880; 0.157120; 0.000000]
[PlayerGotCard(1, King); PlayerAction(0, Raise); PlayerAction(1, Call); CommunityCardIs(Queen); PlayerAction(0, Raise)] => [0.379104; 0.588813; 0.032083]
[PlayerGotCard(1, King); PlayerAction(0, Raise); PlayerAction(1, Call); CommunityCardIs(Queen); PlayerAction(0, Call); PlayerAction(1, Raise); PlayerAction(0, Raise)] => [0.263740; 0.736260; 0.000000]
[PlayerGotCard(0, King); PlayerAction(0, Raise); PlayerAction(1, Call); CommunityCardIs(Queen); PlayerAction(0, Call); PlayerAction(1, Raise)] => [0.512483; 0.471729; 0.015789]
[PlayerGotCard(1, King); PlayerAction(0, Raise); PlayerAction(1, Call); CommunityCardIs(Queen); PlayerAction(0, Call)] => [0.962349; 0.000000; 0.037651]
[PlayerGotCard(0, King); PlayerAction(0, Raise); PlayerAction(1, Call); CommunityCardIs(Queen)] => [0.979613; 0.000000; 0.020387]
[PlayerGotCard(0, King); PlayerAction(0, Raise); PlayerAction(1, Call); CommunityCardIs(Jack); PlayerAction(0, Raise); PlayerAction(1, Raise)] => [0.742213; 0.257787; 0.000000]
[PlayerGotCard(1, King); PlayerAction(0, Raise); PlayerAction(1, Call); CommunityCardIs(Jack); PlayerAction(0, Raise)] => [0.675402; 0.272518; 0.052081]
[PlayerGotCard(1, King); PlayerAction(0, Raise); PlayerAction(1, Call); CommunityCardIs(Jack); PlayerAction(0, Call); PlayerAction(1, Raise); PlayerAction(0, Raise)] => [0.483544; 0.516456; 0.000000]
[PlayerGotCard(0, King); PlayerAction(0, Raise); PlayerAction(1, Call); CommunityCardIs(Jack); PlayerAction(0, Call); PlayerAction(1, Raise)] => [0.863937; 0.127569; 0.008494]
[PlayerGotCard(1, King); PlayerAction(0, Raise); PlayerAction(1, Call); CommunityCardIs(Jack); PlayerAction(0, Call)] => [0.610620; 0.000000; 0.389380]
[PlayerGotCard(0, King); PlayerAction(0, Raise); PlayerAction(1, Call); CommunityCardIs(Jack)] => [0.987469; 0.000000; 0.012531]
[PlayerGotCard(1, King); PlayerAction(0, Raise)] => [0.113418; 0.000215; 0.886367]
[PlayerGotCard(0, King); PlayerAction(0, Call); PlayerAction(1, Raise); PlayerAction(0, Raise); PlayerAction(1, Call); CommunityCardIs(Queen); PlayerAction(0, Raise); PlayerAction(1, Raise)] => [0.223469; 0.776531; 0.000000]
[PlayerGotCard(1, King); PlayerAction(0, Call); PlayerAction(1, Raise); PlayerAction(0, Raise); PlayerAction(1, Call); CommunityCardIs(Queen); PlayerAction(0, Raise)] => [0.824954; 0.146909; 0.028137]
[PlayerGotCard(1, King); PlayerAction(0, Call); PlayerAction(1, Raise); PlayerAction(0, Raise); PlayerAction(1, Call); CommunityCardIs(Queen); PlayerAction(0, Call); PlayerAction(1, Raise); PlayerAction(0, Raise)] => [0.739064; 0.260936; 0.000000]
[PlayerGotCard(0, King); PlayerAction(0, Call); PlayerAction(1, Raise); PlayerAction(0, Raise); PlayerAction(1, Call); CommunityCardIs(Queen); PlayerAction(0, Call); PlayerAction(1, Raise)] => [0.828695; 0.151254; 0.020051]
[PlayerGotCard(1, King); PlayerAction(0, Call); PlayerAction(1, Raise); PlayerAction(0, Raise); PlayerAction(1, Call); CommunityCardIs(Queen); PlayerAction(0, Call)] => [0.488223; 0.000000; 0.511777]
[PlayerGotCard(0, King); PlayerAction(0, Call); PlayerAction(1, Raise); PlayerAction(0, Raise); PlayerAction(1, Call); CommunityCardIs(Queen)] => [0.946566; 0.000000; 0.053434]
[PlayerGotCard(0, King); PlayerAction(0, Call); PlayerAction(1, Raise); PlayerAction(0, Raise); PlayerAction(1, Call); CommunityCardIs(Jack); PlayerAction(0, Raise); PlayerAction(1, Raise)] => [0.590464; 0.409536; 0.000000]
[PlayerGotCard(1, King); PlayerAction(0, Call); PlayerAction(1, Raise); PlayerAction(0, Raise); PlayerAction(1, Call); CommunityCardIs(Jack); PlayerAction(0, Raise)] => [0.718849; 0.198230; 0.082921]
[PlayerGotCard(1, King); PlayerAction(0, Call); PlayerAction(1, Raise); PlayerAction(0, Raise); PlayerAction(1, Call); CommunityCardIs(Jack); PlayerAction(0, Call); PlayerAction(1, Raise); PlayerAction(0, Raise)] => [0.707813; 0.292187; 0.000000]
[PlayerGotCard(0, King); PlayerAction(0, Call); PlayerAction(1, Raise); PlayerAction(0, Raise); PlayerAction(1, Call); CommunityCardIs(Jack); PlayerAction(0, Call); PlayerAction(1, Raise)] => [0.914309; 0.027624; 0.058067]
[PlayerGotCard(1, King); PlayerAction(0, Call); PlayerAction(1, Raise); PlayerAction(0, Raise); PlayerAction(1, Call); CommunityCardIs(Jack); PlayerAction(0, Call)] => [0.495945; 0.000000; 0.504055]
[PlayerGotCard(0, King); PlayerAction(0, Call); PlayerAction(1, Raise); PlayerAction(0, Raise); PlayerAction(1, Call); CommunityCardIs(Jack)] => [0.787657; 0.000000; 0.212343]
[PlayerGotCard(1, King); PlayerAction(0, Call); PlayerAction(1, Raise); PlayerAction(0, Raise)] => [0.999836; 0.000164; 0.000000]
[PlayerGotCard(0, King); PlayerAction(0, Call); PlayerAction(1, Raise); PlayerAction(0, Call); CommunityCardIs(Queen); PlayerAction(0, Raise); PlayerAction(1, Raise)] => [0.293881; 0.706119; 0.000000]
[PlayerGotCard(1, King); PlayerAction(0, Call); PlayerAction(1, Raise); PlayerAction(0, Call); CommunityCardIs(Queen); PlayerAction(0, Raise)] => [0.448605; 0.491122; 0.060273]
[PlayerGotCard(1, King); PlayerAction(0, Call); PlayerAction(1, Raise); PlayerAction(0, Call); CommunityCardIs(Queen); PlayerAction(0, Call); PlayerAction(1, Raise); PlayerAction(0, Raise)] => [0.637931; 0.362069; 0.000000]
[PlayerGotCard(0, King); PlayerAction(0, Call); PlayerAction(1, Raise); PlayerAction(0, Call); CommunityCardIs(Queen); PlayerAction(0, Call); PlayerAction(1, Raise)] => [0.581329; 0.393342; 0.025329]
[PlayerGotCard(1, King); PlayerAction(0, Call); PlayerAction(1, Raise); PlayerAction(0, Call); CommunityCardIs(Queen); PlayerAction(0, Call)] => [0.785801; 0.000000; 0.214199]
[PlayerGotCard(0, King); PlayerAction(0, Call); PlayerAction(1, Raise); PlayerAction(0, Call); CommunityCardIs(Queen)] => [0.978366; 0.000000; 0.021634]
[PlayerGotCard(0, King); PlayerAction(0, Call); PlayerAction(1, Raise); PlayerAction(0, Call); CommunityCardIs(Jack); PlayerAction(0, Raise); PlayerAction(1, Raise)] => [0.188672; 0.811328; 0.000000]
[PlayerGotCard(1, King); PlayerAction(0, Call); PlayerAction(1, Raise); PlayerAction(0, Call); CommunityCardIs(Jack); PlayerAction(0, Raise)] => [0.796893; 0.184849; 0.018258]
[PlayerGotCard(1, King); PlayerAction(0, Call); PlayerAction(1, Raise); PlayerAction(0, Call); CommunityCardIs(Jack); PlayerAction(0, Call); PlayerAction(1, Raise); PlayerAction(0, Raise)] => [0.955843; 0.044157; 0.000000]
[PlayerGotCard(0, King); PlayerAction(0, Call); PlayerAction(1, Raise); PlayerAction(0, Call); CommunityCardIs(Jack); PlayerAction(0, Call); PlayerAction(1, Raise)] => [0.940617; 0.027045; 0.032338]
[PlayerGotCard(1, King); PlayerAction(0, Call); PlayerAction(1, Raise); PlayerAction(0, Call); CommunityCardIs(Jack); PlayerAction(0, Call)] => [0.932539; 0.000000; 0.067461]
[PlayerGotCard(0, King); PlayerAction(0, Call); PlayerAction(1, Raise); PlayerAction(0, Call); CommunityCardIs(Jack)] => [0.983099; 0.000000; 0.016901]
[PlayerGotCard(0, King); PlayerAction(0, Call); PlayerAction(1, Raise)] => [0.303175; 0.000440; 0.696385]
[PlayerGotCard(0, King); PlayerAction(0, Call); PlayerAction(1, Call); CommunityCardIs(Queen); PlayerAction(0, Raise); PlayerAction(1, Raise)] => [0.969550; 0.030450; 0.000000]
[PlayerGotCard(1, King); PlayerAction(0, Call); PlayerAction(1, Call); CommunityCardIs(Queen); PlayerAction(0, Raise)] => [0.761198; 0.064155; 0.174647]
[PlayerGotCard(1, King); PlayerAction(0, Call); PlayerAction(1, Call); CommunityCardIs(Queen); PlayerAction(0, Call); PlayerAction(1, Raise); PlayerAction(0, Raise)] => [0.988480; 0.011520; 0.000000]
[PlayerGotCard(0, King); PlayerAction(0, Call); PlayerAction(1, Call); CommunityCardIs(Queen); PlayerAction(0, Call); PlayerAction(1, Raise)] => [0.707344; 0.278342; 0.014314]
[PlayerGotCard(1, King); PlayerAction(0, Call); PlayerAction(1, Call); CommunityCardIs(Queen); PlayerAction(0, Call)] => [0.239143; 0.000000; 0.760857]
[PlayerGotCard(0, King); PlayerAction(0, Call); PlayerAction(1, Call); CommunityCardIs(Queen)] => [0.946653; 0.000000; 0.053347]
[PlayerGotCard(0, King); PlayerAction(0, Call); PlayerAction(1, Call); CommunityCardIs(Jack); PlayerAction(0, Raise); PlayerAction(1, Raise)] => [0.319580; 0.680420; 0.000000]
[PlayerGotCard(1, King); PlayerAction(0, Call); PlayerAction(1, Call); CommunityCardIs(Jack); PlayerAction(0, Raise)] => [0.018824; 0.831511; 0.149665]
[PlayerGotCard(1, King); PlayerAction(0, Call); PlayerAction(1, Call); CommunityCardIs(Jack); PlayerAction(0, Call); PlayerAction(1, Raise); PlayerAction(0, Raise)] => [0.522626; 0.477374; 0.000000]
[PlayerGotCard(0, King); PlayerAction(0, Call); PlayerAction(1, Call); CommunityCardIs(Jack); PlayerAction(0, Call); PlayerAction(1, Raise)] => [0.006444; 0.984652; 0.008904]
[PlayerGotCard(1, King); PlayerAction(0, Call); PlayerAction(1, Call); CommunityCardIs(Jack); PlayerAction(0, Call)] => [0.851407; 0.000000; 0.148593]
[PlayerGotCard(0, King); PlayerAction(0, Call); PlayerAction(1, Call); CommunityCardIs(Jack)] => [0.990721; 0.000000; 0.009279]
[PlayerGotCard(1, King); PlayerAction(0, Call)] => [0.017735; 0.000000; 0.982265]
[PlayerGotCard(0, King)] => [0.244287; 0.000000; 0.755713]
[PlayerGotCard(0, King); PlayerAction(0, Raise); PlayerAction(1, Raise); PlayerAction(0, Call); CommunityCardIs(King); PlayerAction(0, Raise); PlayerAction(1, Raise)] => [1.000000; 0.000000; 0.000000]
[PlayerGotCard(1, Queen); PlayerAction(0, Raise); PlayerAction(1, Raise); PlayerAction(0, Call); CommunityCardIs(King); PlayerAction(0, Raise)] => [0.288241; 0.659580; 0.052179]
[PlayerGotCard(1, Queen); PlayerAction(0, Raise); PlayerAction(1, Raise); PlayerAction(0, Call); CommunityCardIs(King); PlayerAction(0, Call); PlayerAction(1, Raise); PlayerAction(0, Raise)] => [0.185800; 0.814200; 0.000000]
[PlayerGotCard(0, King); PlayerAction(0, Raise); PlayerAction(1, Raise); PlayerAction(0, Call); CommunityCardIs(King); PlayerAction(0, Call); PlayerAction(1, Raise)] => [0.000167; 0.000000; 0.999833]
[PlayerGotCard(1, Queen); PlayerAction(0, Raise); PlayerAction(1, Raise); PlayerAction(0, Call); CommunityCardIs(King); PlayerAction(0, Call)] => [0.441774; 0.000000; 0.558226]
[PlayerGotCard(0, King); PlayerAction(0, Raise); PlayerAction(1, Raise); PlayerAction(0, Call); CommunityCardIs(King)] => [0.514892; 0.000000; 0.485108]
[PlayerGotCard(1, Queen); PlayerAction(0, Raise); PlayerAction(1, Raise); PlayerAction(0, Call); CommunityCardIs(Queen); PlayerAction(0, Raise)] => [0.000491; 0.000491; 0.999018]
[PlayerGotCard(1, Queen); PlayerAction(0, Raise); PlayerAction(1, Raise); PlayerAction(0, Call); CommunityCardIs(Queen); PlayerAction(0, Call); PlayerAction(1, Raise); PlayerAction(0, Raise)] => [0.999631; 0.000369; 0.000000]
[PlayerGotCard(1, Queen); PlayerAction(0, Raise); PlayerAction(1, Raise); PlayerAction(0, Call); CommunityCardIs(Queen); PlayerAction(0, Call)] => [0.001466; 0.000000; 0.998534]
[PlayerGotCard(1, Queen); PlayerAction(0, Raise); PlayerAction(1, Raise); PlayerAction(0, Call); CommunityCardIs(Jack); PlayerAction(0, Raise)] => [0.005966; 0.953146; 0.040888]
[PlayerGotCard(1, Queen); PlayerAction(0, Raise); PlayerAction(1, Raise); PlayerAction(0, Call); CommunityCardIs(Jack); PlayerAction(0, Call); PlayerAction(1, Raise); PlayerAction(0, Raise)] => [0.054036; 0.945964; 0.000000]
[PlayerGotCard(1, Queen); PlayerAction(0, Raise); PlayerAction(1, Raise); PlayerAction(0, Call); CommunityCardIs(Jack); PlayerAction(0, Call)] => [0.864307; 0.000000; 0.135694]
[PlayerGotCard(0, King); PlayerAction(0, Raise); PlayerAction(1, Call); CommunityCardIs(King); PlayerAction(0, Raise); PlayerAction(1, Raise)] => [1.000000; 0.000000; 0.000000]
[PlayerGotCard(1, Queen); PlayerAction(0, Raise); PlayerAction(1, Call); CommunityCardIs(King); PlayerAction(0, Raise)] => [0.318025; 0.555938; 0.126037]
[PlayerGotCard(1, Queen); PlayerAction(0, Raise); PlayerAction(1, Call); CommunityCardIs(King); PlayerAction(0, Call); PlayerAction(1, Raise); PlayerAction(0, Raise)] => [0.312564; 0.687436; 0.000000]
[PlayerGotCard(0, King); PlayerAction(0, Raise); PlayerAction(1, Call); CommunityCardIs(King); PlayerAction(0, Call); PlayerAction(1, Raise)] => [0.000000; 0.000000; 1.000000]
[PlayerGotCard(1, Queen); PlayerAction(0, Raise); PlayerAction(1, Call); CommunityCardIs(King); PlayerAction(0, Call)] => [0.638500; 0.000000; 0.361501]
[PlayerGotCard(0, King); PlayerAction(0, Raise); PlayerAction(1, Call); CommunityCardIs(King)] => [0.043908; 0.000000; 0.956092]
[PlayerGotCard(1, Queen); PlayerAction(0, Raise); PlayerAction(1, Call); CommunityCardIs(Queen); PlayerAction(0, Raise)] => [0.001014; 0.001014; 0.997971]
[PlayerGotCard(1, Queen); PlayerAction(0, Raise); PlayerAction(1, Call); CommunityCardIs(Queen); PlayerAction(0, Call); PlayerAction(1, Raise); PlayerAction(0, Raise)] => [0.999235; 0.000765; 0.000000]
[PlayerGotCard(1, Queen); PlayerAction(0, Raise); PlayerAction(1, Call); CommunityCardIs(Queen); PlayerAction(0, Call)] => [0.005663; 0.000000; 0.994337]
[PlayerGotCard(1, Queen); PlayerAction(0, Raise); PlayerAction(1, Call); CommunityCardIs(Jack); PlayerAction(0, Raise)] => [0.007179; 0.945310; 0.047511]
[PlayerGotCard(1, Queen); PlayerAction(0, Raise); PlayerAction(1, Call); CommunityCardIs(Jack); PlayerAction(0, Call); PlayerAction(1, Raise); PlayerAction(0, Raise)] => [0.083222; 0.916778; 0.000000]
[PlayerGotCard(1, Queen); PlayerAction(0, Raise); PlayerAction(1, Call); CommunityCardIs(Jack); PlayerAction(0, Call)] => [0.855261; 0.000000; 0.144739]
[PlayerGotCard(1, Queen); PlayerAction(0, Raise)] => [0.220085; 0.314511; 0.465404]
[PlayerGotCard(0, King); PlayerAction(0, Call); PlayerAction(1, Raise); PlayerAction(0, Raise); PlayerAction(1, Call); CommunityCardIs(King); PlayerAction(0, Raise); PlayerAction(1, Raise)] => [0.998326; 0.001674; 0.000000]
[PlayerGotCard(1, Queen); PlayerAction(0, Call); PlayerAction(1, Raise); PlayerAction(0, Raise); PlayerAction(1, Call); CommunityCardIs(King); PlayerAction(0, Raise)] => [0.320175; 0.643993; 0.035832]
[PlayerGotCard(1, Queen); PlayerAction(0, Call); PlayerAction(1, Raise); PlayerAction(0, Raise); PlayerAction(1, Call); CommunityCardIs(King); PlayerAction(0, Call); PlayerAction(1, Raise); PlayerAction(0, Raise)] => [0.062847; 0.937153; 0.000000]
[PlayerGotCard(0, King); PlayerAction(0, Call); PlayerAction(1, Raise); PlayerAction(0, Raise); PlayerAction(1, Call); CommunityCardIs(King); PlayerAction(0, Call); PlayerAction(1, Raise)] => [0.010548; 0.010548; 0.978905]
[PlayerGotCard(1, Queen); PlayerAction(0, Call); PlayerAction(1, Raise); PlayerAction(0, Raise); PlayerAction(1, Call); CommunityCardIs(King); PlayerAction(0, Call)] => [0.530592; 0.000000; 0.469408]
[PlayerGotCard(0, King); PlayerAction(0, Call); PlayerAction(1, Raise); PlayerAction(0, Raise); PlayerAction(1, Call); CommunityCardIs(King)] => [0.095674; 0.000000; 0.904326]
[PlayerGotCard(1, Queen); PlayerAction(0, Call); PlayerAction(1, Raise); PlayerAction(0, Raise); PlayerAction(1, Call); CommunityCardIs(Queen); PlayerAction(0, Raise)] => [0.001368; 0.000111; 0.998521]
[PlayerGotCard(1, Queen); PlayerAction(0, Call); PlayerAction(1, Raise); PlayerAction(0, Raise); PlayerAction(1, Call); CommunityCardIs(Queen); PlayerAction(0, Call); PlayerAction(1, Raise); PlayerAction(0, Raise)] => [0.999917; 0.000083; 0.000000]
[PlayerGotCard(1, Queen); PlayerAction(0, Call); PlayerAction(1, Raise); PlayerAction(0, Raise); PlayerAction(1, Call); CommunityCardIs(Queen); PlayerAction(0, Call)] => [0.000167; 0.000000; 0.999833]
[PlayerGotCard(1, Queen); PlayerAction(0, Call); PlayerAction(1, Raise); PlayerAction(0, Raise); PlayerAction(1, Call); CommunityCardIs(Jack); PlayerAction(0, Raise)] => [0.000973; 0.946082; 0.052945]
[PlayerGotCard(1, Queen); PlayerAction(0, Call); PlayerAction(1, Raise); PlayerAction(0, Raise); PlayerAction(1, Call); CommunityCardIs(Jack); PlayerAction(0, Call); PlayerAction(1, Raise); PlayerAction(0, Raise)] => [0.023632; 0.976368; 0.000000]
[PlayerGotCard(1, Queen); PlayerAction(0, Call); PlayerAction(1, Raise); PlayerAction(0, Raise); PlayerAction(1, Call); CommunityCardIs(Jack); PlayerAction(0, Call)] => [0.947661; 0.000000; 0.052339]
[PlayerGotCard(1, Queen); PlayerAction(0, Call); PlayerAction(1, Raise); PlayerAction(0, Raise)] => [0.999790; 0.000210; 0.000000]
[PlayerGotCard(0, King); PlayerAction(0, Call); PlayerAction(1, Raise); PlayerAction(0, Call); CommunityCardIs(King); PlayerAction(0, Raise); PlayerAction(1, Raise)] => [1.000000; 0.000000; 0.000000]
[PlayerGotCard(1, Queen); PlayerAction(0, Call); PlayerAction(1, Raise); PlayerAction(0, Call); CommunityCardIs(King); PlayerAction(0, Raise)] => [0.316413; 0.550184; 0.133403]
[PlayerGotCard(1, Queen); PlayerAction(0, Call); PlayerAction(1, Raise); PlayerAction(0, Call); CommunityCardIs(King); PlayerAction(0, Call); PlayerAction(1, Raise); PlayerAction(0, Raise)] => [0.201040; 0.798960; 0.000000]
[PlayerGotCard(0, King); PlayerAction(0, Call); PlayerAction(1, Raise); PlayerAction(0, Call); CommunityCardIs(King); PlayerAction(0, Call); PlayerAction(1, Raise)] => [0.000000; 0.000000; 1.000000]
[PlayerGotCard(1, Queen); PlayerAction(0, Call); PlayerAction(1, Raise); PlayerAction(0, Call); CommunityCardIs(King); PlayerAction(0, Call)] => [0.457881; 0.000000; 0.542119]
[PlayerGotCard(0, King); PlayerAction(0, Call); PlayerAction(1, Raise); PlayerAction(0, Call); CommunityCardIs(King)] => [0.743719; 0.000000; 0.256281]
[PlayerGotCard(1, Queen); PlayerAction(0, Call); PlayerAction(1, Raise); PlayerAction(0, Call); CommunityCardIs(Queen); PlayerAction(0, Raise)] => [0.000222; 0.000222; 0.999555]
[PlayerGotCard(1, Queen); PlayerAction(0, Call); PlayerAction(1, Raise); PlayerAction(0, Call); CommunityCardIs(Queen); PlayerAction(0, Call); PlayerAction(1, Raise); PlayerAction(0, Raise)] => [0.999832; 0.000168; 0.000000]
[PlayerGotCard(1, Queen); PlayerAction(0, Call); PlayerAction(1, Raise); PlayerAction(0, Call); CommunityCardIs(Queen); PlayerAction(0, Call)] => [0.006565; 0.000000; 0.993435]
[PlayerGotCard(1, Queen); PlayerAction(0, Call); PlayerAction(1, Raise); PlayerAction(0, Call); CommunityCardIs(Jack); PlayerAction(0, Raise)] => [0.002623; 0.974344; 0.023033]
[PlayerGotCard(1, Queen); PlayerAction(0, Call); PlayerAction(1, Raise); PlayerAction(0, Call); CommunityCardIs(Jack); PlayerAction(0, Call); PlayerAction(1, Raise); PlayerAction(0, Raise)] => [0.324530; 0.675470; 0.000000]
[PlayerGotCard(1, Queen); PlayerAction(0, Call); PlayerAction(1, Raise); PlayerAction(0, Call); CommunityCardIs(Jack); PlayerAction(0, Call)] => [0.437954; 0.000000; 0.562046]
[PlayerGotCard(0, King); PlayerAction(0, Call); PlayerAction(1, Call); CommunityCardIs(King); PlayerAction(0, Raise); PlayerAction(1, Raise)] => [0.998251; 0.001749; 0.000000]
[PlayerGotCard(1, Queen); PlayerAction(0, Call); PlayerAction(1, Call); CommunityCardIs(King); PlayerAction(0, Raise)] => [0.699239; 0.269902; 0.030859]
[PlayerGotCard(1, Queen); PlayerAction(0, Call); PlayerAction(1, Call); CommunityCardIs(King); PlayerAction(0, Call); PlayerAction(1, Raise); PlayerAction(0, Raise)] => [0.958205; 0.041795; 0.000000]
[PlayerGotCard(0, King); PlayerAction(0, Call); PlayerAction(1, Call); CommunityCardIs(King); PlayerAction(0, Call); PlayerAction(1, Raise)] => [0.001779; 0.001779; 0.996442]
[PlayerGotCard(1, Queen); PlayerAction(0, Call); PlayerAction(1, Call); CommunityCardIs(King); PlayerAction(0, Call)] => [0.896099; 0.000000; 0.103901]
[PlayerGotCard(0, King); PlayerAction(0, Call); PlayerAction(1, Call); CommunityCardIs(King)] => [0.395883; 0.000000; 0.604117]
[PlayerGotCard(1, Queen); PlayerAction(0, Call); PlayerAction(1, Call); CommunityCardIs(Queen); PlayerAction(0, Raise)] => [0.004461; 0.003876; 0.991663]
[PlayerGotCard(1, Queen); PlayerAction(0, Call); PlayerAction(1, Call); CommunityCardIs(Queen); PlayerAction(0, Call); PlayerAction(1, Raise); PlayerAction(0, Raise)] => [0.999421; 0.000579; 0.000000]
[PlayerGotCard(1, Queen); PlayerAction(0, Call); PlayerAction(1, Call); CommunityCardIs(Queen); PlayerAction(0, Call)] => [0.001157; 0.000000; 0.998843]
[PlayerGotCard(1, Queen); PlayerAction(0, Call); PlayerAction(1, Call); CommunityCardIs(Jack); PlayerAction(0, Raise)] => [0.000659; 0.987650; 0.011692]
[PlayerGotCard(1, Queen); PlayerAction(0, Call); PlayerAction(1, Call); CommunityCardIs(Jack); PlayerAction(0, Call); PlayerAction(1, Raise); PlayerAction(0, Raise)] => [0.010261; 0.989739; 0.000000]
[PlayerGotCard(1, Queen); PlayerAction(0, Call); PlayerAction(1, Call); CommunityCardIs(Jack); PlayerAction(0, Call)] => [0.894251; 0.000000; 0.105749]
[PlayerGotCard(1, Queen); PlayerAction(0, Call)] => [0.230920; 0.000000; 0.769080]
[PlayerGotCard(1, Jack); PlayerAction(0, Raise); PlayerAction(1, Raise); PlayerAction(0, Call); CommunityCardIs(King); PlayerAction(0, Raise)] => [0.011546; 0.086401; 0.902053]
[PlayerGotCard(1, Jack); PlayerAction(0, Raise); PlayerAction(1, Raise); PlayerAction(0, Call); CommunityCardIs(King); PlayerAction(0, Call); PlayerAction(1, Raise); PlayerAction(0, Raise)] => [0.050942; 0.949058; 0.000000]
[PlayerGotCard(1, Jack); PlayerAction(0, Raise); PlayerAction(1, Raise); PlayerAction(0, Call); CommunityCardIs(King); PlayerAction(0, Call)] => [0.045666; 0.000000; 0.954334]
[PlayerGotCard(1, Jack); PlayerAction(0, Raise); PlayerAction(1, Raise); PlayerAction(0, Call); CommunityCardIs(Queen); PlayerAction(0, Raise)] => [0.009791; 0.837168; 0.153041]
[PlayerGotCard(1, Jack); PlayerAction(0, Raise); PlayerAction(1, Raise); PlayerAction(0, Call); CommunityCardIs(Queen); PlayerAction(0, Call); PlayerAction(1, Raise); PlayerAction(0, Raise)] => [0.006733; 0.993267; 0.000000]
[PlayerGotCard(1, Jack); PlayerAction(0, Raise); PlayerAction(1, Raise); PlayerAction(0, Call); CommunityCardIs(Queen); PlayerAction(0, Call)] => [0.956399; 0.000000; 0.043601]
[PlayerGotCard(1, Jack); PlayerAction(0, Raise); PlayerAction(1, Raise); PlayerAction(0, Call); CommunityCardIs(Jack); PlayerAction(0, Raise)] => [0.005939; 0.001074; 0.992987]
[PlayerGotCard(1, Jack); PlayerAction(0, Raise); PlayerAction(1, Raise); PlayerAction(0, Call); CommunityCardIs(Jack); PlayerAction(0, Call); PlayerAction(1, Raise); PlayerAction(0, Raise)] => [0.999193; 0.000807; 0.000000]
[PlayerGotCard(1, Jack); PlayerAction(0, Raise); PlayerAction(1, Raise); PlayerAction(0, Call); CommunityCardIs(Jack); PlayerAction(0, Call)] => [0.001611; 0.000000; 0.998389]
[PlayerGotCard(1, Jack); PlayerAction(0, Raise); PlayerAction(1, Call); CommunityCardIs(King); PlayerAction(0, Raise)] => [0.003865; 0.886769; 0.109366]
[PlayerGotCard(1, Jack); PlayerAction(0, Raise); PlayerAction(1, Call); CommunityCardIs(King); PlayerAction(0, Call); PlayerAction(1, Raise); PlayerAction(0, Raise)] => [0.036070; 0.963930; 0.000000]
[PlayerGotCard(1, Jack); PlayerAction(0, Raise); PlayerAction(1, Call); CommunityCardIs(King); PlayerAction(0, Call)] => [0.875022; 0.000000; 0.124979]
[PlayerGotCard(1, Jack); PlayerAction(0, Raise); PlayerAction(1, Call); CommunityCardIs(Queen); PlayerAction(0, Raise)] => [0.018952; 0.888388; 0.092660]
[PlayerGotCard(1, Jack); PlayerAction(0, Raise); PlayerAction(1, Call); CommunityCardIs(Queen); PlayerAction(0, Call); PlayerAction(1, Raise); PlayerAction(0, Raise)] => [0.001276; 0.998724; 0.000000]
[PlayerGotCard(1, Jack); PlayerAction(0, Raise); PlayerAction(1, Call); CommunityCardIs(Queen); PlayerAction(0, Call)] => [0.616496; 0.000000; 0.383504]
[PlayerGotCard(1, Jack); PlayerAction(0, Raise); PlayerAction(1, Call); CommunityCardIs(Jack); PlayerAction(0, Raise)] => [0.004300; 0.000741; 0.994959]
[PlayerGotCard(1, Jack); PlayerAction(0, Raise); PlayerAction(1, Call); CommunityCardIs(Jack); PlayerAction(0, Call); PlayerAction(1, Raise); PlayerAction(0, Raise)] => [0.999443; 0.000557; 0.000000]
[PlayerGotCard(1, Jack); PlayerAction(0, Raise); PlayerAction(1, Call); CommunityCardIs(Jack); PlayerAction(0, Call)] => [0.001112; 0.000000; 0.998888]
[PlayerGotCard(1, Jack); PlayerAction(0, Raise)] => [0.130849; 0.745068; 0.124083]
[PlayerGotCard(1, Jack); PlayerAction(0, Call); PlayerAction(1, Raise); PlayerAction(0, Raise); PlayerAction(1, Call); CommunityCardIs(King); PlayerAction(0, Raise)] => [0.004954; 0.764301; 0.230745]
[PlayerGotCard(1, Jack); PlayerAction(0, Call); PlayerAction(1, Raise); PlayerAction(0, Raise); PlayerAction(1, Call); CommunityCardIs(King); PlayerAction(0, Call); PlayerAction(1, Raise); PlayerAction(0, Raise)] => [0.052490; 0.947510; 0.000000]
[PlayerGotCard(1, Jack); PlayerAction(0, Call); PlayerAction(1, Raise); PlayerAction(0, Raise); PlayerAction(1, Call); CommunityCardIs(King); PlayerAction(0, Call)] => [0.764433; 0.000000; 0.235567]
[PlayerGotCard(1, Jack); PlayerAction(0, Call); PlayerAction(1, Raise); PlayerAction(0, Raise); PlayerAction(1, Call); CommunityCardIs(Queen); PlayerAction(0, Raise)] => [0.003843; 0.932101; 0.064056]
[PlayerGotCard(1, Jack); PlayerAction(0, Call); PlayerAction(1, Raise); PlayerAction(0, Raise); PlayerAction(1, Call); CommunityCardIs(Queen); PlayerAction(0, Call); PlayerAction(1, Raise); PlayerAction(0, Raise)] => [0.025746; 0.974254; 0.000000]
[PlayerGotCard(1, Jack); PlayerAction(0, Call); PlayerAction(1, Raise); PlayerAction(0, Raise); PlayerAction(1, Call); CommunityCardIs(Queen); PlayerAction(0, Call)] => [0.933381; 0.000000; 0.066619]
[PlayerGotCard(1, Jack); PlayerAction(0, Call); PlayerAction(1, Raise); PlayerAction(0, Raise); PlayerAction(1, Call); CommunityCardIs(Jack); PlayerAction(0, Raise)] => [0.005333; 0.001217; 0.993450]
[PlayerGotCard(1, Jack); PlayerAction(0, Call); PlayerAction(1, Raise); PlayerAction(0, Raise); PlayerAction(1, Call); CommunityCardIs(Jack); PlayerAction(0, Call); PlayerAction(1, Raise); PlayerAction(0, Raise)] => [0.999524; 0.000476; 0.000000]
[PlayerGotCard(1, Jack); PlayerAction(0, Call); PlayerAction(1, Raise); PlayerAction(0, Raise); PlayerAction(1, Call); CommunityCardIs(Jack); PlayerAction(0, Call)] => [0.001648; 0.000000; 0.998352]
[PlayerGotCard(1, Jack); PlayerAction(0, Call); PlayerAction(1, Raise); PlayerAction(0, Raise)] => [0.996108; 0.003892; 0.000000]
[PlayerGotCard(1, Jack); PlayerAction(0, Call); PlayerAction(1, Raise); PlayerAction(0, Call); CommunityCardIs(King); PlayerAction(0, Raise)] => [0.000908; 0.736831; 0.262260]
[PlayerGotCard(1, Jack); PlayerAction(0, Call); PlayerAction(1, Raise); PlayerAction(0, Call); CommunityCardIs(King); PlayerAction(0, Call); PlayerAction(1, Raise); PlayerAction(0, Raise)] => [0.018965; 0.981035; 0.000000]
[PlayerGotCard(1, Jack); PlayerAction(0, Call); PlayerAction(1, Raise); PlayerAction(0, Call); CommunityCardIs(King); PlayerAction(0, Call)] => [0.564291; 0.000000; 0.435709]
[PlayerGotCard(1, Jack); PlayerAction(0, Call); PlayerAction(1, Raise); PlayerAction(0, Call); CommunityCardIs(Queen); PlayerAction(0, Raise)] => [0.011580; 0.946869; 0.041551]
[PlayerGotCard(1, Jack); PlayerAction(0, Call); PlayerAction(1, Raise); PlayerAction(0, Call); CommunityCardIs(Queen); PlayerAction(0, Call); PlayerAction(1, Raise); PlayerAction(0, Raise)] => [0.013252; 0.986748; 0.000000]
[PlayerGotCard(1, Jack); PlayerAction(0, Call); PlayerAction(1, Raise); PlayerAction(0, Call); CommunityCardIs(Queen); PlayerAction(0, Call)] => [0.705073; 0.000000; 0.294927]
[PlayerGotCard(1, Jack); PlayerAction(0, Call); PlayerAction(1, Raise); PlayerAction(0, Call); CommunityCardIs(Jack); PlayerAction(0, Raise)] => [0.005341; 0.002339; 0.992320]
[PlayerGotCard(1, Jack); PlayerAction(0, Call); PlayerAction(1, Raise); PlayerAction(0, Call); CommunityCardIs(Jack); PlayerAction(0, Call); PlayerAction(1, Raise); PlayerAction(0, Raise)] => [0.999044; 0.000956; 0.000000]
[PlayerGotCard(1, Jack); PlayerAction(0, Call); PlayerAction(1, Raise); PlayerAction(0, Call); CommunityCardIs(Jack); PlayerAction(0, Call)] => [0.010323; 0.000000; 0.989677]
[PlayerGotCard(1, Jack); PlayerAction(0, Call); PlayerAction(1, Call); CommunityCardIs(King); PlayerAction(0, Raise)] => [0.001534; 0.989522; 0.008944]
[PlayerGotCard(1, Jack); PlayerAction(0, Call); PlayerAction(1, Call); CommunityCardIs(King); PlayerAction(0, Call); PlayerAction(1, Raise); PlayerAction(0, Raise)] => [0.049094; 0.950906; 0.000000]
[PlayerGotCard(1, Jack); PlayerAction(0, Call); PlayerAction(1, Call); CommunityCardIs(King); PlayerAction(0, Call)] => [0.924360; 0.000000; 0.075641]
[PlayerGotCard(1, Jack); PlayerAction(0, Call); PlayerAction(1, Call); CommunityCardIs(Queen); PlayerAction(0, Raise)] => [0.004816; 0.945188; 0.049996]
[PlayerGotCard(1, Jack); PlayerAction(0, Call); PlayerAction(1, Call); CommunityCardIs(Queen); PlayerAction(0, Call); PlayerAction(1, Raise); PlayerAction(0, Raise)] => [0.082378; 0.917622; 0.000000]
[PlayerGotCard(1, Jack); PlayerAction(0, Call); PlayerAction(1, Call); CommunityCardIs(Queen); PlayerAction(0, Call)] => [0.914393; 0.000000; 0.085607]
[PlayerGotCard(1, Jack); PlayerAction(0, Call); PlayerAction(1, Call); CommunityCardIs(Jack); PlayerAction(0, Raise)] => [0.003543; 0.002076; 0.994380]
[PlayerGotCard(1, Jack); PlayerAction(0, Call); PlayerAction(1, Call); CommunityCardIs(Jack); PlayerAction(0, Call); PlayerAction(1, Raise); PlayerAction(0, Raise)] => [0.999335; 0.000665; 0.000000]
[PlayerGotCard(1, Jack); PlayerAction(0, Call); PlayerAction(1, Call); CommunityCardIs(Jack); PlayerAction(0, Call)] => [0.001327; 0.000000; 0.998673]
[PlayerGotCard(1, Jack); PlayerAction(0, Call)] => [0.596055; 0.000000; 0.403945]
[PlayerGotCard(0, Queen); PlayerAction(0, Raise); PlayerAction(1, Raise); PlayerAction(0, Call); CommunityCardIs(King); PlayerAction(0, Raise); PlayerAction(1, Raise)] => [0.127318; 0.872682; 0.000000]
[PlayerGotCard(1, King); PlayerAction(0, Raise); PlayerAction(1, Raise); PlayerAction(0, Call); CommunityCardIs(King); PlayerAction(0, Raise)] => [0.001165; 0.000398; 0.998438]
[PlayerGotCard(1, King); PlayerAction(0, Raise); PlayerAction(1, Raise); PlayerAction(0, Call); CommunityCardIs(King); PlayerAction(0, Call); PlayerAction(1, Raise); PlayerAction(0, Raise)] => [0.999702; 0.000298; 0.000000]
[PlayerGotCard(0, Queen); PlayerAction(0, Raise); PlayerAction(1, Raise); PlayerAction(0, Call); CommunityCardIs(King); PlayerAction(0, Call); PlayerAction(1, Raise)] => [0.238381; 0.710330; 0.051289]
[PlayerGotCard(1, King); PlayerAction(0, Raise); PlayerAction(1, Raise); PlayerAction(0, Call); CommunityCardIs(King); PlayerAction(0, Call)] => [0.000596; 0.000000; 0.999404]
[PlayerGotCard(0, Queen); PlayerAction(0, Raise); PlayerAction(1, Raise); PlayerAction(0, Call); CommunityCardIs(King)] => [0.913408; 0.000000; 0.086592]
[PlayerGotCard(0, Queen); PlayerAction(0, Raise); PlayerAction(1, Raise); PlayerAction(0, Call); CommunityCardIs(Queen); PlayerAction(0, Raise); PlayerAction(1, Raise)] => [0.999910; 0.000090; 0.000000]
[PlayerGotCard(0, Queen); PlayerAction(0, Raise); PlayerAction(1, Raise); PlayerAction(0, Call); CommunityCardIs(Queen); PlayerAction(0, Call); PlayerAction(1, Raise)] => [0.003817; 0.001058; 0.995125]
[PlayerGotCard(0, Queen); PlayerAction(0, Raise); PlayerAction(1, Raise); PlayerAction(0, Call); CommunityCardIs(Queen)] => [0.053690; 0.000000; 0.946310]
[PlayerGotCard(0, Queen); PlayerAction(0, Raise); PlayerAction(1, Raise); PlayerAction(0, Call); CommunityCardIs(Jack); PlayerAction(0, Raise); PlayerAction(1, Raise)] => [0.042399; 0.957601; 0.000000]
[PlayerGotCard(0, Queen); PlayerAction(0, Raise); PlayerAction(1, Raise); PlayerAction(0, Call); CommunityCardIs(Jack); PlayerAction(0, Call); PlayerAction(1, Raise)] => [0.005032; 0.978650; 0.016318]
[PlayerGotCard(0, Queen); PlayerAction(0, Raise); PlayerAction(1, Raise); PlayerAction(0, Call); CommunityCardIs(Jack)] => [0.944572; 0.000000; 0.055428]
[PlayerGotCard(0, Queen); PlayerAction(0, Raise); PlayerAction(1, Raise)] => [0.998185; 0.001815; 0.000000]
[PlayerGotCard(0, Queen); PlayerAction(0, Raise); PlayerAction(1, Call); CommunityCardIs(King); PlayerAction(0, Raise); PlayerAction(1, Raise)] => [0.382848; 0.617152; 0.000000]
[PlayerGotCard(1, King); PlayerAction(0, Raise); PlayerAction(1, Call); CommunityCardIs(King); PlayerAction(0, Raise)] => [0.001158; 0.000000; 0.998842]
[PlayerGotCard(1, King); PlayerAction(0, Raise); PlayerAction(1, Call); CommunityCardIs(King); PlayerAction(0, Call); PlayerAction(1, Raise); PlayerAction(0, Raise)] => [1.000000; 0.000000; 0.000000]
[PlayerGotCard(0, Queen); PlayerAction(0, Raise); PlayerAction(1, Call); CommunityCardIs(King); PlayerAction(0, Call); PlayerAction(1, Raise)] => [0.531687; 0.415252; 0.053061]
[PlayerGotCard(1, King); PlayerAction(0, Raise); PlayerAction(1, Call); CommunityCardIs(King); PlayerAction(0, Call)] => [0.000000; 0.000000; 1.000000]
[PlayerGotCard(0, Queen); PlayerAction(0, Raise); PlayerAction(1, Call); CommunityCardIs(King)] => [0.218328; 0.000000; 0.781672]
[PlayerGotCard(0, Queen); PlayerAction(0, Raise); PlayerAction(1, Call); CommunityCardIs(Queen); PlayerAction(0, Raise); PlayerAction(1, Raise)] => [0.999700; 0.000300; 0.000000]
[PlayerGotCard(0, Queen); PlayerAction(0, Raise); PlayerAction(1, Call); CommunityCardIs(Queen); PlayerAction(0, Call); PlayerAction(1, Raise)] => [0.002720; 0.002720; 0.994559]
[PlayerGotCard(0, Queen); PlayerAction(0, Raise); PlayerAction(1, Call); CommunityCardIs(Queen)] => [0.433487; 0.000000; 0.566513]
[PlayerGotCard(0, Queen); PlayerAction(0, Raise); PlayerAction(1, Call); CommunityCardIs(Jack); PlayerAction(0, Raise); PlayerAction(1, Raise)] => [0.010724; 0.989276; 0.000000]
[PlayerGotCard(0, Queen); PlayerAction(0, Raise); PlayerAction(1, Call); CommunityCardIs(Jack); PlayerAction(0, Call); PlayerAction(1, Raise)] => [0.001079; 0.984244; 0.014677]
[PlayerGotCard(0, Queen); PlayerAction(0, Raise); PlayerAction(1, Call); CommunityCardIs(Jack)] => [0.960152; 0.000000; 0.039848]
[PlayerGotCard(0, Queen); PlayerAction(0, Call); PlayerAction(1, Raise); PlayerAction(0, Raise); PlayerAction(1, Call); CommunityCardIs(King); PlayerAction(0, Raise); PlayerAction(1, Raise)] => [0.144662; 0.855339; 0.000000]
[PlayerGotCard(1, King); PlayerAction(0, Call); PlayerAction(1, Raise); PlayerAction(0, Raise); PlayerAction(1, Call); CommunityCardIs(King); PlayerAction(0, Raise)] => [0.000883; 0.000000; 0.999117]
[PlayerGotCard(1, King); PlayerAction(0, Call); PlayerAction(1, Raise); PlayerAction(0, Raise); PlayerAction(1, Call); CommunityCardIs(King); PlayerAction(0, Call); PlayerAction(1, Raise); PlayerAction(0, Raise)] => [1.000000; 0.000000; 0.000000]
[PlayerGotCard(0, Queen); PlayerAction(0, Call); PlayerAction(1, Raise); PlayerAction(0, Raise); PlayerAction(1, Call); CommunityCardIs(King); PlayerAction(0, Call); PlayerAction(1, Raise)] => [0.549886; 0.394437; 0.055677]
[PlayerGotCard(1, King); PlayerAction(0, Call); PlayerAction(1, Raise); PlayerAction(0, Raise); PlayerAction(1, Call); CommunityCardIs(King); PlayerAction(0, Call)] => [0.000000; 0.000000; 1.000000]
[PlayerGotCard(0, Queen); PlayerAction(0, Call); PlayerAction(1, Raise); PlayerAction(0, Raise); PlayerAction(1, Call); CommunityCardIs(King)] => [0.667701; 0.000000; 0.332299]
[PlayerGotCard(0, Queen); PlayerAction(0, Call); PlayerAction(1, Raise); PlayerAction(0, Raise); PlayerAction(1, Call); CommunityCardIs(Queen); PlayerAction(0, Raise); PlayerAction(1, Raise)] => [0.995564; 0.004436; 0.000000]
[PlayerGotCard(0, Queen); PlayerAction(0, Call); PlayerAction(1, Raise); PlayerAction(0, Raise); PlayerAction(1, Call); CommunityCardIs(Queen); PlayerAction(0, Call); PlayerAction(1, Raise)] => [0.006190; 0.006190; 0.987620]
[PlayerGotCard(0, Queen); PlayerAction(0, Call); PlayerAction(1, Raise); PlayerAction(0, Raise); PlayerAction(1, Call); CommunityCardIs(Queen)] => [0.323285; 0.000000; 0.676715]
[PlayerGotCard(0, Queen); PlayerAction(0, Call); PlayerAction(1, Raise); PlayerAction(0, Raise); PlayerAction(1, Call); CommunityCardIs(Jack); PlayerAction(0, Raise); PlayerAction(1, Raise)] => [0.039871; 0.960129; 0.000000]
[PlayerGotCard(0, Queen); PlayerAction(0, Call); PlayerAction(1, Raise); PlayerAction(0, Raise); PlayerAction(1, Call); CommunityCardIs(Jack); PlayerAction(0, Call); PlayerAction(1, Raise)] => [0.002821; 0.988024; 0.009156]
[PlayerGotCard(0, Queen); PlayerAction(0, Call); PlayerAction(1, Raise); PlayerAction(0, Raise); PlayerAction(1, Call); CommunityCardIs(Jack)] => [0.930166; 0.000000; 0.069834]
[PlayerGotCard(0, Queen); PlayerAction(0, Call); PlayerAction(1, Raise); PlayerAction(0, Call); CommunityCardIs(King); PlayerAction(0, Raise); PlayerAction(1, Raise)] => [0.396630; 0.603370; 0.000000]
[PlayerGotCard(1, King); PlayerAction(0, Call); PlayerAction(1, Raise); PlayerAction(0, Call); CommunityCardIs(King); PlayerAction(0, Raise)] => [0.000410; 0.000000; 0.999590]
[PlayerGotCard(1, King); PlayerAction(0, Call); PlayerAction(1, Raise); PlayerAction(0, Call); CommunityCardIs(King); PlayerAction(0, Call); PlayerAction(1, Raise); PlayerAction(0, Raise)] => [1.000000; 0.000000; 0.000000]
[PlayerGotCard(0, Queen); PlayerAction(0, Call); PlayerAction(1, Raise); PlayerAction(0, Call); CommunityCardIs(King); PlayerAction(0, Call); PlayerAction(1, Raise)] => [0.462643; 0.494148; 0.043209]
[PlayerGotCard(1, King); PlayerAction(0, Call); PlayerAction(1, Raise); PlayerAction(0, Call); CommunityCardIs(King); PlayerAction(0, Call)] => [0.000000; 0.000000; 1.000000]
[PlayerGotCard(0, Queen); PlayerAction(0, Call); PlayerAction(1, Raise); PlayerAction(0, Call); CommunityCardIs(King)] => [0.911385; 0.000000; 0.088615]
[PlayerGotCard(0, Queen); PlayerAction(0, Call); PlayerAction(1, Raise); PlayerAction(0, Call); CommunityCardIs(Queen); PlayerAction(0, Raise); PlayerAction(1, Raise)] => [0.999210; 0.000790; 0.000000]
[PlayerGotCard(0, Queen); PlayerAction(0, Call); PlayerAction(1, Raise); PlayerAction(0, Call); CommunityCardIs(Queen); PlayerAction(0, Call); PlayerAction(1, Raise)] => [0.008538; 0.008469; 0.982993]
[PlayerGotCard(0, Queen); PlayerAction(0, Call); PlayerAction(1, Raise); PlayerAction(0, Call); CommunityCardIs(Queen)] => [0.058546; 0.000000; 0.941454]
[PlayerGotCard(0, Queen); PlayerAction(0, Call); PlayerAction(1, Raise); PlayerAction(0, Call); CommunityCardIs(Jack); PlayerAction(0, Raise); PlayerAction(1, Raise)] => [0.022054; 0.977946; 0.000000]
[PlayerGotCard(0, Queen); PlayerAction(0, Call); PlayerAction(1, Raise); PlayerAction(0, Call); CommunityCardIs(Jack); PlayerAction(0, Call); PlayerAction(1, Raise)] => [0.009361; 0.960036; 0.030603]
[PlayerGotCard(0, Queen); PlayerAction(0, Call); PlayerAction(1, Raise); PlayerAction(0, Call); CommunityCardIs(Jack)] => [0.937454; 0.000000; 0.062546]
[PlayerGotCard(0, Queen); PlayerAction(0, Call); PlayerAction(1, Raise)] => [0.744225; 0.086643; 0.169132]
[PlayerGotCard(0, Queen); PlayerAction(0, Call); PlayerAction(1, Call); CommunityCardIs(King); PlayerAction(0, Raise); PlayerAction(1, Raise)] => [0.748927; 0.251073; 0.000000]
[PlayerGotCard(1, King); PlayerAction(0, Call); PlayerAction(1, Call); CommunityCardIs(King); PlayerAction(0, Raise)] => [0.019218; 0.017990; 0.962792]
[PlayerGotCard(1, King); PlayerAction(0, Call); PlayerAction(1, Call); CommunityCardIs(King); PlayerAction(0, Call); PlayerAction(1, Raise); PlayerAction(0, Raise)] => [0.986133; 0.013867; 0.000000]
[PlayerGotCard(0, Queen); PlayerAction(0, Call); PlayerAction(1, Call); CommunityCardIs(King); PlayerAction(0, Call); PlayerAction(1, Raise)] => [0.680753; 0.026314; 0.292933]
[PlayerGotCard(1, King); PlayerAction(0, Call); PlayerAction(1, Call); CommunityCardIs(King); PlayerAction(0, Call)] => [0.026985; 0.000000; 0.973015]
[PlayerGotCard(0, Queen); PlayerAction(0, Call); PlayerAction(1, Call); CommunityCardIs(King)] => [0.943410; 0.000000; 0.056590]
[PlayerGotCard(0, Queen); PlayerAction(0, Call); PlayerAction(1, Call); CommunityCardIs(Queen); PlayerAction(0, Raise); PlayerAction(1, Raise)] => [0.999292; 0.000708; 0.000000]
[PlayerGotCard(0, Queen); PlayerAction(0, Call); PlayerAction(1, Call); CommunityCardIs(Queen); PlayerAction(0, Call); PlayerAction(1, Raise)] => [0.016052; 0.001566; 0.982383]
[PlayerGotCard(0, Queen); PlayerAction(0, Call); PlayerAction(1, Call); CommunityCardIs(Queen)] => [0.231641; 0.000000; 0.768359]
[PlayerGotCard(0, Queen); PlayerAction(0, Call); PlayerAction(1, Call); CommunityCardIs(Jack); PlayerAction(0, Raise); PlayerAction(1, Raise)] => [0.030413; 0.969587; 0.000000]
[PlayerGotCard(0, Queen); PlayerAction(0, Call); PlayerAction(1, Call); CommunityCardIs(Jack); PlayerAction(0, Call); PlayerAction(1, Raise)] => [0.000672; 0.994020; 0.005308]
[PlayerGotCard(0, Queen); PlayerAction(0, Call); PlayerAction(1, Call); CommunityCardIs(Jack)] => [0.987590; 0.000000; 0.012410]
[PlayerGotCard(0, Queen)] => [0.248995; 0.000000; 0.751005]
[PlayerGotCard(0, Jack); PlayerAction(0, Raise); PlayerAction(1, Raise); PlayerAction(0, Call); CommunityCardIs(King); PlayerAction(0, Raise); PlayerAction(1, Raise)] => [0.024329; 0.975671; 0.000000]
[PlayerGotCard(0, Jack); PlayerAction(0, Raise); PlayerAction(1, Raise); PlayerAction(0, Call); CommunityCardIs(King); PlayerAction(0, Call); PlayerAction(1, Raise)] => [0.010147; 0.071800; 0.918053]
[PlayerGotCard(0, Jack); PlayerAction(0, Raise); PlayerAction(1, Raise); PlayerAction(0, Call); CommunityCardIs(King)] => [0.450246; 0.000000; 0.549754]
[PlayerGotCard(0, Jack); PlayerAction(0, Raise); PlayerAction(1, Raise); PlayerAction(0, Call); CommunityCardIs(Queen); PlayerAction(0, Raise); PlayerAction(1, Raise)] => [0.028558; 0.971442; 0.000000]
[PlayerGotCard(0, Jack); PlayerAction(0, Raise); PlayerAction(1, Raise); PlayerAction(0, Call); CommunityCardIs(Queen); PlayerAction(0, Call); PlayerAction(1, Raise)] => [0.002052; 0.987586; 0.010362]
[PlayerGotCard(0, Jack); PlayerAction(0, Raise); PlayerAction(1, Raise); PlayerAction(0, Call); CommunityCardIs(Queen)] => [0.610986; 0.000000; 0.389014]
[PlayerGotCard(0, Jack); PlayerAction(0, Raise); PlayerAction(1, Raise); PlayerAction(0, Call); CommunityCardIs(Jack); PlayerAction(0, Raise); PlayerAction(1, Raise)] => [0.999401; 0.000599; 0.000000]
[PlayerGotCard(0, Jack); PlayerAction(0, Raise); PlayerAction(1, Raise); PlayerAction(0, Call); CommunityCardIs(Jack); PlayerAction(0, Call); PlayerAction(1, Raise)] => [0.014125; 0.002872; 0.983002]
[PlayerGotCard(0, Jack); PlayerAction(0, Raise); PlayerAction(1, Raise); PlayerAction(0, Call); CommunityCardIs(Jack)] => [0.122099; 0.000000; 0.877901]
[PlayerGotCard(0, Jack); PlayerAction(0, Raise); PlayerAction(1, Raise)] => [0.994944; 0.005056; 0.000000]
[PlayerGotCard(0, Jack); PlayerAction(0, Raise); PlayerAction(1, Call); CommunityCardIs(King); PlayerAction(0, Raise); PlayerAction(1, Raise)] => [0.011896; 0.988104; 0.000000]
[PlayerGotCard(0, Jack); PlayerAction(0, Raise); PlayerAction(1, Call); CommunityCardIs(King); PlayerAction(0, Call); PlayerAction(1, Raise)] => [0.001208; 0.923412; 0.075380]
[PlayerGotCard(0, Jack); PlayerAction(0, Raise); PlayerAction(1, Call); CommunityCardIs(King)] => [0.475482; 0.000000; 0.524518]
[PlayerGotCard(0, Jack); PlayerAction(0, Raise); PlayerAction(1, Call); CommunityCardIs(Queen); PlayerAction(0, Raise); PlayerAction(1, Raise)] => [0.010181; 0.989819; 0.000000]
[PlayerGotCard(0, Jack); PlayerAction(0, Raise); PlayerAction(1, Call); CommunityCardIs(Queen); PlayerAction(0, Call); PlayerAction(1, Raise)] => [0.005011; 0.977752; 0.017237]
[PlayerGotCard(0, Jack); PlayerAction(0, Raise); PlayerAction(1, Call); CommunityCardIs(Queen)] => [0.558114; 0.000000; 0.441886]
[PlayerGotCard(0, Jack); PlayerAction(0, Raise); PlayerAction(1, Call); CommunityCardIs(Jack); PlayerAction(0, Raise); PlayerAction(1, Raise)] => [0.998273; 0.001727; 0.000000]
[PlayerGotCard(0, Jack); PlayerAction(0, Raise); PlayerAction(1, Call); CommunityCardIs(Jack); PlayerAction(0, Call); PlayerAction(1, Raise)] => [0.004730; 0.001762; 0.993508]
[PlayerGotCard(0, Jack); PlayerAction(0, Raise); PlayerAction(1, Call); CommunityCardIs(Jack)] => [0.395198; 0.000000; 0.604801]
[PlayerGotCard(0, Jack); PlayerAction(0, Call); PlayerAction(1, Raise); PlayerAction(0, Raise); PlayerAction(1, Call); CommunityCardIs(King); PlayerAction(0, Raise); PlayerAction(1, Raise)] => [0.021284; 0.978716; 0.000000]
[PlayerGotCard(0, Jack); PlayerAction(0, Call); PlayerAction(1, Raise); PlayerAction(0, Raise); PlayerAction(1, Call); CommunityCardIs(King); PlayerAction(0, Call); PlayerAction(1, Raise)] => [0.006242; 0.053330; 0.940428]
[PlayerGotCard(0, Jack); PlayerAction(0, Call); PlayerAction(1, Raise); PlayerAction(0, Raise); PlayerAction(1, Call); CommunityCardIs(King)] => [0.056284; 0.000000; 0.943716]
[PlayerGotCard(0, Jack); PlayerAction(0, Call); PlayerAction(1, Raise); PlayerAction(0, Raise); PlayerAction(1, Call); CommunityCardIs(Queen); PlayerAction(0, Raise); PlayerAction(1, Raise)] => [0.032819; 0.967181; 0.000000]
[PlayerGotCard(0, Jack); PlayerAction(0, Call); PlayerAction(1, Raise); PlayerAction(0, Raise); PlayerAction(1, Call); CommunityCardIs(Queen); PlayerAction(0, Call); PlayerAction(1, Raise)] => [0.001957; 0.988505; 0.009538]
[PlayerGotCard(0, Jack); PlayerAction(0, Call); PlayerAction(1, Raise); PlayerAction(0, Raise); PlayerAction(1, Call); CommunityCardIs(Queen)] => [0.953298; 0.000000; 0.046702]
[PlayerGotCard(0, Jack); PlayerAction(0, Call); PlayerAction(1, Raise); PlayerAction(0, Raise); PlayerAction(1, Call); CommunityCardIs(Jack); PlayerAction(0, Raise); PlayerAction(1, Raise)] => [0.998718; 0.001282; 0.000000]
[PlayerGotCard(0, Jack); PlayerAction(0, Call); PlayerAction(1, Raise); PlayerAction(0, Raise); PlayerAction(1, Call); CommunityCardIs(Jack); PlayerAction(0, Call); PlayerAction(1, Raise)] => [0.006758; 0.005688; 0.987554]
[PlayerGotCard(0, Jack); PlayerAction(0, Call); PlayerAction(1, Raise); PlayerAction(0, Raise); PlayerAction(1, Call); CommunityCardIs(Jack)] => [0.130617; 0.000000; 0.869383]
[PlayerGotCard(0, Jack); PlayerAction(0, Call); PlayerAction(1, Raise); PlayerAction(0, Call); CommunityCardIs(King); PlayerAction(0, Raise); PlayerAction(1, Raise)] => [0.025588; 0.974412; 0.000000]
[PlayerGotCard(0, Jack); PlayerAction(0, Call); PlayerAction(1, Raise); PlayerAction(0, Call); CommunityCardIs(King); PlayerAction(0, Call); PlayerAction(1, Raise)] => [0.001234; 0.883494; 0.115272]
[PlayerGotCard(0, Jack); PlayerAction(0, Call); PlayerAction(1, Raise); PlayerAction(0, Call); CommunityCardIs(King)] => [0.937734; 0.000000; 0.062266]
[PlayerGotCard(0, Jack); PlayerAction(0, Call); PlayerAction(1, Raise); PlayerAction(0, Call); CommunityCardIs(Queen); PlayerAction(0, Raise); PlayerAction(1, Raise)] => [0.009222; 0.990778; 0.000000]
[PlayerGotCard(0, Jack); PlayerAction(0, Call); PlayerAction(1, Raise); PlayerAction(0, Call); CommunityCardIs(Queen); PlayerAction(0, Call); PlayerAction(1, Raise)] => [0.015736; 0.945144; 0.039120]
[PlayerGotCard(0, Jack); PlayerAction(0, Call); PlayerAction(1, Raise); PlayerAction(0, Call); CommunityCardIs(Queen)] => [0.151789; 0.000000; 0.848211]
[PlayerGotCard(0, Jack); PlayerAction(0, Call); PlayerAction(1, Raise); PlayerAction(0, Call); CommunityCardIs(Jack); PlayerAction(0, Raise); PlayerAction(1, Raise)] => [0.998955; 0.001045; 0.000000]
[PlayerGotCard(0, Jack); PlayerAction(0, Call); PlayerAction(1, Raise); PlayerAction(0, Call); CommunityCardIs(Jack); PlayerAction(0, Call); PlayerAction(1, Raise)] => [0.005021; 0.003560; 0.991419]
[PlayerGotCard(0, Jack); PlayerAction(0, Call); PlayerAction(1, Raise); PlayerAction(0, Call); CommunityCardIs(Jack)] => [0.163628; 0.000000; 0.836372]
[PlayerGotCard(0, Jack); PlayerAction(0, Call); PlayerAction(1, Raise)] => [0.048411; 0.900254; 0.051335]
[PlayerGotCard(0, Jack); PlayerAction(0, Call); PlayerAction(1, Call); CommunityCardIs(King); PlayerAction(0, Raise); PlayerAction(1, Raise)] => [0.061130; 0.938870; 0.000000]
[PlayerGotCard(0, Jack); PlayerAction(0, Call); PlayerAction(1, Call); CommunityCardIs(King); PlayerAction(0, Call); PlayerAction(1, Raise)] => [0.004254; 0.950835; 0.044911]
[PlayerGotCard(0, Jack); PlayerAction(0, Call); PlayerAction(1, Call); CommunityCardIs(King)] => [0.933907; 0.000000; 0.066093]
[PlayerGotCard(0, Jack); PlayerAction(0, Call); PlayerAction(1, Call); CommunityCardIs(Queen); PlayerAction(0, Raise); PlayerAction(1, Raise)] => [0.023456; 0.976544; 0.000000]
[PlayerGotCard(0, Jack); PlayerAction(0, Call); PlayerAction(1, Call); CommunityCardIs(Queen); PlayerAction(0, Call); PlayerAction(1, Raise)] => [0.003847; 0.970830; 0.025323]
[PlayerGotCard(0, Jack); PlayerAction(0, Call); PlayerAction(1, Call); CommunityCardIs(Queen)] => [0.914211; 0.000000; 0.085789]
[PlayerGotCard(0, Jack); PlayerAction(0, Call); PlayerAction(1, Call); CommunityCardIs(Jack); PlayerAction(0, Raise); PlayerAction(1, Raise)] => [0.995758; 0.004242; 0.000000]
[PlayerGotCard(0, Jack); PlayerAction(0, Call); PlayerAction(1, Call); CommunityCardIs(Jack); PlayerAction(0, Call); PlayerAction(1, Raise)] => [0.000574; 0.000102; 0.999324]
[PlayerGotCard(0, Jack); PlayerAction(0, Call); PlayerAction(1, Call); CommunityCardIs(Jack)] => [0.965149; 0.000000; 0.034852]
[PlayerGotCard(0, Jack)] => [0.874014; 0.000000; 0.125986]
}

