{i = 0; nearTo = 50}
{i = 10; nearTo = 50}
{i = 20; nearTo = 50}
{i = 30; nearTo = 50}
{i = 40; nearTo = 50}
{
[PlayerGotCard(0, King); PlayerAction(0, Raise); PlayerAction(1, Raise); PlayerAction(0, Call); CommunityCardIs(Queen); PlayerAction(0, Raise); PlayerAction(1, Raise)] => [0.445480; 0.554520; 0.000000]
[PlayerGotCard(1, King); PlayerAction(0, Raise); PlayerAction(1, Raise); PlayerAction(0, Call); CommunityCardIs(Queen); PlayerAction(0, Raise)] => [0.646487; 0.310072; 0.043441]
[PlayerGotCard(1, King); PlayerAction(0, Raise); PlayerAction(1, Raise); PlayerAction(0, Call); CommunityCardIs(Queen); PlayerAction(0, Call); PlayerAction(1, Raise); PlayerAction(0, Raise)] => [0.709867; 0.290133; 0.000000]
[PlayerGotCard(0, King); PlayerAction(0, Raise); PlayerAction(1, Raise); PlayerAction(0, Call); CommunityCardIs(Queen); PlayerAction(0, Call); PlayerAction(1, Raise)] => [0.882468; 0.097195; 0.020337]
[PlayerGotCard(1, King); PlayerAction(0, Raise); PlayerAction(1, Raise); PlayerAction(0, Call); CommunityCardIs(Queen); PlayerAction(0, Call)] => [0.586297; 0.000000; 0.413703]
[PlayerGotCard(0, King); PlayerAction(0, Raise); PlayerAction(1, Raise); PlayerAction(0, Call); CommunityCardIs(Queen)] => [0.676705; 0.000000; 0.323295]
[PlayerGotCard(0, King); PlayerAction(0, Raise); PlayerAction(1, Raise); PlayerAction(0, Call); CommunityCardIs(Jack); PlayerAction(0, Raise); PlayerAction(1, Raise)] => [0.614752; 0.385248; 0.000000]
[PlayerGotCard(1, King); PlayerAction(0, Raise); PlayerAction(1, Raise); PlayerAction(0, Call); CommunityCardIs(Jack); PlayerAction(0, Raise)] => [0.912199; 0.051795; 0.036005]
[PlayerGotCard(1, King); PlayerAction(0, Raise); PlayerAction(1, Raise); PlayerAction(0, Call); CommunityCardIs(Jack); PlayerAction(0, Call); PlayerAction(1, Raise); PlayerAction(0, Raise)] => [0.980095; 0.019905; 0.000000]
[PlayerGotCard(0, King); PlayerAction(0, Raise); PlayerAction(1, Raise); PlayerAction(0, Call); CommunityCardIs(Jack); PlayerAction(0, Call); PlayerAction(1, Raise)] => [0.962097; 0.012217; 0.025687]
[PlayerGotCard(1, King); PlayerAction(0, Raise); PlayerAction(1, Raise); PlayerAction(0, Call); CommunityCardIs(Jack); PlayerAction(0, Call)] => [0.537164; 0.000000; 0.462836]
[PlayerGotCard(0, King); PlayerAction(0, Raise); PlayerAction(1, Raise); PlayerAction(0, Call); CommunityCardIs(Jack)] => [0.931742; 0.000000; 0.068258]
[PlayerGotCard(0, King); PlayerAction(0, Raise); PlayerAction(1, Raise)] => [0.999677; 0.000323; 0.000000]
[PlayerGotCard(0, King); PlayerAction(0, Raise); PlayerAction(1, Call); CommunityCardIs(Queen); PlayerAction(0, Raise); PlayerAction(1, Raise)] => [0.364519; 0.635481; 0.000000]
[PlayerGotCard(1, King); PlayerAction(0, Raise); PlayerAction(1, Call); CommunityCardIs(Queen); PlayerAction(0, Raise)] => [0.383872; 0.573719; 0.042409]
[PlayerGotCard(1, King); PlayerAction(0, Raise); PlayerAction(1, Call); CommunityCardIs(Queen); PlayerAction(0, Call); PlayerAction(1, Raise); PlayerAction(0, Raise)] => [0.052348; 0.947652; 0.000000]
[PlayerGotCard(0, King); PlayerAction(0, Raise); PlayerAction(1, Call); CommunityCardIs(Queen); PlayerAction(0, Call); PlayerAction(1, Raise)] => [0.511817; 0.469422; 0.018761]
[PlayerGotCard(1, King); PlayerAction(0, Raise); PlayerAction(1, Call); CommunityCardIs(Queen); PlayerAction(0, Call)] => [0.951843; 0.000000; 0.048157]
[PlayerGotCard(0, King); PlayerAction(0, Raise); PlayerAction(1, Call); CommunityCardIs(Queen)] => [0.979234; 0.000000; 0.020766]
[PlayerGotCard(0, King); PlayerAction(0, Raise); PlayerAction(1, Call); CommunityCardIs(Jack); PlayerAction(0, Raise); PlayerAction(1, Raise)] => [0.658552; 0.341448; 0.000000]
[PlayerGotCard(1, King); PlayerAction(0, Raise); PlayerAction(1, Call); CommunityCardIs(Jack); PlayerAction(0, Raise)] => [0.677189; 0.285743; 0.037068]
[PlayerGotCard(1, King); PlayerAction(0, Raise); PlayerAction(1, Call); CommunityCardIs(Jack); PlayerAction(0, Call); PlayerAction(1, Raise); PlayerAction(0, Raise)] => [0.456317; 0.543683; 0.000000]
[PlayerGotCard(0, King); PlayerAction(0, Raise); PlayerAction(1, Call); CommunityCardIs(Jack); PlayerAction(0, Call); PlayerAction(1, Raise)] => [0.861192; 0.128273; 0.010535]
[PlayerGotCard(1, King); PlayerAction(0, Raise); PlayerAction(1, Call); CommunityCardIs(Jack); PlayerAction(0, Call)] => [0.618887; 0.000000; 0.381113]
[PlayerGotCard(0, King); PlayerAction(0, Raise); PlayerAction(1, Call); CommunityCardIs(Jack)] => [0.987243; 0.000000; 0.012757]
[PlayerGotCard(1, King); PlayerAction(0, Raise)] => [0.113418; 0.000215; 0.886367]
[PlayerGotCard(0, King); PlayerAction(0, Call); PlayerAction(1, Raise); PlayerAction(0, Raise); PlayerAction(1, Call); CommunityCardIs(Queen); PlayerAction(0, Raise); PlayerAction(1, Raise)] => [0.097542; 0.902458; 0.000000]
[PlayerGotCard(1, King); PlayerAction(0, Call); PlayerAction(1, Raise); PlayerAction(0, Raise); PlayerAction(1, Call); CommunityCardIs(Queen); PlayerAction(0, Raise)] => [0.822962; 0.146224; 0.030815]
[PlayerGotCard(1, King); PlayerAction(0, Call); PlayerAction(1, Raise); PlayerAction(0, Raise); PlayerAction(1, Call); CommunityCardIs(Queen); PlayerAction(0, Call); PlayerAction(1, Raise); PlayerAction(0, Raise)] => [0.752275; 0.247725; 0.000000]
[PlayerGotCard(0, King); PlayerAction(0, Call); PlayerAction(1, Raise); PlayerAction(0, Raise); PlayerAction(1, Call); CommunityCardIs(Queen); PlayerAction(0, Call); PlayerAction(1, Raise)] => [0.825730; 0.153792; 0.020477]
[PlayerGotCard(1, King); PlayerAction(0, Call); PlayerAction(1, Raise); PlayerAction(0, Raise); PlayerAction(1, Call); CommunityCardIs(Queen); PlayerAction(0, Call)] => [0.487551; 0.000000; 0.512449]
[PlayerGotCard(0, King); PlayerAction(0, Call); PlayerAction(1, Raise); PlayerAction(0, Raise); PlayerAction(1, Call); CommunityCardIs(Queen)] => [0.947903; 0.000000; 0.052097]
[PlayerGotCard(0, King); PlayerAction(0, Call); PlayerAction(1, Raise); PlayerAction(0, Raise); PlayerAction(1, Call); CommunityCardIs(Jack); PlayerAction(0, Raise); PlayerAction(1, Raise)] => [0.578284; 0.421716; 0.000000]
[PlayerGotCard(1, King); PlayerAction(0, Call); PlayerAction(1, Raise); PlayerAction(0, Raise); PlayerAction(1, Call); CommunityCardIs(Jack); PlayerAction(0, Raise)] => [0.715102; 0.197922; 0.086976]
[PlayerGotCard(1, King); PlayerAction(0, Call); PlayerAction(1, Raise); PlayerAction(0, Raise); PlayerAction(1, Call); CommunityCardIs(Jack); PlayerAction(0, Call); PlayerAction(1, Raise); PlayerAction(0, Raise)] => [0.703739; 0.296261; 0.000000]
[PlayerGotCard(0, King); PlayerAction(0, Call); PlayerAction(1, Raise); PlayerAction(0, Raise); PlayerAction(1, Call); CommunityCardIs(Jack); PlayerAction(0, Call); PlayerAction(1, Raise)] => [0.925386; 0.022624; 0.051991]
[PlayerGotCard(1, King); PlayerAction(0, Call); PlayerAction(1, Raise); PlayerAction(0, Raise); PlayerAction(1, Call); CommunityCardIs(Jack); PlayerAction(0, Call)] => [0.494445; 0.000000; 0.505556]
[PlayerGotCard(0, King); PlayerAction(0, Call); PlayerAction(1, Raise); PlayerAction(0, Raise); PlayerAction(1, Call); CommunityCardIs(Jack)] => [0.782310; 0.000000; 0.217690]
[PlayerGotCard(1, King); PlayerAction(0, Call); PlayerAction(1, Raise); PlayerAction(0, Raise)] => [0.999677; 0.000323; 0.000000]
[PlayerGotCard(0, King); PlayerAction(0, Call); PlayerAction(1, Raise); PlayerAction(0, Call); CommunityCardIs(Queen); PlayerAction(0, Raise); PlayerAction(1, Raise)] => [0.070589; 0.929411; 0.000000]
[PlayerGotCard(1, King); PlayerAction(0, Call); PlayerAction(1, Raise); PlayerAction(0, Call); CommunityCardIs(Queen); PlayerAction(0, Raise)] => [0.448715; 0.489272; 0.062012]
[PlayerGotCard(1, King); PlayerAction(0, Call); PlayerAction(1, Raise); PlayerAction(0, Call); CommunityCardIs(Queen); PlayerAction(0, Call); PlayerAction(1, Raise); PlayerAction(0, Raise)] => [0.650320; 0.349680; 0.000000]
[PlayerGotCard(0, King); PlayerAction(0, Call); PlayerAction(1, Raise); PlayerAction(0, Call); CommunityCardIs(Queen); PlayerAction(0, Call); PlayerAction(1, Raise)] => [0.582149; 0.387588; 0.030262]
[PlayerGotCard(1, King); PlayerAction(0, Call); PlayerAction(1, Raise); PlayerAction(0, Call); CommunityCardIs(Queen); PlayerAction(0, Call)] => [0.786223; 0.000000; 0.213777]
[PlayerGotCard(0, King); PlayerAction(0, Call); PlayerAction(1, Raise); PlayerAction(0, Call); CommunityCardIs(Queen)] => [0.973750; 0.000000; 0.026250]
[PlayerGotCard(0, King); PlayerAction(0, Call); PlayerAction(1, Raise); PlayerAction(0, Call); CommunityCardIs(Jack); PlayerAction(0, Raise); PlayerAction(1, Raise)] => [0.029447; 0.970553; 0.000000]
[PlayerGotCard(1, King); PlayerAction(0, Call); PlayerAction(1, Raise); PlayerAction(0, Call); CommunityCardIs(Jack); PlayerAction(0, Raise)] => [0.794466; 0.185569; 0.019965]
[PlayerGotCard(1, King); PlayerAction(0, Call); PlayerAction(1, Raise); PlayerAction(0, Call); CommunityCardIs(Jack); PlayerAction(0, Call); PlayerAction(1, Raise); PlayerAction(0, Raise)] => [0.837649; 0.162351; 0.000000]
[PlayerGotCard(0, King); PlayerAction(0, Call); PlayerAction(1, Raise); PlayerAction(0, Call); CommunityCardIs(Jack); PlayerAction(0, Call); PlayerAction(1, Raise)] => [0.933892; 0.032642; 0.033467]
[PlayerGotCard(1, King); PlayerAction(0, Call); PlayerAction(1, Raise); PlayerAction(0, Call); CommunityCardIs(Jack); PlayerAction(0, Call)] => [0.930907; 0.000000; 0.069093]
[PlayerGotCard(0, King); PlayerAction(0, Call); PlayerAction(1, Raise); PlayerAction(0, Call); CommunityCardIs(Jack)] => [0.979649; 0.000000; 0.020351]
[PlayerGotCard(0, King); PlayerAction(0, Call); PlayerAction(1, Raise)] => [0.307010; 0.000215; 0.692775]
[PlayerGotCard(0, King); PlayerAction(0, Call); PlayerAction(1, Call); CommunityCardIs(Queen); PlayerAction(0, Raise); PlayerAction(1, Raise)] => [0.931598; 0.068402; 0.000000]
[PlayerGotCard(1, King); PlayerAction(0, Call); PlayerAction(1, Call); CommunityCardIs(Queen); PlayerAction(0, Raise)] => [0.917566; 0.060253; 0.022181]
[PlayerGotCard(1, King); PlayerAction(0, Call); PlayerAction(1, Call); CommunityCardIs(Queen); PlayerAction(0, Call); PlayerAction(1, Raise); PlayerAction(0, Raise)] => [0.987077; 0.012923; 0.000000]
[PlayerGotCard(0, King); PlayerAction(0, Call); PlayerAction(1, Call); CommunityCardIs(Queen); PlayerAction(0, Call); PlayerAction(1, Raise)] => [0.707806; 0.278035; 0.014160]
[PlayerGotCard(1, King); PlayerAction(0, Call); PlayerAction(1, Call); CommunityCardIs(Queen); PlayerAction(0, Call)] => [0.269425; 0.000000; 0.730575]
[PlayerGotCard(0, King); PlayerAction(0, Call); PlayerAction(1, Call); CommunityCardIs(Queen)] => [0.949923; 0.000000; 0.050078]
[PlayerGotCard(0, King); PlayerAction(0, Call); PlayerAction(1, Call); CommunityCardIs(Jack); PlayerAction(0, Raise); PlayerAction(1, Raise)] => [0.007899; 0.992101; 0.000000]
[PlayerGotCard(1, King); PlayerAction(0, Call); PlayerAction(1, Call); CommunityCardIs(Jack); PlayerAction(0, Raise)] => [0.001986; 0.992288; 0.005726]
[PlayerGotCard(1, King); PlayerAction(0, Call); PlayerAction(1, Call); CommunityCardIs(Jack); PlayerAction(0, Call); PlayerAction(1, Raise); PlayerAction(0, Raise)] => [0.005031; 0.994969; 0.000000]
[PlayerGotCard(0, King); PlayerAction(0, Call); PlayerAction(1, Call); CommunityCardIs(Jack); PlayerAction(0, Call); PlayerAction(1, Raise)] => [0.005760; 0.987094; 0.007146]
[PlayerGotCard(1, King); PlayerAction(0, Call); PlayerAction(1, Call); CommunityCardIs(Jack); PlayerAction(0, Call)] => [0.948956; 0.000000; 0.051044]
[PlayerGotCard(0, King); PlayerAction(0, Call); PlayerAction(1, Call); CommunityCardIs(Jack)] => [0.992767; 0.000000; 0.007233]
[PlayerGotCard(1, King); PlayerAction(0, Call)] => [0.017735; 0.000000; 0.982265]
[PlayerGotCard(0, King)] => [0.244287; 0.000000; 0.755713]
[PlayerGotCard(0, King); PlayerAction(0, Raise); PlayerAction(1, Raise); PlayerAction(0, Call); CommunityCardIs(King); PlayerAction(0, Raise); PlayerAction(1, Raise)] => [0.999482; 0.000518; 0.000000]
[PlayerGotCard(1, Queen); PlayerAction(0, Raise); PlayerAction(1, Raise); PlayerAction(0, Call); CommunityCardIs(King); PlayerAction(0, Raise)] => [0.279624; 0.668617; 0.051759]
[PlayerGotCard(1, Queen); PlayerAction(0, Raise); PlayerAction(1, Raise); PlayerAction(0, Call); CommunityCardIs(King); PlayerAction(0, Call); PlayerAction(1, Raise); PlayerAction(0, Raise)] => [0.180728; 0.819272; 0.000000]
[PlayerGotCard(0, King); PlayerAction(0, Raise); PlayerAction(1, Raise); PlayerAction(0, Call); CommunityCardIs(King); PlayerAction(0, Call); PlayerAction(1, Raise)] => [0.002042; 0.000345; 0.997612]
[PlayerGotCard(1, Queen); PlayerAction(0, Raise); PlayerAction(1, Raise); PlayerAction(0, Call); CommunityCardIs(King); PlayerAction(0, Call)] => [0.443436; 0.000000; 0.556564]
[PlayerGotCard(0, King); PlayerAction(0, Raise); PlayerAction(1, Raise); PlayerAction(0, Call); CommunityCardIs(King)] => [0.513386; 0.000000; 0.486614]
[PlayerGotCard(1, Queen); PlayerAction(0, Raise); PlayerAction(1, Raise); PlayerAction(0, Call); CommunityCardIs(Queen); PlayerAction(0, Raise)] => [0.001104; 0.000692; 0.998204]
[PlayerGotCard(1, Queen); PlayerAction(0, Raise); PlayerAction(1, Raise); PlayerAction(0, Call); CommunityCardIs(Queen); PlayerAction(0, Call); PlayerAction(1, Raise); PlayerAction(0, Raise)] => [0.998962; 0.001038; 0.000000]
[PlayerGotCard(1, Queen); PlayerAction(0, Raise); PlayerAction(1, Raise); PlayerAction(0, Call); CommunityCardIs(Queen); PlayerAction(0, Call)] => [0.003339; 0.000000; 0.996661]
[PlayerGotCard(1, Queen); PlayerAction(0, Raise); PlayerAction(1, Raise); PlayerAction(0, Call); CommunityCardIs(Jack); PlayerAction(0, Raise)] => [0.006122; 0.952681; 0.041197]
[PlayerGotCard(1, Queen); PlayerAction(0, Raise); PlayerAction(1, Raise); PlayerAction(0, Call); CommunityCardIs(Jack); PlayerAction(0, Call); PlayerAction(1, Raise); PlayerAction(0, Raise)] => [0.029427; 0.970573; 0.000000]
[PlayerGotCard(1, Queen); PlayerAction(0, Raise); PlayerAction(1, Raise); PlayerAction(0, Call); CommunityCardIs(Jack); PlayerAction(0, Call)] => [0.865148; 0.000000; 0.134852]
[PlayerGotCard(0, King); PlayerAction(0, Raise); PlayerAction(1, Call); CommunityCardIs(King); PlayerAction(0, Raise); PlayerAction(1, Raise)] => [0.999482; 0.000518; 0.000000]
[PlayerGotCard(1, Queen); PlayerAction(0, Raise); PlayerAction(1, Call); CommunityCardIs(King); PlayerAction(0, Raise)] => [0.314154; 0.568954; 0.116892]
[PlayerGotCard(1, Queen); PlayerAction(0, Raise); PlayerAction(1, Call); CommunityCardIs(King); PlayerAction(0, Call); PlayerAction(1, Raise); PlayerAction(0, Raise)] => [0.309428; 0.690572; 0.000000]
[PlayerGotCard(0, King); PlayerAction(0, Raise); PlayerAction(1, Call); CommunityCardIs(King); PlayerAction(0, Call); PlayerAction(1, Raise)] => [0.000938; 0.000345; 0.998717]
[PlayerGotCard(1, Queen); PlayerAction(0, Raise); PlayerAction(1, Call); CommunityCardIs(King); PlayerAction(0, Call)] => [0.614477; 0.000000; 0.385523]
[PlayerGotCard(0, King); PlayerAction(0, Raise); PlayerAction(1, Call); CommunityCardIs(King)] => [0.044927; 0.000000; 0.955072]
[PlayerGotCard(1, Queen); PlayerAction(0, Raise); PlayerAction(1, Call); CommunityCardIs(Queen); PlayerAction(0, Raise)] => [0.001302; 0.001040; 0.997658]
[PlayerGotCard(1, Queen); PlayerAction(0, Raise); PlayerAction(1, Call); CommunityCardIs(Queen); PlayerAction(0, Call); PlayerAction(1, Raise); PlayerAction(0, Raise)] => [0.998962; 0.001038; 0.000000]
[PlayerGotCard(1, Queen); PlayerAction(0, Raise); PlayerAction(1, Call); CommunityCardIs(Queen); PlayerAction(0, Call)] => [0.005595; 0.000000; 0.994405]
[PlayerGotCard(1, Queen); PlayerAction(0, Raise); PlayerAction(1, Call); CommunityCardIs(Jack); PlayerAction(0, Raise)] => [0.005989; 0.957462; 0.036548]
[PlayerGotCard(1, Queen); PlayerAction(0, Raise); PlayerAction(1, Call); CommunityCardIs(Jack); PlayerAction(0, Call); PlayerAction(1, Raise); PlayerAction(0, Raise)] => [0.041521; 0.958479; 0.000000]
[PlayerGotCard(1, Queen); PlayerAction(0, Raise); PlayerAction(1, Call); CommunityCardIs(Jack); PlayerAction(0, Call)] => [0.866671; 0.000000; 0.133329]
[PlayerGotCard(1, Queen); PlayerAction(0, Raise)] => [0.220085; 0.314511; 0.465404]
[PlayerGotCard(0, King); PlayerAction(0, Call); PlayerAction(1, Raise); PlayerAction(0, Raise); PlayerAction(1, Call); CommunityCardIs(King); PlayerAction(0, Raise); PlayerAction(1, Raise)] => [0.999482; 0.000518; 0.000000]
[PlayerGotCard(1, Queen); PlayerAction(0, Call); PlayerAction(1, Raise); PlayerAction(0, Raise); PlayerAction(1, Call); CommunityCardIs(King); PlayerAction(0, Raise)] => [0.318020; 0.646654; 0.035326]
[PlayerGotCard(1, Queen); PlayerAction(0, Call); PlayerAction(1, Raise); PlayerAction(0, Raise); PlayerAction(1, Call); CommunityCardIs(King); PlayerAction(0, Call); PlayerAction(1, Raise); PlayerAction(0, Raise)] => [0.056303; 0.943697; 0.000000]
[PlayerGotCard(0, King); PlayerAction(0, Call); PlayerAction(1, Raise); PlayerAction(0, Raise); PlayerAction(1, Call); CommunityCardIs(King); PlayerAction(0, Call); PlayerAction(1, Raise)] => [0.001985; 0.000345; 0.997670]
[PlayerGotCard(1, Queen); PlayerAction(0, Call); PlayerAction(1, Raise); PlayerAction(0, Raise); PlayerAction(1, Call); CommunityCardIs(King); PlayerAction(0, Call)] => [0.527276; 0.000000; 0.472724]
[PlayerGotCard(0, King); PlayerAction(0, Call); PlayerAction(1, Raise); PlayerAction(0, Raise); PlayerAction(1, Call); CommunityCardIs(King)] => [0.087329; 0.000000; 0.912671]
[PlayerGotCard(1, Queen); PlayerAction(0, Call); PlayerAction(1, Raise); PlayerAction(0, Raise); PlayerAction(1, Call); CommunityCardIs(Queen); PlayerAction(0, Raise)] => [0.002475; 0.000345; 0.997180]
[PlayerGotCard(1, Queen); PlayerAction(0, Call); PlayerAction(1, Raise); PlayerAction(0, Raise); PlayerAction(1, Call); CommunityCardIs(Queen); PlayerAction(0, Call); PlayerAction(1, Raise); PlayerAction(0, Raise)] => [0.998962; 0.001038; 0.000000]
[PlayerGotCard(1, Queen); PlayerAction(0, Call); PlayerAction(1, Raise); PlayerAction(0, Raise); PlayerAction(1, Call); CommunityCardIs(Queen); PlayerAction(0, Call)] => [0.002243; 0.000000; 0.997757]
[PlayerGotCard(1, Queen); PlayerAction(0, Call); PlayerAction(1, Raise); PlayerAction(0, Raise); PlayerAction(1, Call); CommunityCardIs(Jack); PlayerAction(0, Raise)] => [0.001146; 0.944331; 0.054523]
[PlayerGotCard(1, Queen); PlayerAction(0, Call); PlayerAction(1, Raise); PlayerAction(0, Raise); PlayerAction(1, Call); CommunityCardIs(Jack); PlayerAction(0, Call); PlayerAction(1, Raise); PlayerAction(0, Raise)] => [0.005096; 0.994904; 0.000000]
[PlayerGotCard(1, Queen); PlayerAction(0, Call); PlayerAction(1, Raise); PlayerAction(0, Raise); PlayerAction(1, Call); CommunityCardIs(Jack); PlayerAction(0, Call)] => [0.945509; 0.000000; 0.054491]
[PlayerGotCard(1, Queen); PlayerAction(0, Call); PlayerAction(1, Raise); PlayerAction(0, Raise)] => [0.998152; 0.001848; 0.000000]
[PlayerGotCard(0, King); PlayerAction(0, Call); PlayerAction(1, Raise); PlayerAction(0, Call); CommunityCardIs(King); PlayerAction(0, Raise); PlayerAction(1, Raise)] => [0.999482; 0.000518; 0.000000]
[PlayerGotCard(1, Queen); PlayerAction(0, Call); PlayerAction(1, Raise); PlayerAction(0, Call); CommunityCardIs(King); PlayerAction(0, Raise)] => [0.311187; 0.543175; 0.145638]
[PlayerGotCard(1, Queen); PlayerAction(0, Call); PlayerAction(1, Raise); PlayerAction(0, Call); CommunityCardIs(King); PlayerAction(0, Call); PlayerAction(1, Raise); PlayerAction(0, Raise)] => [0.187725; 0.812275; 0.000000]
[PlayerGotCard(0, King); PlayerAction(0, Call); PlayerAction(1, Raise); PlayerAction(0, Call); CommunityCardIs(King); PlayerAction(0, Call); PlayerAction(1, Raise)] => [0.001318; 0.000345; 0.998336]
[PlayerGotCard(1, Queen); PlayerAction(0, Call); PlayerAction(1, Raise); PlayerAction(0, Call); CommunityCardIs(King); PlayerAction(0, Call)] => [0.449231; 0.000000; 0.550769]
[PlayerGotCard(0, King); PlayerAction(0, Call); PlayerAction(1, Raise); PlayerAction(0, Call); CommunityCardIs(King)] => [0.755524; 0.000000; 0.244476]
[PlayerGotCard(1, Queen); PlayerAction(0, Call); PlayerAction(1, Raise); PlayerAction(0, Call); CommunityCardIs(Queen); PlayerAction(0, Raise)] => [0.001302; 0.001040; 0.997658]
[PlayerGotCard(1, Queen); PlayerAction(0, Call); PlayerAction(1, Raise); PlayerAction(0, Call); CommunityCardIs(Queen); PlayerAction(0, Call); PlayerAction(1, Raise); PlayerAction(0, Raise)] => [0.998962; 0.001038; 0.000000]
[PlayerGotCard(1, Queen); PlayerAction(0, Call); PlayerAction(1, Raise); PlayerAction(0, Call); CommunityCardIs(Queen); PlayerAction(0, Call)] => [0.008466; 0.000000; 0.991534]
[PlayerGotCard(1, Queen); PlayerAction(0, Call); PlayerAction(1, Raise); PlayerAction(0, Call); CommunityCardIs(Jack); PlayerAction(0, Raise)] => [0.003044; 0.971008; 0.025948]
[PlayerGotCard(1, Queen); PlayerAction(0, Call); PlayerAction(1, Raise); PlayerAction(0, Call); CommunityCardIs(Jack); PlayerAction(0, Call); PlayerAction(1, Raise); PlayerAction(0, Raise)] => [0.315951; 0.684049; 0.000000]
[PlayerGotCard(1, Queen); PlayerAction(0, Call); PlayerAction(1, Raise); PlayerAction(0, Call); CommunityCardIs(Jack); PlayerAction(0, Call)] => [0.434555; 0.000000; 0.565445]
[PlayerGotCard(0, King); PlayerAction(0, Call); PlayerAction(1, Call); CommunityCardIs(King); PlayerAction(0, Raise); PlayerAction(1, Raise)] => [0.999482; 0.000518; 0.000000]
[PlayerGotCard(1, Queen); PlayerAction(0, Call); PlayerAction(1, Call); CommunityCardIs(King); PlayerAction(0, Raise)] => [0.760566; 0.214140; 0.025294]
[PlayerGotCard(1, Queen); PlayerAction(0, Call); PlayerAction(1, Call); CommunityCardIs(King); PlayerAction(0, Call); PlayerAction(1, Raise); PlayerAction(0, Raise)] => [0.966382; 0.033618; 0.000000]
[PlayerGotCard(0, King); PlayerAction(0, Call); PlayerAction(1, Call); CommunityCardIs(King); PlayerAction(0, Call); PlayerAction(1, Raise)] => [0.000941; 0.000345; 0.998714]
[PlayerGotCard(1, Queen); PlayerAction(0, Call); PlayerAction(1, Call); CommunityCardIs(King); PlayerAction(0, Call)] => [0.891935; 0.000000; 0.108065]
[PlayerGotCard(0, King); PlayerAction(0, Call); PlayerAction(1, Call); CommunityCardIs(King)] => [0.394494; 0.000000; 0.605506]
[PlayerGotCard(1, Queen); PlayerAction(0, Call); PlayerAction(1, Call); CommunityCardIs(Queen); PlayerAction(0, Raise)] => [0.001171; 0.001040; 0.997789]
[PlayerGotCard(1, Queen); PlayerAction(0, Call); PlayerAction(1, Call); CommunityCardIs(Queen); PlayerAction(0, Call); PlayerAction(1, Raise); PlayerAction(0, Raise)] => [0.999482; 0.000518; 0.000000]
[PlayerGotCard(1, Queen); PlayerAction(0, Call); PlayerAction(1, Call); CommunityCardIs(Queen); PlayerAction(0, Call)] => [0.000518; 0.000000; 0.999482]
[PlayerGotCard(1, Queen); PlayerAction(0, Call); PlayerAction(1, Call); CommunityCardIs(Jack); PlayerAction(0, Raise)] => [0.000383; 0.991751; 0.007866]
[PlayerGotCard(1, Queen); PlayerAction(0, Call); PlayerAction(1, Call); CommunityCardIs(Jack); PlayerAction(0, Call); PlayerAction(1, Raise); PlayerAction(0, Raise)] => [0.001578; 0.998422; 0.000000]
[PlayerGotCard(1, Queen); PlayerAction(0, Call); PlayerAction(1, Call); CommunityCardIs(Jack); PlayerAction(0, Call)] => [0.916633; 0.000000; 0.083367]
[PlayerGotCard(1, Queen); PlayerAction(0, Call)] => [0.230920; 0.000000; 0.769080]
[PlayerGotCard(1, Jack); PlayerAction(0, Raise); PlayerAction(1, Raise); PlayerAction(0, Call); CommunityCardIs(King); PlayerAction(0, Raise)] => [0.022987; 0.116177; 0.860837]
[PlayerGotCard(1, Jack); PlayerAction(0, Raise); PlayerAction(1, Raise); PlayerAction(0, Call); CommunityCardIs(King); PlayerAction(0, Call); PlayerAction(1, Raise); PlayerAction(0, Raise)] => [0.030872; 0.969128; 0.000000]
[PlayerGotCard(1, Jack); PlayerAction(0, Raise); PlayerAction(1, Raise); PlayerAction(0, Call); CommunityCardIs(King); PlayerAction(0, Call)] => [0.062240; 0.000000; 0.937760]
[PlayerGotCard(1, Jack); PlayerAction(0, Raise); PlayerAction(1, Raise); PlayerAction(0, Call); CommunityCardIs(Queen); PlayerAction(0, Raise)] => [0.006085; 0.816488; 0.177426]
[PlayerGotCard(1, Jack); PlayerAction(0, Raise); PlayerAction(1, Raise); PlayerAction(0, Call); CommunityCardIs(Queen); PlayerAction(0, Call); PlayerAction(1, Raise); PlayerAction(0, Raise)] => [0.001282; 0.998718; 0.000000]
[PlayerGotCard(1, Jack); PlayerAction(0, Raise); PlayerAction(1, Raise); PlayerAction(0, Call); CommunityCardIs(Queen); PlayerAction(0, Call)] => [0.969864; 0.000000; 0.030136]
[PlayerGotCard(1, Jack); PlayerAction(0, Raise); PlayerAction(1, Raise); PlayerAction(0, Call); CommunityCardIs(Jack); PlayerAction(0, Raise)] => [0.002981; 0.000345; 0.996673]
[PlayerGotCard(1, Jack); PlayerAction(0, Raise); PlayerAction(1, Raise); PlayerAction(0, Call); CommunityCardIs(Jack); PlayerAction(0, Call); PlayerAction(1, Raise); PlayerAction(0, Raise)] => [0.999482; 0.000518; 0.000000]
[PlayerGotCard(1, Jack); PlayerAction(0, Raise); PlayerAction(1, Raise); PlayerAction(0, Call); CommunityCardIs(Jack); PlayerAction(0, Call)] => [0.001717; 0.000000; 0.998283]
[PlayerGotCard(1, Jack); PlayerAction(0, Raise); PlayerAction(1, Call); CommunityCardIs(King); PlayerAction(0, Raise)] => [0.001359; 0.779884; 0.218757]
[PlayerGotCard(1, Jack); PlayerAction(0, Raise); PlayerAction(1, Call); CommunityCardIs(King); PlayerAction(0, Call); PlayerAction(1, Raise); PlayerAction(0, Raise)] => [0.028663; 0.971337; 0.000000]
[PlayerGotCard(1, Jack); PlayerAction(0, Raise); PlayerAction(1, Call); CommunityCardIs(King); PlayerAction(0, Call)] => [0.797762; 0.000000; 0.202238]
[PlayerGotCard(1, Jack); PlayerAction(0, Raise); PlayerAction(1, Call); CommunityCardIs(Queen); PlayerAction(0, Raise)] => [0.018263; 0.906369; 0.075368]
[PlayerGotCard(1, Jack); PlayerAction(0, Raise); PlayerAction(1, Call); CommunityCardIs(Queen); PlayerAction(0, Call); PlayerAction(1, Raise); PlayerAction(0, Raise)] => [0.001094; 0.998906; 0.000000]
[PlayerGotCard(1, Jack); PlayerAction(0, Raise); PlayerAction(1, Call); CommunityCardIs(Queen); PlayerAction(0, Call)] => [0.369469; 0.000000; 0.630531]
[PlayerGotCard(1, Jack); PlayerAction(0, Raise); PlayerAction(1, Call); CommunityCardIs(Jack); PlayerAction(0, Raise)] => [0.002454; 0.000345; 0.997200]
[PlayerGotCard(1, Jack); PlayerAction(0, Raise); PlayerAction(1, Call); CommunityCardIs(Jack); PlayerAction(0, Call); PlayerAction(1, Raise); PlayerAction(0, Raise)] => [0.999482; 0.000518; 0.000000]
[PlayerGotCard(1, Jack); PlayerAction(0, Raise); PlayerAction(1, Call); CommunityCardIs(Jack); PlayerAction(0, Call)] => [0.001604; 0.000000; 0.998396]
[PlayerGotCard(1, Jack); PlayerAction(0, Raise)] => [0.130849; 0.745068; 0.124083]
[PlayerGotCard(1, Jack); PlayerAction(0, Call); PlayerAction(1, Raise); PlayerAction(0, Raise); PlayerAction(1, Call); CommunityCardIs(King); PlayerAction(0, Raise)] => [0.004616; 0.769665; 0.225718]
[PlayerGotCard(1, Jack); PlayerAction(0, Call); PlayerAction(1, Raise); PlayerAction(0, Raise); PlayerAction(1, Call); CommunityCardIs(King); PlayerAction(0, Call); PlayerAction(1, Raise); PlayerAction(0, Raise)] => [0.044478; 0.955522; 0.000000]
[PlayerGotCard(1, Jack); PlayerAction(0, Call); PlayerAction(1, Raise); PlayerAction(0, Raise); PlayerAction(1, Call); CommunityCardIs(King); PlayerAction(0, Call)] => [0.763608; 0.000000; 0.236392]
[PlayerGotCard(1, Jack); PlayerAction(0, Call); PlayerAction(1, Raise); PlayerAction(0, Raise); PlayerAction(1, Call); CommunityCardIs(Queen); PlayerAction(0, Raise)] => [0.003199; 0.933780; 0.063020]
[PlayerGotCard(1, Jack); PlayerAction(0, Call); PlayerAction(1, Raise); PlayerAction(0, Raise); PlayerAction(1, Call); CommunityCardIs(Queen); PlayerAction(0, Call); PlayerAction(1, Raise); PlayerAction(0, Raise)] => [0.004355; 0.995645; 0.000000]
[PlayerGotCard(1, Jack); PlayerAction(0, Call); PlayerAction(1, Raise); PlayerAction(0, Raise); PlayerAction(1, Call); CommunityCardIs(Queen); PlayerAction(0, Call)] => [0.939175; 0.000000; 0.060825]
[PlayerGotCard(1, Jack); PlayerAction(0, Call); PlayerAction(1, Raise); PlayerAction(0, Raise); PlayerAction(1, Call); CommunityCardIs(Jack); PlayerAction(0, Raise)] => [0.005824; 0.002446; 0.991730]
[PlayerGotCard(1, Jack); PlayerAction(0, Call); PlayerAction(1, Raise); PlayerAction(0, Raise); PlayerAction(1, Call); CommunityCardIs(Jack); PlayerAction(0, Call); PlayerAction(1, Raise); PlayerAction(0, Raise)] => [0.998440; 0.001560; 0.000000]
[PlayerGotCard(1, Jack); PlayerAction(0, Call); PlayerAction(1, Raise); PlayerAction(0, Raise); PlayerAction(1, Call); CommunityCardIs(Jack); PlayerAction(0, Call)] => [0.003263; 0.000000; 0.996737]
[PlayerGotCard(1, Jack); PlayerAction(0, Call); PlayerAction(1, Raise); PlayerAction(0, Raise)] => [0.995816; 0.004184; 0.000000]
[PlayerGotCard(1, Jack); PlayerAction(0, Call); PlayerAction(1, Raise); PlayerAction(0, Call); CommunityCardIs(King); PlayerAction(0, Raise)] => [0.000783; 0.727924; 0.271293]
[PlayerGotCard(1, Jack); PlayerAction(0, Call); PlayerAction(1, Raise); PlayerAction(0, Call); CommunityCardIs(King); PlayerAction(0, Call); PlayerAction(1, Raise); PlayerAction(0, Raise)] => [0.013276; 0.986724; 0.000000]
[PlayerGotCard(1, Jack); PlayerAction(0, Call); PlayerAction(1, Raise); PlayerAction(0, Call); CommunityCardIs(King); PlayerAction(0, Call)] => [0.557950; 0.000000; 0.442050]
[PlayerGotCard(1, Jack); PlayerAction(0, Call); PlayerAction(1, Raise); PlayerAction(0, Call); CommunityCardIs(Queen); PlayerAction(0, Raise)] => [0.011271; 0.948869; 0.039860]
[PlayerGotCard(1, Jack); PlayerAction(0, Call); PlayerAction(1, Raise); PlayerAction(0, Call); CommunityCardIs(Queen); PlayerAction(0, Call); PlayerAction(1, Raise); PlayerAction(0, Raise)] => [0.003562; 0.996438; 0.000000]
[PlayerGotCard(1, Jack); PlayerAction(0, Call); PlayerAction(1, Raise); PlayerAction(0, Call); CommunityCardIs(Queen); PlayerAction(0, Call)] => [0.702967; 0.000000; 0.297033]
[PlayerGotCard(1, Jack); PlayerAction(0, Call); PlayerAction(1, Raise); PlayerAction(0, Call); CommunityCardIs(Jack); PlayerAction(0, Raise)] => [0.003923; 0.002446; 0.993631]
[PlayerGotCard(1, Jack); PlayerAction(0, Call); PlayerAction(1, Raise); PlayerAction(0, Call); CommunityCardIs(Jack); PlayerAction(0, Call); PlayerAction(1, Raise); PlayerAction(0, Raise)] => [0.998440; 0.001560; 0.000000]
[PlayerGotCard(1, Jack); PlayerAction(0, Call); PlayerAction(1, Raise); PlayerAction(0, Call); CommunityCardIs(Jack); PlayerAction(0, Call)] => [0.007927; 0.000000; 0.992073]
[PlayerGotCard(1, Jack); PlayerAction(0, Call); PlayerAction(1, Call); CommunityCardIs(King); PlayerAction(0, Raise)] => [0.001944; 0.987515; 0.010541]
[PlayerGotCard(1, Jack); PlayerAction(0, Call); PlayerAction(1, Call); CommunityCardIs(King); PlayerAction(0, Call); PlayerAction(1, Raise); PlayerAction(0, Raise)] => [0.022457; 0.977543; 0.000000]
[PlayerGotCard(1, Jack); PlayerAction(0, Call); PlayerAction(1, Call); CommunityCardIs(King); PlayerAction(0, Call)] => [0.918201; 0.000000; 0.081799]
[PlayerGotCard(1, Jack); PlayerAction(0, Call); PlayerAction(1, Call); CommunityCardIs(Queen); PlayerAction(0, Raise)] => [0.005328; 0.941506; 0.053166]
[PlayerGotCard(1, Jack); PlayerAction(0, Call); PlayerAction(1, Call); CommunityCardIs(Queen); PlayerAction(0, Call); PlayerAction(1, Raise); PlayerAction(0, Raise)] => [0.082262; 0.917738; 0.000000]
[PlayerGotCard(1, Jack); PlayerAction(0, Call); PlayerAction(1, Call); CommunityCardIs(Queen); PlayerAction(0, Call)] => [0.906580; 0.000000; 0.093420]
[PlayerGotCard(1, Jack); PlayerAction(0, Call); PlayerAction(1, Call); CommunityCardIs(Jack); PlayerAction(0, Raise)] => [0.004539; 0.001740; 0.993720]
[PlayerGotCard(1, Jack); PlayerAction(0, Call); PlayerAction(1, Call); CommunityCardIs(Jack); PlayerAction(0, Call); PlayerAction(1, Raise); PlayerAction(0, Raise)] => [0.998440; 0.001560; 0.000000]
[PlayerGotCard(1, Jack); PlayerAction(0, Call); PlayerAction(1, Call); CommunityCardIs(Jack); PlayerAction(0, Call)] => [0.001560; 0.000000; 0.998440]
[PlayerGotCard(1, Jack); PlayerAction(0, Call)] => [0.596055; 0.000000; 0.403945]
[PlayerGotCard(0, Queen); PlayerAction(0, Raise); PlayerAction(1, Raise); PlayerAction(0, Call); CommunityCardIs(King); PlayerAction(0, Raise); PlayerAction(1, Raise)] => [0.090512; 0.909488; 0.000000]
[PlayerGotCard(1, King); PlayerAction(0, Raise); PlayerAction(1, Raise); PlayerAction(0, Call); CommunityCardIs(King); PlayerAction(0, Raise)] => [0.001179; 0.000345; 0.998476]
[PlayerGotCard(1, King); PlayerAction(0, Raise); PlayerAction(1, Raise); PlayerAction(0, Call); CommunityCardIs(King); PlayerAction(0, Call); PlayerAction(1, Raise); PlayerAction(0, Raise)] => [0.999482; 0.000518; 0.000000]
[PlayerGotCard(0, Queen); PlayerAction(0, Raise); PlayerAction(1, Raise); PlayerAction(0, Call); CommunityCardIs(King); PlayerAction(0, Call); PlayerAction(1, Raise)] => [0.239055; 0.708767; 0.052178]
[PlayerGotCard(1, King); PlayerAction(0, Raise); PlayerAction(1, Raise); PlayerAction(0, Call); CommunityCardIs(King); PlayerAction(0, Call)] => [0.000518; 0.000000; 0.999482]
[PlayerGotCard(0, Queen); PlayerAction(0, Raise); PlayerAction(1, Raise); PlayerAction(0, Call); CommunityCardIs(King)] => [0.914018; 0.000000; 0.085982]
[PlayerGotCard(0, Queen); PlayerAction(0, Raise); PlayerAction(1, Raise); PlayerAction(0, Call); CommunityCardIs(Queen); PlayerAction(0, Raise); PlayerAction(1, Raise)] => [0.999482; 0.000518; 0.000000]
[PlayerGotCard(0, Queen); PlayerAction(0, Raise); PlayerAction(1, Raise); PlayerAction(0, Call); CommunityCardIs(Queen); PlayerAction(0, Call); PlayerAction(1, Raise)] => [0.004433; 0.000345; 0.995222]
[PlayerGotCard(0, Queen); PlayerAction(0, Raise); PlayerAction(1, Raise); PlayerAction(0, Call); CommunityCardIs(Queen)] => [0.054819; 0.000000; 0.945181]
[PlayerGotCard(0, Queen); PlayerAction(0, Raise); PlayerAction(1, Raise); PlayerAction(0, Call); CommunityCardIs(Jack); PlayerAction(0, Raise); PlayerAction(1, Raise)] => [0.021939; 0.978061; 0.000000]
[PlayerGotCard(0, Queen); PlayerAction(0, Raise); PlayerAction(1, Raise); PlayerAction(0, Call); CommunityCardIs(Jack); PlayerAction(0, Call); PlayerAction(1, Raise)] => [0.005423; 0.977155; 0.017422]
[PlayerGotCard(0, Queen); PlayerAction(0, Raise); PlayerAction(1, Raise); PlayerAction(0, Call); CommunityCardIs(Jack)] => [0.945259; 0.000000; 0.054741]
[PlayerGotCard(0, Queen); PlayerAction(0, Raise); PlayerAction(1, Raise)] => [0.996220; 0.003780; 0.000000]
[PlayerGotCard(0, Queen); PlayerAction(0, Raise); PlayerAction(1, Call); CommunityCardIs(King); PlayerAction(0, Raise); PlayerAction(1, Raise)] => [0.375347; 0.624653; 0.000000]
[PlayerGotCard(1, King); PlayerAction(0, Raise); PlayerAction(1, Call); CommunityCardIs(King); PlayerAction(0, Raise)] => [0.001103; 0.000345; 0.998551]
[PlayerGotCard(1, King); PlayerAction(0, Raise); PlayerAction(1, Call); CommunityCardIs(King); PlayerAction(0, Call); PlayerAction(1, Raise); PlayerAction(0, Raise)] => [0.999482; 0.000518; 0.000000]
[PlayerGotCard(0, Queen); PlayerAction(0, Raise); PlayerAction(1, Call); CommunityCardIs(King); PlayerAction(0, Call); PlayerAction(1, Raise)] => [0.542124; 0.406400; 0.051476]
[PlayerGotCard(1, King); PlayerAction(0, Raise); PlayerAction(1, Call); CommunityCardIs(King); PlayerAction(0, Call)] => [0.000518; 0.000000; 0.999482]
[PlayerGotCard(0, Queen); PlayerAction(0, Raise); PlayerAction(1, Call); CommunityCardIs(King)] => [0.220213; 0.000000; 0.779787]
[PlayerGotCard(0, Queen); PlayerAction(0, Raise); PlayerAction(1, Call); CommunityCardIs(Queen); PlayerAction(0, Raise); PlayerAction(1, Raise)] => [0.998962; 0.001038; 0.000000]
[PlayerGotCard(0, Queen); PlayerAction(0, Raise); PlayerAction(1, Call); CommunityCardIs(Queen); PlayerAction(0, Call); PlayerAction(1, Raise)] => [0.003425; 0.003157; 0.993417]
[PlayerGotCard(0, Queen); PlayerAction(0, Raise); PlayerAction(1, Call); CommunityCardIs(Queen)] => [0.438717; 0.000000; 0.561283]
[PlayerGotCard(0, Queen); PlayerAction(0, Raise); PlayerAction(1, Call); CommunityCardIs(Jack); PlayerAction(0, Raise); PlayerAction(1, Raise)] => [0.003597; 0.996403; 0.000000]
[PlayerGotCard(0, Queen); PlayerAction(0, Raise); PlayerAction(1, Call); CommunityCardIs(Jack); PlayerAction(0, Call); PlayerAction(1, Raise)] => [0.001359; 0.983216; 0.015425]
[PlayerGotCard(0, Queen); PlayerAction(0, Raise); PlayerAction(1, Call); CommunityCardIs(Jack)] => [0.959921; 0.000000; 0.040079]
[PlayerGotCard(0, Queen); PlayerAction(0, Call); PlayerAction(1, Raise); PlayerAction(0, Raise); PlayerAction(1, Call); CommunityCardIs(King); PlayerAction(0, Raise); PlayerAction(1, Raise)] => [0.190762; 0.809238; 0.000000]
[PlayerGotCard(1, King); PlayerAction(0, Call); PlayerAction(1, Raise); PlayerAction(0, Raise); PlayerAction(1, Call); CommunityCardIs(King); PlayerAction(0, Raise)] => [0.001308; 0.000345; 0.998346]
[PlayerGotCard(1, King); PlayerAction(0, Call); PlayerAction(1, Raise); PlayerAction(0, Raise); PlayerAction(1, Call); CommunityCardIs(King); PlayerAction(0, Call); PlayerAction(1, Raise); PlayerAction(0, Raise)] => [0.999482; 0.000518; 0.000000]
[PlayerGotCard(0, Queen); PlayerAction(0, Call); PlayerAction(1, Raise); PlayerAction(0, Raise); PlayerAction(1, Call); CommunityCardIs(King); PlayerAction(0, Call); PlayerAction(1, Raise)] => [0.571118; 0.376193; 0.052689]
[PlayerGotCard(1, King); PlayerAction(0, Call); PlayerAction(1, Raise); PlayerAction(0, Raise); PlayerAction(1, Call); CommunityCardIs(King); PlayerAction(0, Call)] => [0.000518; 0.000000; 0.999482]
[PlayerGotCard(0, Queen); PlayerAction(0, Call); PlayerAction(1, Raise); PlayerAction(0, Raise); PlayerAction(1, Call); CommunityCardIs(King)] => [0.653122; 0.000000; 0.346878]
[PlayerGotCard(0, Queen); PlayerAction(0, Call); PlayerAction(1, Raise); PlayerAction(0, Raise); PlayerAction(1, Call); CommunityCardIs(Queen); PlayerAction(0, Raise); PlayerAction(1, Raise)] => [0.998962; 0.001038; 0.000000]
[PlayerGotCard(0, Queen); PlayerAction(0, Call); PlayerAction(1, Raise); PlayerAction(0, Raise); PlayerAction(1, Call); CommunityCardIs(Queen); PlayerAction(0, Call); PlayerAction(1, Raise)] => [0.003585; 0.000692; 0.995723]
[PlayerGotCard(0, Queen); PlayerAction(0, Call); PlayerAction(1, Raise); PlayerAction(0, Raise); PlayerAction(1, Call); CommunityCardIs(Queen)] => [0.340145; 0.000000; 0.659855]
[PlayerGotCard(0, Queen); PlayerAction(0, Call); PlayerAction(1, Raise); PlayerAction(0, Raise); PlayerAction(1, Call); CommunityCardIs(Jack); PlayerAction(0, Raise); PlayerAction(1, Raise)] => [0.016514; 0.983486; 0.000000]
[PlayerGotCard(0, Queen); PlayerAction(0, Call); PlayerAction(1, Raise); PlayerAction(0, Raise); PlayerAction(1, Call); CommunityCardIs(Jack); PlayerAction(0, Call); PlayerAction(1, Raise)] => [0.002570; 0.989120; 0.008310]
[PlayerGotCard(0, Queen); PlayerAction(0, Call); PlayerAction(1, Raise); PlayerAction(0, Raise); PlayerAction(1, Call); CommunityCardIs(Jack)] => [0.931990; 0.000000; 0.068010]
[PlayerGotCard(0, Queen); PlayerAction(0, Call); PlayerAction(1, Raise); PlayerAction(0, Call); CommunityCardIs(King); PlayerAction(0, Raise); PlayerAction(1, Raise)] => [0.310634; 0.689366; 0.000000]
[PlayerGotCard(1, King); PlayerAction(0, Call); PlayerAction(1, Raise); PlayerAction(0, Call); CommunityCardIs(King); PlayerAction(0, Raise)] => [0.000785; 0.000345; 0.998870]
[PlayerGotCard(1, King); PlayerAction(0, Call); PlayerAction(1, Raise); PlayerAction(0, Call); CommunityCardIs(King); PlayerAction(0, Call); PlayerAction(1, Raise); PlayerAction(0, Raise)] => [0.999482; 0.000518; 0.000000]
[PlayerGotCard(0, Queen); PlayerAction(0, Call); PlayerAction(1, Raise); PlayerAction(0, Call); CommunityCardIs(King); PlayerAction(0, Call); PlayerAction(1, Raise)] => [0.456068; 0.494940; 0.048993]
[PlayerGotCard(1, King); PlayerAction(0, Call); PlayerAction(1, Raise); PlayerAction(0, Call); CommunityCardIs(King); PlayerAction(0, Call)] => [0.000518; 0.000000; 0.999482]
[PlayerGotCard(0, Queen); PlayerAction(0, Call); PlayerAction(1, Raise); PlayerAction(0, Call); CommunityCardIs(King)] => [0.917475; 0.000000; 0.082525]
[PlayerGotCard(0, Queen); PlayerAction(0, Call); PlayerAction(1, Raise); PlayerAction(0, Call); CommunityCardIs(Queen); PlayerAction(0, Raise); PlayerAction(1, Raise)] => [0.998962; 0.001038; 0.000000]
[PlayerGotCard(0, Queen); PlayerAction(0, Call); PlayerAction(1, Raise); PlayerAction(0, Call); CommunityCardIs(Queen); PlayerAction(0, Call); PlayerAction(1, Raise)] => [0.002647; 0.001389; 0.995964]
[PlayerGotCard(0, Queen); PlayerAction(0, Call); PlayerAction(1, Raise); PlayerAction(0, Call); CommunityCardIs(Queen)] => [0.060217; 0.000000; 0.939783]
[PlayerGotCard(0, Queen); PlayerAction(0, Call); PlayerAction(1, Raise); PlayerAction(0, Call); CommunityCardIs(Jack); PlayerAction(0, Raise); PlayerAction(1, Raise)] => [0.008854; 0.991147; 0.000000]
[PlayerGotCard(0, Queen); PlayerAction(0, Call); PlayerAction(1, Raise); PlayerAction(0, Call); CommunityCardIs(Jack); PlayerAction(0, Call); PlayerAction(1, Raise)] => [0.010482; 0.955183; 0.034335]
[PlayerGotCard(0, Queen); PlayerAction(0, Call); PlayerAction(1, Raise); PlayerAction(0, Call); CommunityCardIs(Jack)] => [0.932152; 0.000000; 0.067848]
[PlayerGotCard(0, Queen); PlayerAction(0, Call); PlayerAction(1, Raise)] => [0.736583; 0.072673; 0.190744]
[PlayerGotCard(0, Queen); PlayerAction(0, Call); PlayerAction(1, Call); CommunityCardIs(King); PlayerAction(0, Raise); PlayerAction(1, Raise)] => [0.767557; 0.232443; 0.000000]
[PlayerGotCard(1, King); PlayerAction(0, Call); PlayerAction(1, Call); CommunityCardIs(King); PlayerAction(0, Raise)] => [0.001240; 0.000345; 0.998414]
[PlayerGotCard(1, King); PlayerAction(0, Call); PlayerAction(1, Call); CommunityCardIs(King); PlayerAction(0, Call); PlayerAction(1, Raise); PlayerAction(0, Raise)] => [0.999482; 0.000518; 0.000000]
[PlayerGotCard(0, Queen); PlayerAction(0, Call); PlayerAction(1, Call); CommunityCardIs(King); PlayerAction(0, Call); PlayerAction(1, Raise)] => [0.675954; 0.028558; 0.295488]
[PlayerGotCard(1, King); PlayerAction(0, Call); PlayerAction(1, Call); CommunityCardIs(King); PlayerAction(0, Call)] => [0.000518; 0.000000; 0.999482]
[PlayerGotCard(0, Queen); PlayerAction(0, Call); PlayerAction(1, Call); CommunityCardIs(King)] => [0.940241; 0.000000; 0.059759]
[PlayerGotCard(0, Queen); PlayerAction(0, Call); PlayerAction(1, Call); CommunityCardIs(Queen); PlayerAction(0, Raise); PlayerAction(1, Raise)] => [0.999482; 0.000518; 0.000000]
[PlayerGotCard(0, Queen); PlayerAction(0, Call); PlayerAction(1, Call); CommunityCardIs(Queen); PlayerAction(0, Call); PlayerAction(1, Raise)] => [0.007151; 0.003874; 0.988975]
[PlayerGotCard(0, Queen); PlayerAction(0, Call); PlayerAction(1, Call); CommunityCardIs(Queen)] => [0.257842; 0.000000; 0.742158]
[PlayerGotCard(0, Queen); PlayerAction(0, Call); PlayerAction(1, Call); CommunityCardIs(Jack); PlayerAction(0, Raise); PlayerAction(1, Raise)] => [0.001868; 0.998132; 0.000000]
[PlayerGotCard(0, Queen); PlayerAction(0, Call); PlayerAction(1, Call); CommunityCardIs(Jack); PlayerAction(0, Call); PlayerAction(1, Raise)] => [0.000679; 0.994601; 0.004719]
[PlayerGotCard(0, Queen); PlayerAction(0, Call); PlayerAction(1, Call); CommunityCardIs(Jack)] => [0.988988; 0.000000; 0.011012]
[PlayerGotCard(0, Queen)] => [0.248995; 0.000000; 0.751005]
[PlayerGotCard(0, Jack); PlayerAction(0, Raise); PlayerAction(1, Raise); PlayerAction(0, Call); CommunityCardIs(King); PlayerAction(0, Raise); PlayerAction(1, Raise)] => [0.018625; 0.981375; 0.000000]
[PlayerGotCard(0, Jack); PlayerAction(0, Raise); PlayerAction(1, Raise); PlayerAction(0, Call); CommunityCardIs(King); PlayerAction(0, Call); PlayerAction(1, Raise)] => [0.013684; 0.077537; 0.908779]
[PlayerGotCard(0, Jack); PlayerAction(0, Raise); PlayerAction(1, Raise); PlayerAction(0, Call); CommunityCardIs(King)] => [0.446272; 0.000000; 0.553728]
[PlayerGotCard(0, Jack); PlayerAction(0, Raise); PlayerAction(1, Raise); PlayerAction(0, Call); CommunityCardIs(Queen); PlayerAction(0, Raise); PlayerAction(1, Raise)] => [0.023555; 0.976445; 0.000000]
[PlayerGotCard(0, Jack); PlayerAction(0, Raise); PlayerAction(1, Raise); PlayerAction(0, Call); CommunityCardIs(Queen); PlayerAction(0, Call); PlayerAction(1, Raise)] => [0.001850; 0.987779; 0.010371]
[PlayerGotCard(0, Jack); PlayerAction(0, Raise); PlayerAction(1, Raise); PlayerAction(0, Call); CommunityCardIs(Queen)] => [0.610673; 0.000000; 0.389327]
[PlayerGotCard(0, Jack); PlayerAction(0, Raise); PlayerAction(1, Raise); PlayerAction(0, Call); CommunityCardIs(Jack); PlayerAction(0, Raise); PlayerAction(1, Raise)] => [0.999482; 0.000518; 0.000000]
[PlayerGotCard(0, Jack); PlayerAction(0, Raise); PlayerAction(1, Raise); PlayerAction(0, Call); CommunityCardIs(Jack); PlayerAction(0, Call); PlayerAction(1, Raise)] => [0.002828; 0.000345; 0.996826]
[PlayerGotCard(0, Jack); PlayerAction(0, Raise); PlayerAction(1, Raise); PlayerAction(0, Call); CommunityCardIs(Jack)] => [0.117142; 0.000000; 0.882858]
[PlayerGotCard(0, Jack); PlayerAction(0, Raise); PlayerAction(1, Raise)] => [0.995611; 0.004389; 0.000000]
[PlayerGotCard(0, Jack); PlayerAction(0, Raise); PlayerAction(1, Call); CommunityCardIs(King); PlayerAction(0, Raise); PlayerAction(1, Raise)] => [0.005713; 0.994287; 0.000000]
[PlayerGotCard(0, Jack); PlayerAction(0, Raise); PlayerAction(1, Call); CommunityCardIs(King); PlayerAction(0, Call); PlayerAction(1, Raise)] => [0.000883; 0.931602; 0.067515]
[PlayerGotCard(0, Jack); PlayerAction(0, Raise); PlayerAction(1, Call); CommunityCardIs(King)] => [0.482447; 0.000000; 0.517553]
[PlayerGotCard(0, Jack); PlayerAction(0, Raise); PlayerAction(1, Call); CommunityCardIs(Queen); PlayerAction(0, Raise); PlayerAction(1, Raise)] => [0.008625; 0.991375; 0.000000]
[PlayerGotCard(0, Jack); PlayerAction(0, Raise); PlayerAction(1, Call); CommunityCardIs(Queen); PlayerAction(0, Call); PlayerAction(1, Raise)] => [0.004824; 0.979265; 0.015911]
[PlayerGotCard(0, Jack); PlayerAction(0, Raise); PlayerAction(1, Call); CommunityCardIs(Queen)] => [0.560501; 0.000000; 0.439499]
[PlayerGotCard(0, Jack); PlayerAction(0, Raise); PlayerAction(1, Call); CommunityCardIs(Jack); PlayerAction(0, Raise); PlayerAction(1, Raise)] => [0.999482; 0.000518; 0.000000]
[PlayerGotCard(0, Jack); PlayerAction(0, Raise); PlayerAction(1, Call); CommunityCardIs(Jack); PlayerAction(0, Call); PlayerAction(1, Raise)] => [0.001295; 0.000345; 0.998360]
[PlayerGotCard(0, Jack); PlayerAction(0, Raise); PlayerAction(1, Call); CommunityCardIs(Jack)] => [0.385173; 0.000000; 0.614827]
[PlayerGotCard(0, Jack); PlayerAction(0, Call); PlayerAction(1, Raise); PlayerAction(0, Raise); PlayerAction(1, Call); CommunityCardIs(King); PlayerAction(0, Raise); PlayerAction(1, Raise)] => [0.014165; 0.985835; 0.000000]
[PlayerGotCard(0, Jack); PlayerAction(0, Call); PlayerAction(1, Raise); PlayerAction(0, Raise); PlayerAction(1, Call); CommunityCardIs(King); PlayerAction(0, Call); PlayerAction(1, Raise)] => [0.011603; 0.091816; 0.896581]
[PlayerGotCard(0, Jack); PlayerAction(0, Call); PlayerAction(1, Raise); PlayerAction(0, Raise); PlayerAction(1, Call); CommunityCardIs(King)] => [0.041073; 0.000000; 0.958927]
[PlayerGotCard(0, Jack); PlayerAction(0, Call); PlayerAction(1, Raise); PlayerAction(0, Raise); PlayerAction(1, Call); CommunityCardIs(Queen); PlayerAction(0, Raise); PlayerAction(1, Raise)] => [0.007700; 0.992300; 0.000000]
[PlayerGotCard(0, Jack); PlayerAction(0, Call); PlayerAction(1, Raise); PlayerAction(0, Raise); PlayerAction(1, Call); CommunityCardIs(Queen); PlayerAction(0, Call); PlayerAction(1, Raise)] => [0.001732; 0.986076; 0.012191]
[PlayerGotCard(0, Jack); PlayerAction(0, Call); PlayerAction(1, Raise); PlayerAction(0, Raise); PlayerAction(1, Call); CommunityCardIs(Queen)] => [0.963031; 0.000000; 0.036969]
[PlayerGotCard(0, Jack); PlayerAction(0, Call); PlayerAction(1, Raise); PlayerAction(0, Raise); PlayerAction(1, Call); CommunityCardIs(Jack); PlayerAction(0, Raise); PlayerAction(1, Raise)] => [0.999482; 0.000518; 0.000000]
[PlayerGotCard(0, Jack); PlayerAction(0, Call); PlayerAction(1, Raise); PlayerAction(0, Raise); PlayerAction(1, Call); CommunityCardIs(Jack); PlayerAction(0, Call); PlayerAction(1, Raise)] => [0.002776; 0.000345; 0.996878]
[PlayerGotCard(0, Jack); PlayerAction(0, Call); PlayerAction(1, Raise); PlayerAction(0, Raise); PlayerAction(1, Call); CommunityCardIs(Jack)] => [0.123090; 0.000000; 0.876910]
[PlayerGotCard(0, Jack); PlayerAction(0, Call); PlayerAction(1, Raise); PlayerAction(0, Call); CommunityCardIs(King); PlayerAction(0, Raise); PlayerAction(1, Raise)] => [0.012934; 0.987066; 0.000000]
[PlayerGotCard(0, Jack); PlayerAction(0, Call); PlayerAction(1, Raise); PlayerAction(0, Call); CommunityCardIs(King); PlayerAction(0, Call); PlayerAction(1, Raise)] => [0.001317; 0.857350; 0.141333]
[PlayerGotCard(0, Jack); PlayerAction(0, Call); PlayerAction(1, Raise); PlayerAction(0, Call); CommunityCardIs(King)] => [0.925647; 0.000000; 0.074353]
[PlayerGotCard(0, Jack); PlayerAction(0, Call); PlayerAction(1, Raise); PlayerAction(0, Call); CommunityCardIs(Queen); PlayerAction(0, Raise); PlayerAction(1, Raise)] => [0.010546; 0.989454; 0.000000]
[PlayerGotCard(0, Jack); PlayerAction(0, Call); PlayerAction(1, Raise); PlayerAction(0, Call); CommunityCardIs(Queen); PlayerAction(0, Call); PlayerAction(1, Raise)] => [0.005049; 0.952827; 0.042124]
[PlayerGotCard(0, Jack); PlayerAction(0, Call); PlayerAction(1, Raise); PlayerAction(0, Call); CommunityCardIs(Queen)] => [0.172962; 0.000000; 0.827038]
[PlayerGotCard(0, Jack); PlayerAction(0, Call); PlayerAction(1, Raise); PlayerAction(0, Call); CommunityCardIs(Jack); PlayerAction(0, Raise); PlayerAction(1, Raise)] => [0.999482; 0.000518; 0.000000]
[PlayerGotCard(0, Jack); PlayerAction(0, Call); PlayerAction(1, Raise); PlayerAction(0, Call); CommunityCardIs(Jack); PlayerAction(0, Call); PlayerAction(1, Raise)] => [0.000923; 0.000345; 0.998732]
[PlayerGotCard(0, Jack); PlayerAction(0, Call); PlayerAction(1, Raise); PlayerAction(0, Call); CommunityCardIs(Jack)] => [0.171659; 0.000000; 0.828341]
[PlayerGotCard(0, Jack); PlayerAction(0, Call); PlayerAction(1, Raise)] => [0.048597; 0.897678; 0.053724]
[PlayerGotCard(0, Jack); PlayerAction(0, Call); PlayerAction(1, Call); CommunityCardIs(King); PlayerAction(0, Raise); PlayerAction(1, Raise)] => [0.058760; 0.941240; 0.000000]
[PlayerGotCard(0, Jack); PlayerAction(0, Call); PlayerAction(1, Call); CommunityCardIs(King); PlayerAction(0, Call); PlayerAction(1, Raise)] => [0.004453; 0.949844; 0.045703]
[PlayerGotCard(0, Jack); PlayerAction(0, Call); PlayerAction(1, Call); CommunityCardIs(King)] => [0.933661; 0.000000; 0.066339]
[PlayerGotCard(0, Jack); PlayerAction(0, Call); PlayerAction(1, Call); CommunityCardIs(Queen); PlayerAction(0, Raise); PlayerAction(1, Raise)] => [0.019749; 0.980251; 0.000000]
[PlayerGotCard(0, Jack); PlayerAction(0, Call); PlayerAction(1, Call); CommunityCardIs(Queen); PlayerAction(0, Call); PlayerAction(1, Raise)] => [0.004083; 0.969722; 0.026196]
[PlayerGotCard(0, Jack); PlayerAction(0, Call); PlayerAction(1, Call); CommunityCardIs(Queen)] => [0.913857; 0.000000; 0.086143]
[PlayerGotCard(0, Jack); PlayerAction(0, Call); PlayerAction(1, Call); CommunityCardIs(Jack); PlayerAction(0, Raise); PlayerAction(1, Raise)] => [0.999482; 0.000518; 0.000000]
[PlayerGotCard(0, Jack); PlayerAction(0, Call); PlayerAction(1, Call); CommunityCardIs(Jack); PlayerAction(0, Call); PlayerAction(1, Raise)] => [0.002020; 0.000345; 0.997634]
[PlayerGotCard(0, Jack); PlayerAction(0, Call); PlayerAction(1, Call); CommunityCardIs(Jack)] => [0.962347; 0.000000; 0.037653]
[PlayerGotCard(0, Jack)] => [0.874014; 0.000000; 0.125986]
}

