======================================================================
CALCULATING MOMENTUM WITH SQL
======================================================================

Configuration:
  Momentum lookback: 126 trading days
  Min avg price: $5.0
  Min dollar volume: $1,000,000
  Max gap days: 200

[1/5] Creating split-adjusted prices view...
✓ Created adjusted_prices view

[2/5] Creating momentum calculations view...
✓ Created momentum_calc view

[3/5] Creating eligibility filters view...
✓ Created eligibility_filters view

[4/5] Creating momentum rankings view...
✓ Created momentum_rankings view

[5/5] Creating rebalancing dates...
  Generated 113 rebalancing dates
  First: 2021-06-11
  Last: 2025-11-25
✓ Created rebalance_dates table

======================================================================
VERIFICATION
======================================================================

Top 20 momentum stocks on 2025-11-25:
ticker  price  momentum_pct  avg_6m_price  avg_dollar_vol  momentum_rank
  NKTR  60.35       2562.22         37.32      40223150.0              4
  ABVX 128.23       2157.57         64.04     153061506.0              5
  MRSN  27.41       1750.76          7.30       5806476.0              6
  WOLF  19.86       1339.13          9.30      47204920.0             10
  NEGG  77.90       1183.36         47.92      48382864.0             11
  RAPT  29.97       1148.57         16.72      11490180.0             12
   VOR   7.96       1120.91         13.06      11848001.0             13
  ZEPP  29.28       1071.20         28.55      10593295.0             14
  CDTX 219.65        868.05         77.78     410162924.0             22
  TERN  29.34        858.99          8.41     102738804.0             23
  CELC  99.08        843.62         44.87      78769036.0             24
  STEM  16.02        837.55         14.18       5314109.0             25
   MFI  16.26        778.84         26.49       2012943.0             27
  COGT  39.72        713.93         14.00     141003316.0             29
  URGN  27.69        583.70         17.34      31098154.0             38
   KOD  22.99        556.86         10.57      15270731.0             42
  INBX  82.68        540.43         33.78      31964545.0             44
  SNDK 220.50        471.54         96.02    3239061030.0             56
  NBTX  21.23        457.22         12.01       1542593.0             57
  GLTO  16.58        452.67          6.16      62415537.0             58

STRC status on 2025-11-25:
ticker       date  price momentum_6m  avg_price_6m  avg_dollar_volume_1m  is_eligible momentum_rank
  STRC 2025-11-25  96.29        None     65.423902          1.439659e+08            0          None
✓ STRC correctly filtered out (trading gap detected)

======================================================================
DATABASE STATISTICS
======================================================================
Trading days with momentum data: 1,127
Total tickers: 19,033
Eligible observations: 5,624,518
Total observations: 12,248,416
Eligibility rate: 45.9%

======================================================================
✓ Momentum calculation complete!
======================================================================

Views created:
  - adjusted_prices: Split-adjusted OHLCV data
  - momentum_calc: 6-month momentum with gap detection
  - eligibility_filters: Filtering criteria applied
  - momentum_rankings: Final rankings for eligible stocks

Tables created:
  - rebalance_dates: Rebalancing schedule

You can now query the database directly using SQL!
