{i = 0; nearTo = 500}
{i = 20; nearTo = 500}
{i = 40; nearTo = 500}
{i = 60; nearTo = 500}
{i = 80; nearTo = 500}
{i = 100; nearTo = 500}
{i = 120; nearTo = 500}
{i = 140; nearTo = 500}
{i = 160; nearTo = 500}
{i = 180; nearTo = 500}
{i = 200; nearTo = 500}
{i = 220; nearTo = 500}
{i = 240; nearTo = 500}
{i = 260; nearTo = 500}
{i = 280; nearTo = 500}
{i = 300; nearTo = 500}
{i = 320; nearTo = 500}
{i = 340; nearTo = 500}
{i = 360; nearTo = 500}
{i = 380; nearTo = 500}
{i = 400; nearTo = 500}
{i = 420; nearTo = 500}
{i = 440; nearTo = 500}
{i = 460; nearTo = 500}
{i = 480; nearTo = 500}
{i = 0; nearTo = 100}
{i = 4; nearTo = 100}
{i = 8; nearTo = 100}
{i = 12; nearTo = 100}
{i = 16; nearTo = 100}
{i = 20; nearTo = 100}
{i = 24; nearTo = 100}
{i = 28; nearTo = 100}
{i = 32; nearTo = 100}
{i = 36; nearTo = 100}
{i = 40; nearTo = 100}
{i = 44; nearTo = 100}
{i = 48; nearTo = 100}
{i = 52; nearTo = 100}
{i = 56; nearTo = 100}
{i = 60; nearTo = 100}
{i = 64; nearTo = 100}
{i = 68; nearTo = 100}
{i = 72; nearTo = 100}
{i = 76; nearTo = 100}
{i = 80; nearTo = 100}
{i = 84; nearTo = 100}
{i = 88; nearTo = 100}
{i = 92; nearTo = 100}
{i = 96; nearTo = 100}
{reward_for_pl0 = -0.078059}
{
[Hidden; PlayerGotCard(1, Jack); PlayerAction(0, Call); PlayerAction(1, Raise); PlayerAction(0, Raise); PlayerAction(1, Call); CommunityCardIs(Jack); PlayerAction(0, Call); PlayerAction(1, Raise); PlayerAction(0, Raise)] => {average_policy = [255.998047; 0.000001; 0.000000]; current_policy = [3.522395; 0.000000; 0.000000]}
[Hidden; PlayerGotCard(1, King); PlayerAction(0, Raise); PlayerAction(1, Call); CommunityCardIs(Queen); PlayerAction(0, Call)] => {average_policy = [245.754868; 0.000000; 10.245115]; current_policy = [44.703381; 911.246399; 2.080692]}
[Hidden; PlayerGotCard(1, Jack); PlayerAction(0, Raise); PlayerAction(1, Call); CommunityCardIs(King); PlayerAction(0, Call)] => {average_policy = [176.986588; 0.000000; 79.013382]; current_policy = [14.723085; 4373.848145; 11.139545]}
[Hidden; PlayerGotCard(1, Jack); PlayerAction(0, Call); PlayerAction(1, Raise); PlayerAction(0, Raise); PlayerAction(1, Call); CommunityCardIs(King); PlayerAction(0, Raise)] => {average_policy = [0.129771; 199.810318; 56.059841]; current_policy = [0.409233; 60.473553; 13.439672]}
[Hidden; PlayerGotCard(1, Jack); PlayerAction(0, Raise); PlayerAction(1, Raise); PlayerAction(0, Call); CommunityCardIs(King); PlayerAction(0, Raise)] => {average_policy = [0.115087; 208.187515; 47.697350]; current_policy = [0.802375; 114.671921; 20.894466]}
[Hidden; PlayerGotCard(1, Queen); PlayerAction(0, Call); PlayerAction(1, Call); CommunityCardIs(Queen); PlayerAction(0, Call)] => {average_policy = [0.000187; 0.000000; 255.904373]; current_policy = [0.000000; 0.000000; 0.333333]}
[Hidden; PlayerGotCard(1, Jack); PlayerAction(0, Raise); PlayerAction(1, Call); CommunityCardIs(Queen); PlayerAction(0, Raise)] => {average_policy = [1.401205; 248.923859; 5.564707]; current_policy = [0.277885; 45.234211; 0.933256]}
[Hidden; PlayerGotCard(1, King); PlayerAction(0, Call); PlayerAction(1, Call); CommunityCardIs(Jack); PlayerAction(0, Call)] => {average_policy = [253.603836; 0.000000; 2.395984]; current_policy = [40.554817; 476.480621; 0.000000]}
[Hidden; PlayerGotCard(1, Jack); PlayerAction(0, Call); PlayerAction(1, Raise); PlayerAction(0, Raise); PlayerAction(1, Call); CommunityCardIs(Queen); PlayerAction(0, Raise)] => {average_policy = [0.008837; 215.268631; 40.606815]; current_policy = [0.001342; 5.233527; 0.544018]}
[Hidden; PlayerGotCard(1, Jack); PlayerAction(0, Call); PlayerAction(1, Raise); PlayerAction(0, Call); CommunityCardIs(King); PlayerAction(0, Call); PlayerAction(1, Raise); PlayerAction(0, Raise)] => {average_policy = [0.823858; 255.176224; 0.000000]; current_policy = [0.057560; 4.231415; 1004.573486]}
[Hidden; PlayerGotCard(1, King); PlayerAction(0, Raise); PlayerAction(1, Call); CommunityCardIs(King); PlayerAction(0, Call); PlayerAction(1, Raise); PlayerAction(0, Raise)] => {average_policy = [255.998047; 0.000000; 0.000000]; current_policy = [1.750000; 0.000000; 0.000000]}
[Hidden; PlayerGotCard(1, Queen); PlayerAction(0, Call); PlayerAction(1, Raise); PlayerAction(0, Raise)] => {average_policy = [255.985886; 0.000251; 0.000000]; current_policy = [6.976096; 0.000000; 364.307587]}
[Hidden; PlayerGotCard(1, Queen); PlayerAction(0, Call); PlayerAction(1, Raise); PlayerAction(0, Call); CommunityCardIs(Jack); PlayerAction(0, Raise)] => {average_policy = [0.375807; 253.411987; 2.122831]; current_policy = [0.014980; 6.853623; 0.071443]}
[Hidden; PlayerGotCard(1, Jack); PlayerAction(0, Call); PlayerAction(1, Call); CommunityCardIs(King); PlayerAction(0, Call); PlayerAction(1, Raise); PlayerAction(0, Raise)] => {average_policy = [0.365742; 255.634232; 0.000000]; current_policy = [0.031726; 5.544081; 2228.370117]}
[Hidden; PlayerGotCard(1, Jack); PlayerAction(0, Raise); PlayerAction(1, Raise); PlayerAction(0, Call); CommunityCardIs(Jack); PlayerAction(0, Call); PlayerAction(1, Raise); PlayerAction(0, Raise)] => {average_policy = [255.893890; 0.000415; 0.000000]; current_policy = [5.389194; 0.000000; 0.000000]}
[Hidden; PlayerGotCard(1, King); PlayerAction(0, Raise); PlayerAction(1, Call); CommunityCardIs(Queen); PlayerAction(0, Call); PlayerAction(1, Raise); PlayerAction(0, Raise)] => {average_policy = [0.681328; 255.318542; 0.000000]; current_policy = [0.003737; 16.166494; 2301.208008]}
[Hidden; PlayerGotCard(1, King); PlayerAction(0, Raise); PlayerAction(1, Raise); PlayerAction(0, Call); CommunityCardIs(Queen); PlayerAction(0, Call); PlayerAction(1, Raise); PlayerAction(0, Raise)] => {average_policy = [151.391220; 104.608818; 0.000000]; current_policy = [7.066996; 4.688499; 528.272705]}
[Hidden; PlayerGotCard(1, Queen); PlayerAction(0, Call); PlayerAction(1, Raise); PlayerAction(0, Call); CommunityCardIs(Queen); PlayerAction(0, Raise)] => {average_policy = [0.001065; 0.000945; 255.878647]; current_policy = [0.000000; 0.000000; 0.065160]}
[Hidden; PlayerGotCard(1, King); PlayerAction(0, Raise); PlayerAction(1, Call); CommunityCardIs(Jack); PlayerAction(0, Call); PlayerAction(1, Raise); PlayerAction(0, Raise)] => {average_policy = [192.469696; 63.530209; 0.000000]; current_policy = [8.017619; 3.112304; 255.011169]}
[Hidden; PlayerGotCard(1, King); PlayerAction(0, Call); PlayerAction(1, Raise); PlayerAction(0, Call); CommunityCardIs(Queen); PlayerAction(0, Call); PlayerAction(1, Raise); PlayerAction(0, Raise)] => {average_policy = [3.688550; 252.311356; 0.000000]; current_policy = [0.041962; 3.383051; 106.382622]}
[Hidden; PlayerGotCard(1, Queen); PlayerAction(0, Call); PlayerAction(1, Raise); PlayerAction(0, Call); CommunityCardIs(Queen); PlayerAction(0, Call)] => {average_policy = [0.002169; 0.000000; 255.920578]; current_policy = [0.000000; 0.000000; 0.113845]}
[Hidden; PlayerGotCard(1, Jack); PlayerAction(0, Raise); PlayerAction(1, Call); CommunityCardIs(Jack); PlayerAction(0, Call); PlayerAction(1, Raise); PlayerAction(0, Raise)] => {average_policy = [255.909805; 0.000176; 0.000000]; current_policy = [4.410963; 0.000000; 0.000000]}
[Hidden; PlayerGotCard(1, King); PlayerAction(0, Call); PlayerAction(1, Raise); PlayerAction(0, Call); CommunityCardIs(King); PlayerAction(0, Call); PlayerAction(1, Raise); PlayerAction(0, Raise)] => {average_policy = [255.998047; 0.000000; 0.000000]; current_policy = [0.097222; 0.000000; 0.000000]}
[Hidden; PlayerGotCard(1, Jack); PlayerAction(0, Call); PlayerAction(1, Raise); PlayerAction(0, Call); CommunityCardIs(Queen); PlayerAction(0, Raise)] => {average_policy = [0.384538; 242.966965; 12.640132]; current_policy = [0.281731; 28.120892; 5.180662]}
[Hidden; PlayerGotCard(1, Jack); PlayerAction(0, Call); PlayerAction(1, Raise); PlayerAction(0, Raise); PlayerAction(1, Call); CommunityCardIs(Queen); PlayerAction(0, Call)] => {average_policy = [244.459991; 0.000000; 11.428812]; current_policy = [6.716705; 941.320923; 1.005566]}
[Hidden; PlayerGotCard(1, Queen); PlayerAction(0, Raise); PlayerAction(1, Raise); PlayerAction(0, Call); CommunityCardIs(Jack); PlayerAction(0, Raise)] => {average_policy = [0.213839; 252.305008; 3.358508]; current_policy = [0.000000; 9.926913; 0.000000]}
[Hidden; PlayerGotCard(1, King); PlayerAction(0, Raise); PlayerAction(1, Raise); PlayerAction(0, Call); CommunityCardIs(King); PlayerAction(0, Raise)] => {average_policy = [0.000004; 0.000000; 255.998047]; current_policy = [0.000000; 0.000000; 13.079929]}
[Hidden; PlayerGotCard(1, Queen); PlayerAction(0, Call); PlayerAction(1, Call); CommunityCardIs(Jack); PlayerAction(0, Call); PlayerAction(1, Raise); PlayerAction(0, Raise)] => {average_policy = [0.020166; 255.841354; 0.000000]; current_policy = [0.000000; 3.540348; 2172.375488]}
[Hidden; PlayerGotCard(1, Jack); PlayerAction(0, Raise); PlayerAction(1, Call); CommunityCardIs(Queen); PlayerAction(0, Call); PlayerAction(1, Raise); PlayerAction(0, Raise)] => {average_policy = [0.007945; 255.861511; 0.000000]; current_policy = [0.000000; 3.594762; 1195.584595]}
[Hidden; PlayerGotCard(1, King); PlayerAction(0, Raise)] => {average_policy = [91.541138; 0.000000; 164.458847]; current_policy = [6.499548; 0.000000; 11.411262]}
[Hidden; PlayerGotCard(1, Jack); PlayerAction(0, Call); PlayerAction(1, Raise); PlayerAction(0, Call); CommunityCardIs(Jack); PlayerAction(0, Call)] => {average_policy = [0.000699; 0.000000; 255.880905]; current_policy = [0.000000; 0.000000; 0.149632]}
[Hidden; PlayerGotCard(1, King); PlayerAction(0, Call); PlayerAction(1, Call); CommunityCardIs(King); PlayerAction(0, Raise)] => {average_policy = [0.000000; 0.000000; 255.998047]; current_policy = [0.000000; 0.000000; 0.976190]}
[Hidden; PlayerGotCard(1, Queen); PlayerAction(0, Raise); PlayerAction(1, Raise); PlayerAction(0, Call); CommunityCardIs(Jack); PlayerAction(0, Raise)] => {average_policy = [0.258881; 252.135803; 3.514608]; current_policy = [0.000000; 9.865806; 0.000000]}
[Hidden; PlayerGotCard(1, Queen); PlayerAction(0, Raise); PlayerAction(1, Call); CommunityCardIs(Queen); PlayerAction(0, Call)] => {average_policy = [0.001138; 0.000000; 255.917862]; current_policy = [0.000000; 0.000000; 8.385638]}
[Hidden; PlayerGotCard(1, King); PlayerAction(0, Raise); PlayerAction(1, Call); CommunityCardIs(Jack); PlayerAction(0, Raise)] => {average_policy = [237.651993; 17.375370; 0.972736]; current_policy = [16.522598; 0.841864; 0.000000]}
[Hidden; PlayerGotCard(1, Queen); PlayerAction(0, Raise); PlayerAction(1, Raise); PlayerAction(0, Call); CommunityCardIs(Queen); PlayerAction(0, Call)] => {average_policy = [0.001203; 0.000000; 255.872772]; current_policy = [0.000000; 0.000000; 3.641695]}
[Hidden; PlayerGotCard(1, Queen); PlayerAction(0, Call); PlayerAction(1, Raise); PlayerAction(0, Raise); PlayerAction(1, Call); CommunityCardIs(Jack); PlayerAction(0, Raise)] => {average_policy = [0.046122; 250.013016; 5.826719]; current_policy = [0.000000; 6.734787; 0.651379]}
[Hidden; PlayerGotCard(1, King); PlayerAction(0, Raise); PlayerAction(1, Raise); PlayerAction(0, Call); CommunityCardIs(Queen); PlayerAction(0, Call)] => {average_policy = [154.535843; 0.000000; 101.464066]; current_policy = [10.009824; 6.376885; 8.081393]}
[Hidden; PlayerGotCard(1, Queen); PlayerAction(0, Call)] => {average_policy = [27.407089; 0.000000; 228.578979]; current_policy = [1.456750; 0.000000; 14.859535]}
[Hidden; PlayerGotCard(1, Queen); PlayerAction(0, Call); PlayerAction(1, Call); CommunityCardIs(Queen); PlayerAction(0, Call); PlayerAction(1, Raise); PlayerAction(0, Raise)] => {average_policy = [255.907303; 0.000181; 0.000000]; current_policy = [4.666667; 0.000000; 0.000000]}
[Hidden; PlayerGotCard(1, Jack); PlayerAction(0, Call); PlayerAction(1, Raise); PlayerAction(0, Call); CommunityCardIs(King); PlayerAction(0, Raise)] => {average_policy = [0.075039; 205.692871; 50.231930]; current_policy = [0.035051; 6.176725; 0.700481]}
[Hidden; PlayerGotCard(1, Jack); PlayerAction(0, Raise); PlayerAction(1, Raise); PlayerAction(0, Call); CommunityCardIs(Jack); PlayerAction(0, Call); PlayerAction(1, Raise); PlayerAction(0, Raise)] => {average_policy = [255.901321; 0.000193; 0.000000]; current_policy = [5.047599; 0.000000; 0.000000]}
[Hidden; PlayerGotCard(1, Queen); PlayerAction(0, Call); PlayerAction(1, Raise); PlayerAction(0, Call); CommunityCardIs(King); PlayerAction(0, Call); PlayerAction(1, Raise); PlayerAction(0, Raise)] => {average_policy = [24.523136; 231.476868; 0.000000]; current_policy = [0.178461; 6.706113; 446.172241]}
[Hidden; PlayerGotCard(1, Jack); PlayerAction(0, Raise); PlayerAction(1, Call); CommunityCardIs(Jack); PlayerAction(0, Call); PlayerAction(1, Raise); PlayerAction(0, Raise)] => {average_policy = [255.883911; 0.000454; 0.000000]; current_policy = [4.368434; 0.000000; 0.000000]}
[Hidden; PlayerGotCard(1, Jack); PlayerAction(0, Call); PlayerAction(1, Raise); PlayerAction(0, Raise); PlayerAction(1, Call); CommunityCardIs(Queen); PlayerAction(0, Call); PlayerAction(1, Raise); PlayerAction(0, Raise)] => {average_policy = [3.787013; 252.203995; 0.000000]; current_policy = [0.000304; 2.374314; 196.695633]}
[Hidden; PlayerGotCard(1, Queen); PlayerAction(0, Call); PlayerAction(1, Raise); PlayerAction(0, Raise); PlayerAction(1, Call); CommunityCardIs(Queen); PlayerAction(0, Call)] => {average_policy = [0.001236; 0.000000; 255.897919]; current_policy = [0.000000; 0.000000; 5.577250]}
[Hidden; PlayerGotCard(1, Queen); PlayerAction(0, Raise); PlayerAction(1, Raise); PlayerAction(0, Call); CommunityCardIs(Jack); PlayerAction(0, Call); PlayerAction(1, Raise); PlayerAction(0, Raise)] => {average_policy = [9.096341; 246.789474; 0.000000]; current_policy = [0.000000; 2.124960; 122.943939]}
[Hidden; PlayerGotCard(1, Queen); PlayerAction(0, Call); PlayerAction(1, Call); CommunityCardIs(King); PlayerAction(0, Raise)] => {average_policy = [161.844131; 89.433495; 4.722350]; current_policy = [37.625027; 20.947794; 0.423517]}
[Hidden; PlayerGotCard(1, Queen); PlayerAction(0, Call); PlayerAction(1, Call); CommunityCardIs(Jack); PlayerAction(0, Call)] => {average_policy = [249.855804; 0.000000; 6.056209]; current_policy = [55.343903; 758.177856; 2.555348]}
[Hidden; PlayerGotCard(1, King); PlayerAction(0, Call); PlayerAction(1, Raise); PlayerAction(0, Raise)] => {average_policy = [255.998047; 0.000000; 0.000000]; current_policy = [0.178819; 0.000000; 0.000000]}
[Hidden; PlayerGotCard(1, King); PlayerAction(0, Call); PlayerAction(1, Call); CommunityCardIs(Jack); PlayerAction(0, Raise)] => {average_policy = [0.054303; 255.853790; 0.091869]; current_policy = [0.000000; 6.745076; 0.000000]}
[Hidden; PlayerGotCard(1, Queen); PlayerAction(0, Call); PlayerAction(1, Raise); PlayerAction(0, Raise); PlayerAction(1, Call); CommunityCardIs(Jack); PlayerAction(0, Call); PlayerAction(1, Raise); PlayerAction(0, Raise)] => {average_policy = [0.075896; 255.814240; 0.000000]; current_policy = [0.000000; 0.307434; 45.370453]}
[Hidden; PlayerGotCard(1, Queen); PlayerAction(0, Call); PlayerAction(1, Raise); PlayerAction(0, Call); CommunityCardIs(Queen); PlayerAction(0, Call); PlayerAction(1, Raise); PlayerAction(0, Raise)] => {average_policy = [255.875198; 0.000244; 0.000000]; current_policy = [0.486717; 0.000000; 0.000000]}
[Hidden; PlayerGotCard(1, Jack); PlayerAction(0, Raise); PlayerAction(1, Call); CommunityCardIs(Jack); PlayerAction(0, Call)] => {average_policy = [0.000710; 0.000000; 255.879013]; current_policy = [0.000000; 0.000000; 0.559915]}
[Hidden; PlayerGotCard(1, Jack); PlayerAction(0, Raise); PlayerAction(1, Raise); PlayerAction(0, Call); CommunityCardIs(Queen); PlayerAction(0, Call)] => {average_policy = [247.977646; 0.000000; 7.898282]; current_policy = [11.392855; 1928.042969; 0.128410]}
[Hidden; PlayerGotCard(1, Queen); PlayerAction(0, Call); PlayerAction(1, Raise); PlayerAction(0, Raise); PlayerAction(1, Call); CommunityCardIs(Jack); PlayerAction(0, Call)] => {average_policy = [253.243835; 0.000000; 2.668268]; current_policy = [9.078922; 771.868835; 0.103109]}
[Hidden; PlayerGotCard(1, Queen); PlayerAction(0, Call); PlayerAction(1, Raise); PlayerAction(0, Call); CommunityCardIs(King); PlayerAction(0, Call)] => {average_policy = [107.098099; 0.000000; 148.901825]; current_policy = [4.563357; 0.000000; 8.433651]}
[Hidden; PlayerGotCard(1, Jack); PlayerAction(0, Call); PlayerAction(1, Raise); PlayerAction(0, Call); CommunityCardIs(Queen); PlayerAction(0, Call); PlayerAction(1, Raise); PlayerAction(0, Raise)] => {average_policy = [0.932842; 255.060410; 0.000000]; current_policy = [0.003540; 0.867510; 64.851608]}
[Hidden; PlayerGotCard(1, King); PlayerAction(0, Raise); PlayerAction(1, Raise); PlayerAction(0, Call); CommunityCardIs(Jack); PlayerAction(0, Call)] => {average_policy = [190.774689; 0.000000; 65.225174]; current_policy = [5.579185; 0.000000; 2.168054]}
[Hidden; PlayerGotCard(1, Queen); PlayerAction(0, Call); PlayerAction(1, Call); CommunityCardIs(Jack); PlayerAction(0, Raise)] => {average_policy = [0.048931; 253.608536; 2.221976]; current_policy = [0.000000; 3.948702; 0.011050]}
[Hidden; PlayerGotCard(1, Queen); PlayerAction(0, Raise); PlayerAction(1, Call); CommunityCardIs(King); PlayerAction(0, Call); PlayerAction(1, Raise); PlayerAction(0, Raise)] => {average_policy = [9.894725; 246.105301; 0.000000]; current_policy = [0.356554; 10.679177; 729.652588]}
[Hidden; PlayerGotCard(1, Queen); PlayerAction(0, Raise); PlayerAction(1, Call); CommunityCardIs(Queen); PlayerAction(0, Call)] => {average_policy = [0.000505; 0.000000; 255.870956]; current_policy = [0.000000; 0.000000; 0.425172]}
[Hidden; PlayerGotCard(1, King); PlayerAction(0, Raise); PlayerAction(1, Raise); PlayerAction(0, Call); CommunityCardIs(Jack); PlayerAction(0, Raise)] => {average_policy = [213.238998; 37.425827; 5.335079]; current_policy = [18.691362; 2.707892; 0.000000]}
[Hidden; PlayerGotCard(1, Queen); PlayerAction(0, Raise); PlayerAction(1, Call); CommunityCardIs(King); PlayerAction(0, Raise)] => {average_policy = [43.998768; 191.673950; 20.327223]; current_policy = [41.584171; 158.191208; 29.346165]}
[Hidden; PlayerGotCard(1, King); PlayerAction(0, Raise); PlayerAction(1, Call); CommunityCardIs(Queen); PlayerAction(0, Call)] => {average_policy = [238.447662; 0.000000; 17.552254]; current_policy = [44.604565; 973.348267; 7.863940]}
[Hidden; PlayerGotCard(1, King); PlayerAction(0, Raise); PlayerAction(1, Raise); PlayerAction(0, Call); CommunityCardIs(King); PlayerAction(0, Call); PlayerAction(1, Raise); PlayerAction(0, Raise)] => {average_policy = [255.998047; 0.000000; 0.000000]; current_policy = [0.458333; 0.000000; 0.000000]}
[Hidden; PlayerGotCard(1, Queen); PlayerAction(0, Call); PlayerAction(1, Raise); PlayerAction(0, Raise); PlayerAction(1, Call); CommunityCardIs(Jack); PlayerAction(0, Raise)] => {average_policy = [0.073042; 244.373856; 11.464148]; current_policy = [0.010070; 4.413417; 0.803379]}
[Hidden; PlayerGotCard(1, Jack); PlayerAction(0, Call); PlayerAction(1, Raise); PlayerAction(0, Call); CommunityCardIs(King); PlayerAction(0, Call)] => {average_policy = [114.307480; 0.000000; 141.692581]; current_policy = [5.626048; 1319.227295; 5.649776]}
[Hidden; PlayerGotCard(1, King); PlayerAction(0, Call); PlayerAction(1, Raise); PlayerAction(0, Raise); PlayerAction(1, Call); CommunityCardIs(King); PlayerAction(0, Call); PlayerAction(1, Raise); PlayerAction(0, Raise)] => {average_policy = [255.998047; 0.000000; 0.000000]; current_policy = [0.125000; 0.000000; 0.000000]}
[Hidden; PlayerGotCard(1, Queen); PlayerAction(0, Call); PlayerAction(1, Raise); PlayerAction(0, Call); CommunityCardIs(Jack); PlayerAction(0, Call); PlayerAction(1, Raise); PlayerAction(0, Raise)] => {average_policy = [22.095549; 233.798004; 0.000000]; current_policy = [0.220734; 1.465879; 51.636879]}
[Hidden; PlayerGotCard(1, Jack); PlayerAction(0, Call); PlayerAction(1, Raise); PlayerAction(0, Raise); PlayerAction(1, Call); CommunityCardIs(King); PlayerAction(0, Call)] => {average_policy = [134.392120; 0.000000; 121.607697]; current_policy = [1.204254; 122.676834; 1.191003]}
[Hidden; PlayerGotCard(1, King); PlayerAction(0, Raise); PlayerAction(1, Call); CommunityCardIs(Queen); PlayerAction(0, Raise)] => {average_policy = [87.120033; 164.930099; 3.949858]; current_policy = [48.212509; 104.180298; 5.672856]}
[Hidden; PlayerGotCard(1, Queen); PlayerAction(0, Call); PlayerAction(1, Raise); PlayerAction(0, Call); CommunityCardIs(King); PlayerAction(0, Call)] => {average_policy = [210.399750; 0.000000; 45.600147]; current_policy = [9.781963; 0.000000; 2.135452]}
[Hidden; PlayerGotCard(1, Queen); PlayerAction(0, Raise); PlayerAction(1, Raise); PlayerAction(0, Call); CommunityCardIs(Jack); PlayerAction(0, Raise)] => {average_policy = [0.245589; 251.235657; 4.431205]; current_policy = [0.080279; 10.031137; 0.229997]}
[Hidden; PlayerGotCard(1, Jack); PlayerAction(0, Raise); PlayerAction(1, Raise); PlayerAction(0, Call); CommunityCardIs(King); PlayerAction(0, Call); PlayerAction(1, Raise); PlayerAction(0, Raise)] => {average_policy = [1.058191; 254.941757; 0.000000]; current_policy = [0.964970; 36.001087; 8620.108398]}
[Hidden; PlayerGotCard(1, Queen); PlayerAction(0, Call); PlayerAction(1, Call); CommunityCardIs(Jack); PlayerAction(0, Raise)] => {average_policy = [0.040005; 254.734558; 1.123865]; current_policy = [0.000000; 3.749777; 0.035040]}
[Hidden; PlayerGotCard(1, King); PlayerAction(0, Call); PlayerAction(1, Call); CommunityCardIs(Jack); PlayerAction(0, Call); PlayerAction(1, Raise); PlayerAction(0, Raise)] => {average_policy = [0.002170; 255.997070; 0.000000]; current_policy = [0.000000; 2.727750; 4413.342285]}
[Hidden; PlayerGotCard(1, Queen); PlayerAction(0, Call); PlayerAction(1, Raise); PlayerAction(0, Raise); PlayerAction(1, Call); CommunityCardIs(King); PlayerAction(0, Call); PlayerAction(1, Raise); PlayerAction(0, Raise)] => {average_policy = [0.291128; 255.708893; 0.000000]; current_policy = [0.000160; 0.968592; 44.981560]}
[Hidden; PlayerGotCard(1, Jack); PlayerAction(0, Call); PlayerAction(1, Call); CommunityCardIs(King); PlayerAction(0, Raise)] => {average_policy = [0.247727; 255.000244; 0.751993]; current_policy = [0.060513; 37.236176; 0.198410]}
[Hidden; PlayerGotCard(1, Queen); PlayerAction(0, Call); PlayerAction(1, Raise); PlayerAction(0, Call); CommunityCardIs(Jack); PlayerAction(0, Call); PlayerAction(1, Raise); PlayerAction(0, Raise)] => {average_policy = [31.448128; 224.447861; 0.000000]; current_policy = [0.177628; 1.156867; 49.828606]}
[Hidden; PlayerGotCard(1, Queen); PlayerAction(0, Raise); PlayerAction(1, Call); CommunityCardIs(Jack); PlayerAction(0, Call); PlayerAction(1, Raise); PlayerAction(0, Raise)] => {average_policy = [0.162678; 255.829941; 0.000000]; current_policy = [0.000000; 2.805645; 173.384079]}
[Hidden; PlayerGotCard(1, Jack); PlayerAction(0, Raise); PlayerAction(1, Raise); PlayerAction(0, Call); CommunityCardIs(Jack); PlayerAction(0, Raise)] => {average_policy = [0.000000; 0.000000; 255.998047]; current_policy = [0.000000; 0.000000; 4.426002]}
[Hidden; PlayerGotCard(1, Jack); PlayerAction(0, Raise); PlayerAction(1, Raise); PlayerAction(0, Call); CommunityCardIs(King); PlayerAction(0, Call)] => {average_policy = [2.315484; 0.000000; 253.684494]; current_policy = [0.225991; 3328.594238; 104.033905]}
[Hidden; PlayerGotCard(1, King); PlayerAction(0, Raise); PlayerAction(1, Raise); PlayerAction(0, Call); CommunityCardIs(Jack); PlayerAction(0, Raise)] => {average_policy = [244.254440; 6.929862; 4.815638]; current_policy = [21.370630; 1.400670; 0.000000]}
[Hidden; PlayerGotCard(1, King); PlayerAction(0, Call); PlayerAction(1, Raise); PlayerAction(0, Call); CommunityCardIs(King); PlayerAction(0, Call)] => {average_policy = [0.000000; 0.000000; 255.998047]; current_policy = [0.000000; 0.000000; 0.346939]}
[Hidden; PlayerGotCard(1, King); PlayerAction(0, Call); PlayerAction(1, Call); CommunityCardIs(Queen); PlayerAction(0, Raise)] => {average_policy = [220.915619; 33.241051; 1.843244]; current_policy = [30.404593; 0.000000; 0.395559]}
[Hidden; PlayerGotCard(1, King); PlayerAction(0, Raise); PlayerAction(1, Raise); PlayerAction(0, Call); CommunityCardIs(Jack); PlayerAction(0, Call); PlayerAction(1, Raise); PlayerAction(0, Raise)] => {average_policy = [244.535400; 11.464537; 0.000000]; current_policy = [4.707053; 0.222030; 84.312828]}
[Hidden; PlayerGotCard(1, Queen); PlayerAction(0, Call); PlayerAction(1, Raise); PlayerAction(0, Call); CommunityCardIs(Jack); PlayerAction(0, Call)] => {average_policy = [124.828102; 0.000000; 131.069000]; current_policy = [10.479085; 229.085358; 6.843010]}
[Hidden; PlayerGotCard(1, Queen); PlayerAction(0, Call); PlayerAction(1, Raise); PlayerAction(0, Raise); PlayerAction(1, Call); CommunityCardIs(King); PlayerAction(0, Call); PlayerAction(1, Raise); PlayerAction(0, Raise)] => {average_policy = [0.126574; 255.873352; 0.000000]; current_policy = [0.000000; 1.318197; 49.926899]}
[Hidden; PlayerGotCard(1, Queen); PlayerAction(0, Raise); PlayerAction(1, Call); CommunityCardIs(Jack); PlayerAction(0, Call)] => {average_policy = [249.824646; 0.000000; 6.089094]; current_policy = [72.217491; 2370.418213; 0.000000]}
[Hidden; PlayerGotCard(1, Jack); PlayerAction(0, Raise); PlayerAction(1, Call); CommunityCardIs(Queen); PlayerAction(0, Raise)] => {average_policy = [1.057679; 250.687546; 4.152308]; current_policy = [0.269421; 45.906212; 0.898071]}
[Hidden; PlayerGotCard(1, Jack); PlayerAction(0, Call); PlayerAction(1, Raise); PlayerAction(0, Raise); PlayerAction(1, Call); CommunityCardIs(Jack); PlayerAction(0, Raise)] => {average_policy = [0.001836; 0.000152; 255.881912]; current_policy = [0.000000; 0.000000; 6.902928]}
[Hidden; PlayerGotCard(1, Queen); PlayerAction(0, Raise); PlayerAction(1, Raise); PlayerAction(0, Call); CommunityCardIs(Queen); PlayerAction(0, Call)] => {average_policy = [0.000949; 0.000000; 255.916473]; current_policy = [0.000000; 0.000000; 3.159654]}
[Hidden; PlayerGotCard(1, Jack); PlayerAction(0, Raise); PlayerAction(1, Raise); PlayerAction(0, Call); CommunityCardIs(Queen); PlayerAction(0, Raise)] => {average_policy = [0.080844; 176.598923; 79.203140]; current_policy = [0.000000; 104.928970; 31.663677]}
[Hidden; PlayerGotCard(1, King); PlayerAction(0, Raise); PlayerAction(1, Raise); PlayerAction(0, Call); CommunityCardIs(Queen); PlayerAction(0, Call)] => {average_policy = [98.858276; 0.000000; 157.141602]; current_policy = [8.791599; 7.930587; 9.151443]}
[Hidden; PlayerGotCard(1, Jack); PlayerAction(0, Raise); PlayerAction(1, Call); CommunityCardIs(Jack); PlayerAction(0, Raise)] => {average_policy = [0.000270; 0.000127; 255.902267]; current_policy = [0.000000; 0.000000; 1.762808]}
[Hidden; PlayerGotCard(1, Jack); PlayerAction(0, Call); PlayerAction(1, Call); CommunityCardIs(Queen); PlayerAction(0, Call); PlayerAction(1, Raise); PlayerAction(0, Raise)] => {average_policy = [1.048392; 254.951584; 0.000000]; current_policy = [0.044432; 3.904005; 474.361420]}
[Hidden; PlayerGotCard(1, Queen); PlayerAction(0, Call); PlayerAction(1, Raise); PlayerAction(0, Call); CommunityCardIs(Queen); PlayerAction(0, Call)] => {average_policy = [0.003749; 0.000000; 255.861557]; current_policy = [0.000000; 0.000000; 0.276436]}
[Hidden; PlayerGotCard(1, Queen); PlayerAction(0, Call); PlayerAction(1, Call); CommunityCardIs(Jack); PlayerAction(0, Call)] => {average_policy = [251.228271; 0.000000; 4.682853]; current_policy = [55.650898; 790.362488; 0.000000]}
[Hidden; PlayerGotCard(1, Queen); PlayerAction(0, Raise); PlayerAction(1, Raise); PlayerAction(0, Call); CommunityCardIs(Jack); PlayerAction(0, Call)] => {average_policy = [241.754395; 0.000000; 14.135856]; current_policy = [100.090202; 3656.379883; 3.580041]}
[Hidden; PlayerGotCard(1, Jack); PlayerAction(0, Raise)] => {average_policy = [32.230946; 201.527313; 22.227570]; current_policy = [6.585835; 32.769958; 4.036849]}
[Hidden; PlayerGotCard(1, King); PlayerAction(0, Call); PlayerAction(1, Call); CommunityCardIs(Queen); PlayerAction(0, Raise)] => {average_policy = [247.730972; 7.436842; 0.832165]; current_policy = [31.218323; 2.006469; 0.206527]}
[Hidden; PlayerGotCard(1, King); PlayerAction(0, Call); PlayerAction(1, Call); CommunityCardIs(Queen); PlayerAction(0, Call); PlayerAction(1, Raise); PlayerAction(0, Raise)] => {average_policy = [189.488815; 66.511192; 0.000000]; current_policy = [13.943552; 5.186412; 461.629028]}
[Hidden; PlayerGotCard(1, Jack); PlayerAction(0, Call); PlayerAction(1, Raise); PlayerAction(0, Call); CommunityCardIs(Queen); PlayerAction(0, Raise)] => {average_policy = [0.382559; 242.819443; 12.791210]; current_policy = [0.000000; 28.860050; 0.000000]}
[Hidden; PlayerGotCard(1, Jack); PlayerAction(0, Raise)] => {average_policy = [28.182003; 213.880615; 13.922796]; current_policy = [2.266503; 31.929726; 4.643405]}
[Hidden; PlayerGotCard(1, Jack); PlayerAction(0, Call); PlayerAction(1, Raise); PlayerAction(0, Raise); PlayerAction(1, Call); CommunityCardIs(Queen); PlayerAction(0, Raise)] => {average_policy = [0.004494; 182.481445; 73.412781]; current_policy = [0.000349; 3.466624; 1.129652]}
[Hidden; PlayerGotCard(1, Queen); PlayerAction(0, Call); PlayerAction(1, Raise); PlayerAction(0, Call); CommunityCardIs(Queen); PlayerAction(0, Call); PlayerAction(1, Raise); PlayerAction(0, Raise)] => {average_policy = [255.916290; 0.000164; 0.000000]; current_policy = [1.470588; 0.000000; 0.000000]}
[Hidden; PlayerGotCard(1, King); PlayerAction(0, Call); PlayerAction(1, Raise); PlayerAction(0, Raise); PlayerAction(1, Call); CommunityCardIs(Queen); PlayerAction(0, Call); PlayerAction(1, Raise); PlayerAction(0, Raise)] => {average_policy = [169.423386; 86.576614; 0.000000]; current_policy = [17.803312; 9.368176; 299.076691]}
[Hidden; PlayerGotCard(1, Queen); PlayerAction(0, Call); PlayerAction(1, Call); CommunityCardIs(Jack); PlayerAction(0, Raise)] => {average_policy = [0.028421; 254.415100; 1.478622]; current_policy = [0.001254; 6.150127; 0.016424]}
[Hidden; PlayerGotCard(1, Queen); PlayerAction(0, Raise); PlayerAction(1, Call); CommunityCardIs(Jack); PlayerAction(0, Call)] => {average_policy = [250.415588; 0.000000; 5.464665]; current_policy = [70.485428; 2185.026123; 4.347104]}
[Hidden; PlayerGotCard(1, Queen); PlayerAction(0, Call); PlayerAction(1, Raise); PlayerAction(0, Call); CommunityCardIs(Jack); PlayerAction(0, Call); PlayerAction(1, Raise); PlayerAction(0, Raise)] => {average_policy = [29.459608; 226.448288; 0.000000]; current_policy = [0.392020; 1.610692; 53.056225]}
[Hidden; PlayerGotCard(1, Queen); PlayerAction(0, Call); PlayerAction(1, Raise); PlayerAction(0, Call); CommunityCardIs(Jack); PlayerAction(0, Raise)] => {average_policy = [0.583665; 251.920563; 3.363049]; current_policy = [0.006135; 6.299295; 0.067752]}
[Hidden; PlayerGotCard(1, King); PlayerAction(0, Call); PlayerAction(1, Raise); PlayerAction(0, Raise); PlayerAction(1, Call); CommunityCardIs(Queen); PlayerAction(0, Call); PlayerAction(1, Raise); PlayerAction(0, Raise)] => {average_policy = [46.859547; 209.140381; 0.000000]; current_policy = [1.768427; 3.226628; 291.070892]}
[Hidden; PlayerGotCard(1, Queen); PlayerAction(0, Call); PlayerAction(1, Call); CommunityCardIs(Jack); PlayerAction(0, Raise)] => {average_policy = [0.027736; 254.781067; 1.077763]; current_policy = [0.001032; 5.086572; 0.023442]}
[Hidden; PlayerGotCard(1, Jack); PlayerAction(0, Call); PlayerAction(1, Raise); PlayerAction(0, Call); CommunityCardIs(Jack); PlayerAction(0, Call)] => {average_policy = [0.000519; 0.000000; 255.911530]; current_policy = [0.000000; 0.000000; 0.029731]}
[Hidden; PlayerGotCard(1, Queen); PlayerAction(0, Call); PlayerAction(1, Raise); PlayerAction(0, Raise); PlayerAction(1, Call); CommunityCardIs(King); PlayerAction(0, Raise)] => {average_policy = [84.929497; 165.804062; 5.266404]; current_policy = [16.645048; 34.536087; 1.503616]}
[Hidden; PlayerGotCard(1, Jack); PlayerAction(0, Raise); PlayerAction(1, Call); CommunityCardIs(King); PlayerAction(0, Raise)] => {average_policy = [0.092304; 229.252426; 26.655279]; current_policy = [0.011855; 147.873810; 62.594707]}
[Hidden; PlayerGotCard(1, Jack); PlayerAction(0, Call); PlayerAction(1, Raise); PlayerAction(0, Raise)] => {average_policy = [255.984192; 0.000852; 0.000000]; current_policy = [0.897354; 0.000000; 411.476196]}
[Hidden; PlayerGotCard(1, Queen); PlayerAction(0, Call); PlayerAction(1, Raise); PlayerAction(0, Call); CommunityCardIs(Queen); PlayerAction(0, Raise)] => {average_policy = [0.008785; 0.001043; 255.902908]; current_policy = [0.000000; 0.000000; 0.870231]}
[Hidden; PlayerGotCard(1, Queen); PlayerAction(0, Call); PlayerAction(1, Call); CommunityCardIs(Queen); PlayerAction(0, Raise)] => {average_policy = [0.002475; 0.000472; 255.877304]; current_policy = [0.000000; 0.000000; 0.793594]}
[Hidden; PlayerGotCard(1, Jack); PlayerAction(0, Call); PlayerAction(1, Raise); PlayerAction(0, Call); CommunityCardIs(Queen); PlayerAction(0, Call)] => {average_policy = [143.019333; 0.000000; 112.980469]; current_policy = [3.441060; 401.547607; 2.159645]}
[Hidden; PlayerGotCard(1, Jack); PlayerAction(0, Call); PlayerAction(1, Raise); PlayerAction(0, Call); CommunityCardIs(Jack); PlayerAction(0, Raise)] => {average_policy = [0.000000; 0.000000; 255.998047]; current_policy = [0.000000; 0.000000; 1.065303]}
[Hidden; PlayerGotCard(1, Jack); PlayerAction(0, Raise); PlayerAction(1, Call); CommunityCardIs(Queen); PlayerAction(0, Raise)] => {average_policy = [1.249146; 249.518555; 5.133047]; current_policy = [0.280613; 44.551598; 0.935366]}
[Hidden; PlayerGotCard(1, King); PlayerAction(0, Call); PlayerAction(1, Raise); PlayerAction(0, Raise); PlayerAction(1, Call); CommunityCardIs(King); PlayerAction(0, Raise)] => {average_policy = [0.000006; 0.000001; 255.998047]; current_policy = [0.000000; 0.000000; 4.775352]}
[Hidden; PlayerGotCard(1, Jack); PlayerAction(0, Call); PlayerAction(1, Call); CommunityCardIs(King); PlayerAction(0, Call)] => {average_policy = [248.446259; 0.000000; 7.553712]; current_policy = [51.562145; 1061.778931; 3.429295]}
[Hidden; PlayerGotCard(1, King); PlayerAction(0, Call); PlayerAction(1, Raise); PlayerAction(0, Call); CommunityCardIs(Jack); PlayerAction(0, Call)] => {average_policy = [216.661560; 0.000000; 39.338367]; current_policy = [4.528454; 0.080820; 1.136287]}
[Hidden; PlayerGotCard(1, King); PlayerAction(0, Call); PlayerAction(1, Raise); PlayerAction(0, Call); CommunityCardIs(Queen); PlayerAction(0, Raise)] => {average_policy = [166.974380; 85.435593; 3.589894]; current_policy = [26.087193; 19.002676; 1.167674]}
[Hidden; PlayerGotCard(1, Queen); PlayerAction(0, Raise); PlayerAction(1, Call); CommunityCardIs(Queen); PlayerAction(0, Call); PlayerAction(1, Raise); PlayerAction(0, Raise)] => {average_policy = [255.896362; 0.000406; 0.000000]; current_policy = [7.293044; 0.000000; 0.000000]}
[Hidden; PlayerGotCard(1, Queen); PlayerAction(0, Raise); PlayerAction(1, Call); CommunityCardIs(Jack); PlayerAction(0, Raise)] => {average_policy = [0.389119; 248.073792; 7.430113]; current_policy = [0.000000; 9.590985; 0.000000]}
[Hidden; PlayerGotCard(1, Queen); PlayerAction(0, Call); PlayerAction(1, Raise); PlayerAction(0, Raise); PlayerAction(1, Call); CommunityCardIs(Jack); PlayerAction(0, Raise)] => {average_policy = [0.043995; 248.438461; 7.411751]; current_policy = [0.000000; 8.269981; 0.765256]}
[Hidden; PlayerGotCard(1, King); PlayerAction(0, Call); PlayerAction(1, Call); CommunityCardIs(Jack); PlayerAction(0, Call)] => {average_policy = [253.697479; 0.000000; 2.302552]; current_policy = [39.552116; 418.938782; 0.000000]}
[Hidden; PlayerGotCard(1, Queen); PlayerAction(0, Call); PlayerAction(1, Raise); PlayerAction(0, Raise); PlayerAction(1, Call); CommunityCardIs(Jack); PlayerAction(0, Raise)] => {average_policy = [0.045471; 246.289413; 9.564347]; current_policy = [0.000000; 5.880156; 0.417030]}
[Hidden; PlayerGotCard(1, King); PlayerAction(0, Call); PlayerAction(1, Raise); PlayerAction(0, Call); CommunityCardIs(Queen); PlayerAction(0, Call)] => {average_policy = [164.673889; 0.000000; 91.326004]; current_policy = [3.108283; 22.088097; 2.041378]}
[Hidden; PlayerGotCard(1, Jack); PlayerAction(0, Raise); PlayerAction(1, Call); CommunityCardIs(Jack); PlayerAction(0, Raise)] => {average_policy = [0.000527; 0.000421; 255.892105]; current_policy = [0.000000; 0.000000; 1.994110]}
[Hidden; PlayerGotCard(1, Jack); PlayerAction(0, Call); PlayerAction(1, Raise); PlayerAction(0, Raise); PlayerAction(1, Call); CommunityCardIs(Jack); PlayerAction(0, Call)] => {average_policy = [0.000002; 0.000000; 255.998047]; current_policy = [0.000000; 0.000000; 0.411434]}
[Hidden; PlayerGotCard(1, Queen); PlayerAction(0, Call); PlayerAction(1, Raise); PlayerAction(0, Call); CommunityCardIs(Jack); PlayerAction(0, Call); PlayerAction(1, Raise); PlayerAction(0, Raise)] => {average_policy = [25.930008; 229.963776; 0.000000]; current_policy = [0.073757; 1.513079; 48.981323]}
[Hidden; PlayerGotCard(1, Queen); PlayerAction(0, Call); PlayerAction(1, Raise); PlayerAction(0, Raise); PlayerAction(1, Call); CommunityCardIs(Queen); PlayerAction(0, Call)] => {average_policy = [0.001168; 0.000000; 255.895599]; current_policy = [0.000000; 0.000000; 4.665385]}
[Hidden; PlayerGotCard(1, Queen); PlayerAction(0, Call); PlayerAction(1, Raise); PlayerAction(0, Call); CommunityCardIs(Jack); PlayerAction(0, Call)] => {average_policy = [165.282242; 0.000000; 90.602608]; current_policy = [10.511901; 226.280975; 5.817606]}
[Hidden; PlayerGotCard(1, Jack); PlayerAction(0, Call); PlayerAction(1, Call); CommunityCardIs(Jack); PlayerAction(0, Raise)] => {average_policy = [0.000000; 0.000000; 255.998047]; current_policy = [0.000000; 0.000000; 4.778459]}
[Hidden; PlayerGotCard(1, Queen); PlayerAction(0, Call); PlayerAction(1, Call); CommunityCardIs(Queen); PlayerAction(0, Raise)] => {average_policy = [0.001202; 0.000342; 255.911560]; current_policy = [0.000000; 0.000000; 1.522804]}
[Hidden; PlayerGotCard(1, King); PlayerAction(0, Raise); PlayerAction(1, Call); CommunityCardIs(Queen); PlayerAction(0, Call); PlayerAction(1, Raise); PlayerAction(0, Raise)] => {average_policy = [0.604649; 255.395370; 0.000000]; current_policy = [0.054015; 16.094086; 2583.575928]}
[Hidden; PlayerGotCard(1, Queen); PlayerAction(0, Call); PlayerAction(1, Raise); PlayerAction(0, Raise); PlayerAction(1, Call); CommunityCardIs(Jack); PlayerAction(0, Call); PlayerAction(1, Raise); PlayerAction(0, Raise)] => {average_policy = [0.045294; 255.868469; 0.000000]; current_policy = [0.000000; 0.453512; 44.066673]}
[Hidden; PlayerGotCard(1, King); PlayerAction(0, Call); PlayerAction(1, Raise); PlayerAction(0, Raise); PlayerAction(1, Call); CommunityCardIs(Jack); PlayerAction(0, Call); PlayerAction(1, Raise); PlayerAction(0, Raise)] => {average_policy = [211.306427; 44.693531; 0.000000]; current_policy = [1.752504; 0.340906; 81.066704]}
[Hidden; PlayerGotCard(1, King); PlayerAction(0, Call); PlayerAction(1, Raise); PlayerAction(0, Raise); PlayerAction(1, Call); CommunityCardIs(Jack); PlayerAction(0, Raise)] => {average_policy = [192.116913; 55.890087; 7.992949]; current_policy = [12.074487; 3.099695; 0.664812]}
[Hidden; PlayerGotCard(1, Queen); PlayerAction(0, Raise); PlayerAction(1, Raise); PlayerAction(0, Call); CommunityCardIs(Queen); PlayerAction(0, Call); PlayerAction(1, Raise); PlayerAction(0, Raise)] => {average_policy = [255.913773; 0.000337; 0.000000]; current_policy = [11.000000; 0.000000; 0.000000]}
[Hidden; PlayerGotCard(1, Jack); PlayerAction(0, Call); PlayerAction(1, Raise); PlayerAction(0, Raise); PlayerAction(1, Call); CommunityCardIs(Queen); PlayerAction(0, Call)] => {average_policy = [243.014832; 0.000000; 12.890091]; current_policy = [6.287832; 957.497009; 0.810341]}
[Hidden; PlayerGotCard(1, Jack); PlayerAction(0, Raise); PlayerAction(1, Raise); PlayerAction(0, Call); CommunityCardIs(Jack); PlayerAction(0, Call)] => {average_policy = [0.000961; 0.000000; 255.886093]; current_policy = [0.000000; 0.000000; 4.544715]}
[Hidden; PlayerGotCard(1, Jack); PlayerAction(0, Raise); PlayerAction(1, Call); CommunityCardIs(Queen); PlayerAction(0, Call); PlayerAction(1, Raise); PlayerAction(0, Raise)] => {average_policy = [0.009716; 255.897705; 0.000000]; current_policy = [0.000000; 2.020022; 1196.072021]}
[Hidden; PlayerGotCard(1, King); PlayerAction(0, Call); PlayerAction(1, Raise); PlayerAction(0, Raise); PlayerAction(1, Call); CommunityCardIs(Queen); PlayerAction(0, Call)] => {average_policy = [132.327957; 0.000000; 123.672005]; current_policy = [10.092299; 0.007760; 11.974533]}
[Hidden; PlayerGotCard(1, King); PlayerAction(0, Call); PlayerAction(1, Call); CommunityCardIs(Queen); PlayerAction(0, Call); PlayerAction(1, Raise); PlayerAction(0, Raise)] => {average_policy = [83.655823; 172.344177; 0.000000]; current_policy = [5.857277; 13.507795; 531.924133]}
[Hidden; PlayerGotCard(1, Jack); PlayerAction(0, Call); PlayerAction(1, Raise); PlayerAction(0, Call); CommunityCardIs(Queen); PlayerAction(0, Call)] => {average_policy = [156.815994; 0.000000; 99.183945]; current_policy = [3.424382; 385.622894; 1.430466]}
[Hidden; PlayerGotCard(1, Queen); PlayerAction(0, Call); PlayerAction(1, Call); CommunityCardIs(King); PlayerAction(0, Call); PlayerAction(1, Raise); PlayerAction(0, Raise)] => {average_policy = [255.568802; 0.431239; 0.000000]; current_policy = [13.748481; 0.000000; 69.241814]}
[Hidden; PlayerGotCard(1, Jack); PlayerAction(0, Call); PlayerAction(1, Call); CommunityCardIs(Queen); PlayerAction(0, Call)] => {average_policy = [235.369781; 0.000000; 20.630156]; current_policy = [30.218504; 609.392639; 3.039276]}
[Hidden; PlayerGotCard(1, King); PlayerAction(0, Call); PlayerAction(1, Raise); PlayerAction(0, Raise); PlayerAction(1, Call); CommunityCardIs(Queen); PlayerAction(0, Raise)] => {average_policy = [186.243698; 58.806610; 10.949677]; current_policy = [5.109420; 1.374694; 0.529878]}
[Hidden; PlayerGotCard(1, Queen); PlayerAction(0, Call); PlayerAction(1, Raise); PlayerAction(0, Call); CommunityCardIs(King); PlayerAction(0, Raise)] => {average_policy = [97.238182; 153.856659; 4.905118]; current_policy = [3.765695; 4.572858; 0.504344]}
[Hidden; PlayerGotCard(1, Queen); PlayerAction(0, Call); PlayerAction(1, Raise); PlayerAction(0, Raise); PlayerAction(1, Call); CommunityCardIs(Jack); PlayerAction(0, Call)] => {average_policy = [253.442383; 0.000000; 2.447235]; current_policy = [8.587411; 746.707031; 0.100314]}
[Hidden; PlayerGotCard(1, King); PlayerAction(0, Call); PlayerAction(1, Raise); PlayerAction(0, Call); CommunityCardIs(Queen); PlayerAction(0, Raise)] => {average_policy = [48.822552; 199.107498; 8.069881]; current_policy = [19.100376; 38.132126; 5.131077]}
[Hidden; PlayerGotCard(1, Queen); PlayerAction(0, Raise); PlayerAction(1, Call); CommunityCardIs(Jack); PlayerAction(0, Call); PlayerAction(1, Raise); PlayerAction(0, Raise)] => {average_policy = [0.141869; 255.850403; 0.000000]; current_policy = [0.000000; 2.801170; 173.578354]}
[Hidden; PlayerGotCard(1, Queen); PlayerAction(0, Raise); PlayerAction(1, Raise); PlayerAction(0, Call); CommunityCardIs(Jack); PlayerAction(0, Call); PlayerAction(1, Raise); PlayerAction(0, Raise)] => {average_policy = [6.119130; 249.778870; 0.000000]; current_policy = [0.000000; 2.313590; 133.335159]}
[Hidden; PlayerGotCard(1, King); PlayerAction(0, Raise); PlayerAction(1, Raise); PlayerAction(0, Call); CommunityCardIs(Queen); PlayerAction(0, Raise)] => {average_policy = [188.751144; 43.709232; 23.539698]; current_policy = [157.637817; 36.074047; 10.131449]}
[Hidden; PlayerGotCard(1, Queen); PlayerAction(0, Raise); PlayerAction(1, Call); CommunityCardIs(Queen); PlayerAction(0, Call); PlayerAction(1, Raise); PlayerAction(0, Raise)] => {average_policy = [255.898361; 0.000795; 0.000000]; current_policy = [2.109613; 0.000000; 0.000000]}
[Hidden; PlayerGotCard(1, Queen); PlayerAction(0, Raise); PlayerAction(1, Raise); PlayerAction(0, Call); CommunityCardIs(Queen); PlayerAction(0, Call); PlayerAction(1, Raise); PlayerAction(0, Raise)] => {average_policy = [255.878326; 0.000476; 0.000000]; current_policy = [11.000000; 0.000000; 0.000000]}
[Hidden; PlayerGotCard(1, Jack); PlayerAction(0, Raise); PlayerAction(1, Call); CommunityCardIs(King); PlayerAction(0, Raise)] => {average_policy = [0.001304; 143.863281; 112.135460]; current_policy = [0.000000; 117.001343; 88.137589]}
[Hidden; PlayerGotCard(1, Queen); PlayerAction(0, Raise); PlayerAction(1, Raise); PlayerAction(0, Call); CommunityCardIs(Jack); PlayerAction(0, Call); PlayerAction(1, Raise); PlayerAction(0, Raise)] => {average_policy = [7.035593; 248.836929; 0.000000]; current_policy = [0.059905; 2.877438; 122.957878]}
[Hidden; PlayerGotCard(1, Jack); PlayerAction(0, Call); PlayerAction(1, Raise); PlayerAction(0, Raise); PlayerAction(1, Call); CommunityCardIs(King); PlayerAction(0, Call); PlayerAction(1, Raise); PlayerAction(0, Raise)] => {average_policy = [0.000024; 255.998047; 0.000000]; current_policy = [0.000000; 1.490261; 50.735489]}
[Hidden; PlayerGotCard(1, Jack); PlayerAction(0, Call); PlayerAction(1, Raise); PlayerAction(0, Raise); PlayerAction(1, Call); CommunityCardIs(Queen); PlayerAction(0, Call)] => {average_policy = [245.508209; 0.000000; 10.403118]; current_policy = [7.188895; 951.759705; 0.745599]}
[Hidden; PlayerGotCard(1, Queen); PlayerAction(0, Raise); PlayerAction(1, Raise); PlayerAction(0, Call); CommunityCardIs(Jack); PlayerAction(0, Call)] => {average_policy = [240.662292; 0.000000; 15.215204]; current_policy = [101.145828; 3490.299805; 8.034338]}
[Hidden; PlayerGotCard(1, Jack); PlayerAction(0, Raise); PlayerAction(1, Raise); PlayerAction(0, Call); CommunityCardIs(Queen); PlayerAction(0, Call); PlayerAction(1, Raise); PlayerAction(0, Raise)] => {average_policy = [2.199804; 253.685822; 0.000000]; current_policy = [0.019534; 1.046308; 329.685455]}
[Hidden; PlayerGotCard(1, King); PlayerAction(0, Call); PlayerAction(1, Call); CommunityCardIs(Queen); PlayerAction(0, Call)] => {average_policy = [252.706039; 0.000000; 3.293927]; current_policy = [16.452255; 0.000000; 0.708378]}
[Hidden; PlayerGotCard(1, Queen); PlayerAction(0, Raise); PlayerAction(1, Raise); PlayerAction(0, Call); CommunityCardIs(King); PlayerAction(0, Call); PlayerAction(1, Raise); PlayerAction(0, Raise)] => {average_policy = [26.428566; 229.571487; 0.000000]; current_policy = [7.400346; 47.802834; 4368.885254]}
[Hidden; PlayerGotCard(1, Queen); PlayerAction(0, Call); PlayerAction(1, Call); CommunityCardIs(Jack); PlayerAction(0, Call)] => {average_policy = [249.782486; 0.000000; 6.113067]; current_policy = [55.498447; 735.560364; 0.000000]}
[Hidden; PlayerGotCard(1, Queen); PlayerAction(0, Call); PlayerAction(1, Call); CommunityCardIs(Jack); PlayerAction(0, Call); PlayerAction(1, Raise); PlayerAction(0, Raise)] => {average_policy = [0.020580; 255.896530; 0.000000]; current_policy = [0.000000; 3.839761; 2413.448730]}
[Hidden; PlayerGotCard(1, Queen); PlayerAction(0, Raise); PlayerAction(1, Call); CommunityCardIs(Jack); PlayerAction(0, Call); PlayerAction(1, Raise); PlayerAction(0, Raise)] => {average_policy = [0.224650; 255.767899; 0.000000]; current_policy = [0.000000; 2.527352; 156.465271]}
[Hidden; PlayerGotCard(1, Queen); PlayerAction(0, Call); PlayerAction(1, Call); CommunityCardIs(King); PlayerAction(0, Call)] => {average_policy = [209.377701; 0.000000; 46.622276]; current_policy = [16.125948; 0.000000; 2.796014]}
[Hidden; PlayerGotCard(1, Queen); PlayerAction(0, Raise); PlayerAction(1, Call); CommunityCardIs(King); PlayerAction(0, Raise)] => {average_policy = [57.493614; 184.903976; 13.602169]; current_policy = [58.957214; 174.593628; 20.316216]}
[Hidden; PlayerGotCard(1, Queen); PlayerAction(0, Call); PlayerAction(1, Raise); PlayerAction(0, Raise); PlayerAction(1, Call); CommunityCardIs(Queen); PlayerAction(0, Call); PlayerAction(1, Raise); PlayerAction(0, Raise)] => {average_policy = [255.914612; 0.000167; 0.000000]; current_policy = [10.405123; 0.000000; 0.000000]}
[Hidden; PlayerGotCard(1, Queen); PlayerAction(0, Call); PlayerAction(1, Raise); PlayerAction(0, Raise); PlayerAction(1, Call); CommunityCardIs(Jack); PlayerAction(0, Call); PlayerAction(1, Raise); PlayerAction(0, Raise)] => {average_policy = [0.018901; 255.876617; 0.000000]; current_policy = [0.000000; 1.357878; 49.767200]}
[Hidden; PlayerGotCard(1, King); PlayerAction(0, Call); PlayerAction(1, Raise); PlayerAction(0, Call); CommunityCardIs(Jack); PlayerAction(0, Raise)] => {average_policy = [169.735245; 84.892624; 1.372025]; current_policy = [7.772964; 3.412699; 0.000000]}
[Hidden; PlayerGotCard(1, Queen); PlayerAction(0, Call); PlayerAction(1, Raise); PlayerAction(0, Raise)] => {average_policy = [255.984726; 0.000208; 0.000000]; current_policy = [1.982370; 0.000000; 381.957672]}
[Hidden; PlayerGotCard(1, Queen); PlayerAction(0, Call); PlayerAction(1, Raise); PlayerAction(0, Raise); PlayerAction(1, Call); CommunityCardIs(King); PlayerAction(0, Raise)] => {average_policy = [43.880440; 203.676483; 8.442933]; current_policy = [10.056772; 37.206699; 1.355559]}
[Hidden; PlayerGotCard(1, Jack); PlayerAction(0, Call); PlayerAction(1, Call); CommunityCardIs(Jack); PlayerAction(0, Call)] => {average_policy = [0.000000; 0.000000; 255.998047]; current_policy = [0.000000; 0.000000; 0.067179]}
[Hidden; PlayerGotCard(1, Queen); PlayerAction(0, Call); PlayerAction(1, Raise); PlayerAction(0, Raise); PlayerAction(1, Call); CommunityCardIs(Queen); PlayerAction(0, Raise)] => {average_policy = [0.001763; 0.000916; 255.881699]; current_policy = [0.000000; 0.000000; 0.801869]}
[Hidden; PlayerGotCard(1, King); PlayerAction(0, Call); PlayerAction(1, Raise); PlayerAction(0, Call); CommunityCardIs(Jack); PlayerAction(0, Raise)] => {average_policy = [211.012894; 44.196926; 0.790190]; current_policy = [7.547116; 2.450202; 0.000000]}
[Hidden; PlayerGotCard(1, Jack); PlayerAction(0, Raise); PlayerAction(1, Call); CommunityCardIs(Jack); PlayerAction(0, Call)] => {average_policy = [0.000935; 0.000000; 255.912506]; current_policy = [0.000000; 0.000000; 3.912640]}
[Hidden; PlayerGotCard(1, King); PlayerAction(0, Call); PlayerAction(1, Raise); PlayerAction(0, Call); CommunityCardIs(Queen); PlayerAction(0, Call); PlayerAction(1, Raise); PlayerAction(0, Raise)] => {average_policy = [3.756752; 252.243210; 0.000000]; current_policy = [0.071917; 2.591710; 106.155403]}
[Hidden; PlayerGotCard(1, Queen); PlayerAction(0, Raise); PlayerAction(1, Call); CommunityCardIs(Jack); PlayerAction(0, Call)] => {average_policy = [248.999649; 0.000000; 6.918191]; current_policy = [74.956505; 2350.792725; 4.500884]}
[Hidden; PlayerGotCard(1, Jack); PlayerAction(0, Raise); PlayerAction(1, Raise); PlayerAction(0, Call); CommunityCardIs(King); PlayerAction(0, Call)] => {average_policy = [2.351379; 0.000000; 253.648560]; current_policy = [0.681620; 3240.919678; 103.120934]}
[Hidden; PlayerGotCard(1, Jack); PlayerAction(0, Call); PlayerAction(1, Call); CommunityCardIs(Queen); PlayerAction(0, Raise)] => {average_policy = [1.136015; 243.559540; 11.304522]; current_policy = [0.381426; 30.179214; 2.697424]}
[Hidden; PlayerGotCard(1, Queen); PlayerAction(0, Raise); PlayerAction(1, Call); CommunityCardIs(King); PlayerAction(0, Call)] => {average_policy = [103.007156; 0.000000; 152.992874]; current_policy = [7.374384; 220.568817; 11.611332]}
[Hidden; PlayerGotCard(1, Queen); PlayerAction(0, Raise)] => {average_policy = [128.674423; 19.582878; 107.728706]; current_policy = [22.786510; 1.689629; 18.011745]}
[Hidden; PlayerGotCard(1, Queen); PlayerAction(0, Raise); PlayerAction(1, Raise); PlayerAction(0, Call); CommunityCardIs(Jack); PlayerAction(0, Call)] => {average_policy = [244.180450; 0.000000; 11.731585]; current_policy = [100.378960; 3854.140381; 7.911390]}
[Hidden; PlayerGotCard(1, Jack); PlayerAction(0, Call); PlayerAction(1, Raise); PlayerAction(0, Call); CommunityCardIs(Queen); PlayerAction(0, Raise)] => {average_policy = [0.293908; 240.194931; 15.503649]; current_policy = [0.000000; 28.546661; 1.029189]}
[Hidden; PlayerGotCard(1, King); PlayerAction(0, Call); PlayerAction(1, Call); CommunityCardIs(Queen); PlayerAction(0, Call)] => {average_policy = [251.692963; 0.000000; 4.306933]; current_policy = [16.012310; 0.000000; 1.078199]}
[Hidden; PlayerGotCard(1, King); PlayerAction(0, Raise); PlayerAction(1, Raise); PlayerAction(0, Call); CommunityCardIs(Jack); PlayerAction(0, Call); PlayerAction(1, Raise); PlayerAction(0, Raise)] => {average_policy = [251.268570; 4.731281; 0.000000]; current_policy = [10.658498; 0.421439; 97.088219]}
[Hidden; PlayerGotCard(1, Queen); PlayerAction(0, Raise); PlayerAction(1, Call); CommunityCardIs(Jack); PlayerAction(0, Raise)] => {average_policy = [0.257470; 245.412552; 10.231448]; current_policy = [0.000000; 11.155553; 0.000000]}
[Hidden; PlayerGotCard(1, King); PlayerAction(0, Call); PlayerAction(1, Raise); PlayerAction(0, Raise); PlayerAction(1, Call); CommunityCardIs(Queen); PlayerAction(0, Raise)] => {average_policy = [168.166748; 74.389381; 13.443827]; current_policy = [4.303632; 1.630762; 0.403869]}
[Hidden; PlayerGotCard(1, Jack); PlayerAction(0, Raise); PlayerAction(1, Raise); PlayerAction(0, Call); CommunityCardIs(Queen); PlayerAction(0, Call); PlayerAction(1, Raise); PlayerAction(0, Raise)] => {average_policy = [1.046502; 254.863754; 0.000000]; current_policy = [0.000000; 2.193388; 324.415527]}
[Hidden; PlayerGotCard(1, King); PlayerAction(0, Call)] => {average_policy = [0.762801; 0.000000; 255.237183]; current_policy = [0.000000; 0.000000; 7.166700]}
[Hidden; PlayerGotCard(1, King); PlayerAction(0, Raise); PlayerAction(1, Raise); PlayerAction(0, Call); CommunityCardIs(King); PlayerAction(0, Call)] => {average_policy = [0.000000; 0.000000; 255.998047]; current_policy = [0.000000; 0.000000; 0.020833]}
[Hidden; PlayerGotCard(1, Queen); PlayerAction(0, Call); PlayerAction(1, Call); CommunityCardIs(Jack); PlayerAction(0, Call); PlayerAction(1, Raise); PlayerAction(0, Raise)] => {average_policy = [0.020524; 255.894547; 0.000000]; current_policy = [0.000000; 3.138874; 2489.359619]}
[Hidden; PlayerGotCard(1, Queen); PlayerAction(0, Call); PlayerAction(1, Raise); PlayerAction(0, Raise); PlayerAction(1, Call); CommunityCardIs(King); PlayerAction(0, Call)] => {average_policy = [206.470596; 0.000000; 49.529270]; current_policy = [2.329970; 43.418266; 0.619532]}
[Hidden; PlayerGotCard(1, Queen); PlayerAction(0, Raise); PlayerAction(1, Raise); PlayerAction(0, Call); CommunityCardIs(King); PlayerAction(0, Raise)] => {average_policy = [127.353294; 122.729378; 5.917302]; current_policy = [69.501503; 69.912148; 9.582743]}
[Hidden; PlayerGotCard(1, Jack); PlayerAction(0, Call); PlayerAction(1, Raise); PlayerAction(0, Raise); PlayerAction(1, Call); CommunityCardIs(Queen); PlayerAction(0, Call); PlayerAction(1, Raise); PlayerAction(0, Raise)] => {average_policy = [1.475612; 254.516800; 0.000000]; current_policy = [0.000522; 1.841366; 202.356888]}
[Hidden; PlayerGotCard(1, Jack); PlayerAction(0, Raise); PlayerAction(1, Raise); PlayerAction(0, Call); CommunityCardIs(Queen); PlayerAction(0, Call)] => {average_policy = [251.450653; 0.000000; 4.468690]; current_policy = [11.360043; 1939.565308; 0.254926]}
[Hidden; PlayerGotCard(1, King); PlayerAction(0, Call); PlayerAction(1, Raise); PlayerAction(0, Raise); PlayerAction(1, Call); CommunityCardIs(Jack); PlayerAction(0, Call)] => {average_policy = [103.224937; 0.000000; 152.775070]; current_policy = [1.055096; 0.004830; 1.659528]}
[Hidden; PlayerGotCard(1, Queen); PlayerAction(0, Raise); PlayerAction(1, Raise); PlayerAction(0, Call); CommunityCardIs(Jack); PlayerAction(0, Call); PlayerAction(1, Raise); PlayerAction(0, Raise)] => {average_policy = [5.906051; 250.021118; 0.000000]; current_policy = [0.000000; 3.725178; 165.908127]}
[Hidden; PlayerGotCard(1, Jack); PlayerAction(0, Raise); PlayerAction(1, Raise); PlayerAction(0, Call); CommunityCardIs(Queen); PlayerAction(0, Raise)] => {average_policy = [0.065046; 218.788803; 37.051060]; current_policy = [0.205608; 110.356323; 37.308994]}
[Hidden; PlayerGotCard(1, Queen); PlayerAction(0, Call); PlayerAction(1, Raise); PlayerAction(0, Raise); PlayerAction(1, Call); CommunityCardIs(Queen); PlayerAction(0, Raise)] => {average_policy = [0.000843; 0.000118; 255.909027]; current_policy = [0.000000; 0.000000; 1.421867]}
[Hidden; PlayerGotCard(1, Queen); PlayerAction(0, Raise); PlayerAction(1, Raise); PlayerAction(0, Call); CommunityCardIs(Queen); PlayerAction(0, Raise)] => {average_policy = [0.000849; 0.000651; 255.899628]; current_policy = [0.000000; 0.000000; 0.320235]}
[Hidden; PlayerGotCard(1, Queen); PlayerAction(0, Call); PlayerAction(1, Call); CommunityCardIs(King); PlayerAction(0, Raise)] => {average_policy = [203.674484; 48.872936; 3.452600]; current_policy = [41.443344; 7.490051; 0.263600]}
[Hidden; PlayerGotCard(1, Jack); PlayerAction(0, Raise); PlayerAction(1, Call); CommunityCardIs(Queen); PlayerAction(0, Call); PlayerAction(1, Raise); PlayerAction(0, Raise)] => {average_policy = [0.026653; 255.868057; 0.000000]; current_policy = [0.000317; 0.650159; 1179.188599]}
[Hidden; PlayerGotCard(1, Queen); PlayerAction(0, Call); PlayerAction(1, Call); CommunityCardIs(Jack); PlayerAction(0, Call)] => {average_policy = [250.404861; 0.000000; 5.462611]; current_policy = [54.115498; 745.309204; 0.781296]}
[Hidden; PlayerGotCard(1, King); PlayerAction(0, Raise); PlayerAction(1, Call); CommunityCardIs(King); PlayerAction(0, Raise)] => {average_policy = [0.000000; 0.000000; 255.998047]; current_policy = [0.000000; 0.000000; 0.833333]}
[Hidden; PlayerGotCard(1, King); PlayerAction(0, Call); PlayerAction(1, Raise); PlayerAction(0, Call); CommunityCardIs(King); PlayerAction(0, Raise)] => {average_policy = [0.000001; 0.000000; 255.998047]; current_policy = [0.000000; 0.000000; 1.637378]}
[Hidden; PlayerGotCard(1, Queen); PlayerAction(0, Call); PlayerAction(1, Raise); PlayerAction(0, Call); CommunityCardIs(Jack); PlayerAction(0, Call)] => {average_policy = [162.424545; 0.000000; 93.487839]; current_policy = [8.793104; 224.002350; 9.863903]}
[Hidden; PlayerGotCard(1, Jack); PlayerAction(0, Call); PlayerAction(1, Raise); PlayerAction(0, Raise); PlayerAction(1, Call); CommunityCardIs(King); PlayerAction(0, Call); PlayerAction(1, Raise); PlayerAction(0, Raise)] => {average_policy = [0.000175; 255.998047; 0.000000]; current_policy = [0.000000; 0.659171; 66.709343]}
[Hidden; PlayerGotCard(1, Queen); PlayerAction(0, Raise); PlayerAction(1, Call); CommunityCardIs(Jack); PlayerAction(0, Raise)] => {average_policy = [0.365849; 250.222504; 5.300416]; current_policy = [0.050749; 10.254688; 0.376071]}
[Hidden; PlayerGotCard(1, Queen); PlayerAction(0, Call); PlayerAction(1, Raise); PlayerAction(0, Raise); PlayerAction(1, Call); CommunityCardIs(Queen); PlayerAction(0, Call); PlayerAction(1, Raise); PlayerAction(0, Raise)] => {average_policy = [255.877625; 0.000239; 0.000000]; current_policy = [7.378860; 0.000000; 0.000000]}
[Hidden; PlayerGotCard(1, King); PlayerAction(0, Raise); PlayerAction(1, Call); CommunityCardIs(King); PlayerAction(0, Call)] => {average_policy = [0.000000; 0.000000; 255.998047]; current_policy = [0.000000; 0.000000; 0.500000]}
[Hidden; PlayerGotCard(1, Queen); PlayerAction(0, Call); PlayerAction(1, Raise); PlayerAction(0, Call); CommunityCardIs(Jack); PlayerAction(0, Raise)] => {average_policy = [0.612092; 251.936539; 3.378274]; current_policy = [0.000000; 6.428397; 0.000000]}
[Hidden; PlayerGotCard(1, Queen); PlayerAction(0, Raise); PlayerAction(1, Raise); PlayerAction(0, Call); CommunityCardIs(King); PlayerAction(0, Call); PlayerAction(1, Raise); PlayerAction(0, Raise)] => {average_policy = [13.517309; 242.482697; 0.000000]; current_policy = [6.396713; 47.242523; 4149.597656]}
[Hidden; PlayerGotCard(1, King); PlayerAction(0, Raise); PlayerAction(1, Raise); PlayerAction(0, Call); CommunityCardIs(Queen); PlayerAction(0, Call); PlayerAction(1, Raise); PlayerAction(0, Raise)] => {average_policy = [71.476418; 184.523590; 0.000000]; current_policy = [3.393178; 7.833504; 584.935181]}
[Hidden; PlayerGotCard(1, Jack); PlayerAction(0, Raise); PlayerAction(1, Call); CommunityCardIs(Queen); PlayerAction(0, Call); PlayerAction(1, Raise); PlayerAction(0, Raise)] => {average_policy = [0.007687; 255.907059; 0.000000]; current_policy = [0.000340; 3.573767; 1158.015503]}
[Hidden; PlayerGotCard(1, Queen); PlayerAction(0, Raise); PlayerAction(1, Call); CommunityCardIs(Queen); PlayerAction(0, Raise)] => {average_policy = [0.001389; 0.000310; 255.879913]; current_policy = [0.000000; 0.000000; 6.391320]}
[Hidden; PlayerGotCard(1, King); PlayerAction(0, Call); PlayerAction(1, Raise); PlayerAction(0, Call); CommunityCardIs(Jack); PlayerAction(0, Call); PlayerAction(1, Raise); PlayerAction(0, Raise)] => {average_policy = [253.721115; 2.278885; 0.000000]; current_policy = [4.226886; 0.068648; 51.540257]}
[Hidden; PlayerGotCard(1, Jack); PlayerAction(0, Call); PlayerAction(1, Raise); PlayerAction(0, Raise); PlayerAction(1, Call); CommunityCardIs(Queen); PlayerAction(0, Raise)] => {average_policy = [0.011851; 230.300323; 25.572655]; current_policy = [0.000000; 5.475337; 0.715649]}
[Hidden; PlayerGotCard(1, Queen); PlayerAction(0, Call)] => {average_policy = [51.177242; 0.000000; 204.807877]; current_policy = [2.832143; 0.194073; 13.858546]}
[Hidden; PlayerGotCard(1, Jack); PlayerAction(0, Call); PlayerAction(1, Call); CommunityCardIs(Jack); PlayerAction(0, Call); PlayerAction(1, Raise); PlayerAction(0, Raise)] => {average_policy = [255.998047; 0.000000; 0.000000]; current_policy = [0.940509; 0.000000; 0.000000]}
[Hidden; PlayerGotCard(1, King); PlayerAction(0, Call); PlayerAction(1, Raise); PlayerAction(0, Raise); PlayerAction(1, Call); CommunityCardIs(Jack); PlayerAction(0, Raise)] => {average_policy = [213.351303; 35.549095; 7.099667]; current_policy = [7.437472; 2.322534; 0.066793]}
[Hidden; PlayerGotCard(1, Queen); PlayerAction(0, Call); PlayerAction(1, Raise); PlayerAction(0, Raise); PlayerAction(1, Call); CommunityCardIs(Jack); PlayerAction(0, Call); PlayerAction(1, Raise); PlayerAction(0, Raise)] => {average_policy = [0.024616; 255.865921; 0.000000]; current_policy = [0.000000; 0.724047; 50.414555]}
[Hidden; PlayerGotCard(1, Jack); PlayerAction(0, Call); PlayerAction(1, Raise); PlayerAction(0, Call); CommunityCardIs(Queen); PlayerAction(0, Call); PlayerAction(1, Raise); PlayerAction(0, Raise)] => {average_policy = [0.531042; 255.462784; 0.000000]; current_policy = [0.010898; 1.325622; 67.900085]}
[Hidden; PlayerGotCard(1, Jack); PlayerAction(0, Raise); PlayerAction(1, Raise); PlayerAction(0, Call); CommunityCardIs(Queen); PlayerAction(0, Raise)] => {average_policy = [1.335496; 84.317917; 170.256638]; current_policy = [0.000000; 90.012123; 81.550125]}
[Hidden; PlayerGotCard(1, Queen); PlayerAction(0, Raise); PlayerAction(1, Call); CommunityCardIs(Jack); PlayerAction(0, Raise)] => {average_policy = [0.322792; 249.169022; 6.415809]; current_policy = [0.000000; 9.906184; 0.000000]}
[Hidden; PlayerGotCard(1, Queen); PlayerAction(0, Raise); PlayerAction(1, Call); CommunityCardIs(Jack); PlayerAction(0, Call)] => {average_policy = [249.919754; 0.000000; 5.952823]; current_policy = [70.284767; 2341.549561; 2.212381]}
[Hidden; PlayerGotCard(1, Jack); PlayerAction(0, Raise); PlayerAction(1, Raise); PlayerAction(0, Call); CommunityCardIs(Queen); PlayerAction(0, Call); PlayerAction(1, Raise); PlayerAction(0, Raise)] => {average_policy = [1.046221; 254.842606; 0.000000]; current_policy = [0.041327; 1.529945; 338.305847]}
[Hidden; PlayerGotCard(1, Jack); PlayerAction(0, Call); PlayerAction(1, Call); CommunityCardIs(Queen); PlayerAction(0, Call)] => {average_policy = [243.885513; 0.000000; 12.114514]; current_policy = [29.741150; 620.239502; 3.353418]}
[Hidden; PlayerGotCard(1, Queen); PlayerAction(0, Call); PlayerAction(1, Call); CommunityCardIs(Queen); PlayerAction(0, Call); PlayerAction(1, Raise); PlayerAction(0, Raise)] => {average_policy = [255.887268; 0.000221; 0.000000]; current_policy = [7.000000; 0.000000; 0.000000]}
[Hidden; PlayerGotCard(1, Queen); PlayerAction(0, Raise); PlayerAction(1, Call); CommunityCardIs(King); PlayerAction(0, Call); PlayerAction(1, Raise); PlayerAction(0, Raise)] => {average_policy = [10.173909; 245.826126; 0.000000]; current_policy = [0.141305; 10.342248; 736.671204]}
[Hidden; PlayerGotCard(1, Jack); PlayerAction(0, Call)] => {average_policy = [188.212570; 0.000000; 67.774979]; current_policy = [15.018967; 320.937775; 5.405733]}
[Hidden; PlayerGotCard(1, Jack); PlayerAction(0, Raise); PlayerAction(1, Call); CommunityCardIs(Queen); PlayerAction(0, Call)] => {average_policy = [18.798794; 0.000000; 237.192719]; current_policy = [7.565988; 3453.574219; 36.285473]}
[Hidden; PlayerGotCard(1, Jack); PlayerAction(0, Call); PlayerAction(1, Call); CommunityCardIs(Queen); PlayerAction(0, Raise)] => {average_policy = [1.005711; 244.958389; 10.035910]; current_policy = [0.151817; 29.158472; 0.910904]}
[Hidden; PlayerGotCard(1, Jack); PlayerAction(0, Call); PlayerAction(1, Call); CommunityCardIs(Queen); PlayerAction(0, Call); PlayerAction(1, Raise); PlayerAction(0, Raise)] => {average_policy = [1.325745; 254.674225; 0.000000]; current_policy = [0.037348; 3.326874; 491.762207]}
[Hidden; PlayerGotCard(1, King); PlayerAction(0, Call); PlayerAction(1, Call); CommunityCardIs(Jack); PlayerAction(0, Call); PlayerAction(1, Raise); PlayerAction(0, Raise)] => {average_policy = [0.003234; 255.996262; 0.000000]; current_policy = [0.000000; 3.508364; 4533.268555]}
[Hidden; PlayerGotCard(1, Jack); PlayerAction(0, Call); PlayerAction(1, Raise); PlayerAction(0, Raise); PlayerAction(1, Call); CommunityCardIs(King); PlayerAction(0, Call)] => {average_policy = [195.849762; 0.000000; 60.150364]; current_policy = [1.841529; 127.846931; 0.634630]}
[Hidden; PlayerGotCard(1, King); PlayerAction(0, Call); PlayerAction(1, Raise); PlayerAction(0, Raise); PlayerAction(1, Call); CommunityCardIs(Queen); PlayerAction(0, Call)] => {average_policy = [68.504959; 0.000000; 187.494873]; current_policy = [1.885771; 0.000000; 6.414268]}
[Hidden; PlayerGotCard(1, Jack); PlayerAction(0, Call)] => {average_policy = [163.777420; 0.000000; 92.205803]; current_policy = [13.435538; 309.439270; 7.812043]}
[Hidden; PlayerGotCard(1, Jack); PlayerAction(0, Call); PlayerAction(1, Raise); PlayerAction(0, Call); CommunityCardIs(King); PlayerAction(0, Raise)] => {average_policy = [0.029332; 177.472610; 78.497971]; current_policy = [0.018874; 4.717408; 1.181121]}
[Hidden; PlayerGotCard(1, Queen); PlayerAction(0, Raise)] => {average_policy = [133.360672; 16.124416; 106.499901]; current_policy = [26.158854; 4.552308; 14.463220]}
[Hidden; PlayerGotCard(1, Queen); PlayerAction(0, Raise); PlayerAction(1, Raise); PlayerAction(0, Call); CommunityCardIs(Jack); PlayerAction(0, Call)] => {average_policy = [244.392792; 0.000000; 11.515764]; current_policy = [101.610855; 3781.117432; 12.104630]}
[Hidden; PlayerGotCard(1, Queen); PlayerAction(0, Call); PlayerAction(1, Raise); PlayerAction(0, Call); CommunityCardIs(Jack); PlayerAction(0, Raise)] => {average_policy = [0.442493; 251.783173; 3.649419]; current_policy = [0.000000; 5.279449; 0.000000]}
[Hidden; PlayerGotCard(1, Queen); PlayerAction(0, Call); PlayerAction(1, Raise); PlayerAction(0, Call); CommunityCardIs(Jack); PlayerAction(0, Call)] => {average_policy = [70.142052; 0.000000; 185.753571]; current_policy = [2.920510; 221.254745; 12.527202]}
[Hidden; PlayerGotCard(1, Queen); PlayerAction(0, Call); PlayerAction(1, Raise); PlayerAction(0, Raise); PlayerAction(1, Call); CommunityCardIs(Jack); PlayerAction(0, Call)] => {average_policy = [253.037262; 0.000000; 2.858267]; current_policy = [9.351644; 699.313354; 0.000000]}
[Hidden; PlayerGotCard(1, Jack); PlayerAction(0, Call); PlayerAction(1, Raise); PlayerAction(0, Call); CommunityCardIs(Jack); PlayerAction(0, Call); PlayerAction(1, Raise); PlayerAction(0, Raise)] => {average_policy = [255.998047; 0.000000; 0.000000]; current_policy = [0.178383; 0.000000; 0.000000]}
[Hidden; PlayerGotCard(1, Jack); PlayerAction(0, Call); PlayerAction(1, Raise); PlayerAction(0, Raise); PlayerAction(1, Call); CommunityCardIs(Queen); PlayerAction(0, Raise)] => {average_policy = [0.011972; 227.826553; 28.080992]; current_policy = [0.000000; 4.742326; 0.459307]}
[Hidden; PlayerGotCard(1, King); PlayerAction(0, Raise); PlayerAction(1, Raise); PlayerAction(0, Call); CommunityCardIs(Queen); PlayerAction(0, Raise)] => {average_policy = [93.587173; 143.606766; 18.806107]; current_policy = [107.290298; 129.382996; 38.218670]}
[Hidden; PlayerGotCard(1, Jack); PlayerAction(0, Call); PlayerAction(1, Raise); PlayerAction(0, Call); CommunityCardIs(Queen); PlayerAction(0, Call); PlayerAction(1, Raise); PlayerAction(0, Raise)] => {average_policy = [0.831710; 255.158066; 0.000000]; current_policy = [0.002537; 0.712483; 55.258858]}
[Hidden; PlayerGotCard(1, Queen); PlayerAction(0, Call); PlayerAction(1, Raise); PlayerAction(0, Raise); PlayerAction(1, Call); CommunityCardIs(Jack); PlayerAction(0, Call)] => {average_policy = [253.261398; 0.000000; 2.631618]; current_policy = [9.042413; 787.802673; 0.226681]}
[Hidden; PlayerGotCard(1, Queen); PlayerAction(0, Raise); PlayerAction(1, Raise); PlayerAction(0, Call); CommunityCardIs(King); PlayerAction(0, Call)] => {average_policy = [158.481216; 0.000000; 97.518829]; current_policy = [76.705467; 3684.934570; 62.625072]}
[Hidden; PlayerGotCard(1, Jack); PlayerAction(0, Call); PlayerAction(1, Raise); PlayerAction(0, Raise); PlayerAction(1, Call); CommunityCardIs(Jack); PlayerAction(0, Raise)] => {average_policy = [0.000369; 0.000117; 255.909851]; current_policy = [0.000000; 0.000000; 1.113916]}
[Hidden; PlayerGotCard(1, Jack); PlayerAction(0, Call); PlayerAction(1, Raise); PlayerAction(0, Raise); PlayerAction(1, Call); CommunityCardIs(Queen); PlayerAction(0, Call)] => {average_policy = [234.474503; 0.000000; 21.409811]; current_policy = [6.206032; 923.176392; 1.771099]}
[Hidden; PlayerGotCard(1, Queen); PlayerAction(0, Raise); PlayerAction(1, Raise); PlayerAction(0, Call); CommunityCardIs(Jack); PlayerAction(0, Raise)] => {average_policy = [0.254762; 251.683167; 3.950910]; current_policy = [0.000000; 9.635999; 0.000000]}
[Hidden; PlayerGotCard(1, Jack); PlayerAction(0, Call); PlayerAction(1, Raise); PlayerAction(0, Raise)] => {average_policy = [255.985764; 0.000256; 0.000000]; current_policy = [1.800517; 0.000000; 413.442322]}
[Hidden; PlayerGotCard(1, King); PlayerAction(0, Raise); PlayerAction(1, Call); CommunityCardIs(Jack); PlayerAction(0, Call)] => {average_policy = [160.406906; 0.000000; 95.592857]; current_policy = [6.100406; 0.015735; 3.027149]}
[Hidden; PlayerGotCard(1, King); PlayerAction(0, Raise); PlayerAction(1, Raise); PlayerAction(0, Call); CommunityCardIs(Jack); PlayerAction(0, Call)] => {average_policy = [105.110916; 0.000000; 150.889191]; current_policy = [5.343102; 0.394861; 7.114933]}
[Hidden; PlayerGotCard(1, Queen); PlayerAction(0, Call); PlayerAction(1, Call); CommunityCardIs(Jack); PlayerAction(0, Call); PlayerAction(1, Raise); PlayerAction(0, Raise)] => {average_policy = [0.022659; 255.866135; 0.000000]; current_policy = [0.000000; 2.346385; 2186.376221]}
[Hidden; PlayerGotCard(1, Jack); PlayerAction(0, Raise); PlayerAction(1, Call); CommunityCardIs(Queen); PlayerAction(0, Raise)] => {average_policy = [1.473497; 247.690414; 6.739374]; current_policy = [0.271944; 47.015079; 0.906478]}
[Hidden; PlayerGotCard(1, King); PlayerAction(0, Call); PlayerAction(1, Raise); PlayerAction(0, Call); CommunityCardIs(Queen); PlayerAction(0, Call)] => {average_policy = [184.716934; 0.000000; 71.283112]; current_policy = [3.168097; 23.776283; 1.527738]}
[Hidden; PlayerGotCard(1, King); PlayerAction(0, Call); PlayerAction(1, Call); CommunityCardIs(King); PlayerAction(0, Call); PlayerAction(1, Raise); PlayerAction(0, Raise)] => {average_policy = [255.998047; 0.000000; 0.000000]; current_policy = [0.583333; 0.000000; 0.000000]}
[Hidden; PlayerGotCard(1, King); PlayerAction(0, Call); PlayerAction(1, Raise); PlayerAction(0, Raise); PlayerAction(1, Call); CommunityCardIs(Jack); PlayerAction(0, Call)] => {average_policy = [175.241791; 0.000000; 80.758537]; current_policy = [1.471747; 0.004387; 0.703070]}
[Hidden; PlayerGotCard(1, Jack); PlayerAction(0, Raise); PlayerAction(1, Call); CommunityCardIs(Queen); PlayerAction(0, Call)] => {average_policy = [44.978432; 0.000000; 211.014694]; current_policy = [5.638958; 3613.069092; 33.387951]}
[Hidden; PlayerGotCard(1, Jack); PlayerAction(0, Raise); PlayerAction(1, Raise); PlayerAction(0, Call); CommunityCardIs(Jack); PlayerAction(0, Call)] => {average_policy = [0.000638; 0.000000; 255.907211]; current_policy = [0.000000; 0.000000; 4.788340]}
[Hidden; PlayerGotCard(1, Jack); PlayerAction(0, Call); PlayerAction(1, Raise); PlayerAction(0, Call); CommunityCardIs(King); PlayerAction(0, Call)] => {average_policy = [105.086975; 0.000000; 150.912811]; current_policy = [5.804333; 1314.379395; 5.112266]}
[Hidden; PlayerGotCard(1, Jack); PlayerAction(0, Raise); PlayerAction(1, Raise); PlayerAction(0, Call); CommunityCardIs(Queen); PlayerAction(0, Raise)] => {average_policy = [0.056182; 199.122803; 56.712902]; current_policy = [0.000000; 110.931656; 39.261375]}
[Hidden; PlayerGotCard(1, Queen); PlayerAction(0, Call); PlayerAction(1, Raise); PlayerAction(0, Call); CommunityCardIs(King); PlayerAction(0, Call); PlayerAction(1, Raise); PlayerAction(0, Raise)] => {average_policy = [12.287640; 243.712357; 0.000000]; current_policy = [0.139539; 6.652571; 444.165100]}
[Hidden; PlayerGotCard(1, Queen); PlayerAction(0, Raise); PlayerAction(1, Call); CommunityCardIs(King); PlayerAction(0, Call)] => {average_policy = [216.540390; 0.000000; 39.459396]; current_policy = [15.415941; 271.756805; 0.918503]}
[Hidden; PlayerGotCard(1, King); PlayerAction(0, Raise); PlayerAction(1, Call); CommunityCardIs(Jack); PlayerAction(0, Call)] => {average_policy = [116.395340; 0.000000; 139.604752]; current_policy = [4.277627; 0.000000; 3.976004]}
[Hidden; PlayerGotCard(1, Jack); PlayerAction(0, Raise); PlayerAction(1, Raise); PlayerAction(0, Call); CommunityCardIs(Queen); PlayerAction(0, Call)] => {average_policy = [248.846161; 0.000000; 7.049909]; current_policy = [11.347131; 1849.966675; 0.128048]}
[Hidden; PlayerGotCard(1, Jack); PlayerAction(0, Raise); PlayerAction(1, Raise); PlayerAction(0, Call); CommunityCardIs(Queen); PlayerAction(0, Call); PlayerAction(1, Raise); PlayerAction(0, Raise)] => {average_policy = [2.045890; 253.859009; 0.000000]; current_policy = [0.019522; 1.384766; 323.544006]}
[Hidden; PlayerGotCard(1, Jack); PlayerAction(0, Call); PlayerAction(1, Raise); PlayerAction(0, Raise); PlayerAction(1, Call); CommunityCardIs(Queen); PlayerAction(0, Call); PlayerAction(1, Raise); PlayerAction(0, Raise)] => {average_policy = [2.160615; 253.833038; 0.000000]; current_policy = [0.000000; 0.824371; 195.973434]}
[Hidden; PlayerGotCard(1, Queen); PlayerAction(0, Raise); PlayerAction(1, Raise); PlayerAction(0, Call); CommunityCardIs(Queen); PlayerAction(0, Raise)] => {average_policy = [0.000693; 0.000276; 255.893768]; current_policy = [0.000000; 0.000000; 1.749768]}
[Hidden; PlayerGotCard(1, King); PlayerAction(0, Call); PlayerAction(1, Call); CommunityCardIs(King); PlayerAction(0, Call)] => {average_policy = [0.000001; 0.000000; 255.998047]; current_policy = [0.000000; 0.000000; 2.878206]}
[Hidden; PlayerGotCard(1, Queen); PlayerAction(0, Raise); PlayerAction(1, Call); CommunityCardIs(Queen); PlayerAction(0, Raise)] => {average_policy = [0.000735; 0.000230; 255.911087]; current_policy = [0.000000; 0.000000; 1.499995]}
[Hidden; PlayerGotCard(1, King); PlayerAction(0, Raise); PlayerAction(1, Call); CommunityCardIs(Jack); PlayerAction(0, Raise)] => {average_policy = [172.927002; 80.922096; 2.150773]; current_policy = [17.089832; 8.484270; 0.000000]}
[Hidden; PlayerGotCard(1, Jack); PlayerAction(0, Raise); PlayerAction(1, Call); CommunityCardIs(Queen); PlayerAction(0, Call)] => {average_policy = [49.901569; 0.000000; 206.091080]; current_policy = [11.914717; 3539.748047; 33.828884]}
[Hidden; PlayerGotCard(1, Queen); PlayerAction(0, Call); PlayerAction(1, Call); CommunityCardIs(Queen); PlayerAction(0, Call)] => {average_policy = [0.000214; 0.000000; 255.890747]; current_policy = [0.000000; 0.000000; 0.500000]}
[Hidden; PlayerGotCard(1, King); PlayerAction(0, Call); PlayerAction(1, Raise); PlayerAction(0, Raise); PlayerAction(1, Call); CommunityCardIs(King); PlayerAction(0, Call)] => {average_policy = [0.000000; 0.000000; 255.998047]; current_policy = [0.000000; 0.000000; 0.166667]}
[Hidden; PlayerGotCard(1, Jack); PlayerAction(0, Raise); PlayerAction(1, Raise); PlayerAction(0, Call); CommunityCardIs(Queen); PlayerAction(0, Call)] => {average_policy = [250.911163; 0.000000; 4.984744]; current_policy = [10.686525; 1923.265869; 0.000000]}
[Hidden; PlayerGotCard(1, Jack); PlayerAction(0, Raise); PlayerAction(1, Call); CommunityCardIs(King); PlayerAction(0, Call); PlayerAction(1, Raise); PlayerAction(0, Raise)] => {average_policy = [0.708559; 255.291397; 0.000000]; current_policy = [0.126263; 5.338808; 1902.989380]}
}

