{i = 0; nearTo = 100}
{i = 10; nearTo = 100}
{i = 20; nearTo = 100}
{i = 30; nearTo = 100}
{i = 40; nearTo = 100}
{i = 50; nearTo = 100}
{i = 60; nearTo = 100}
{i = 70; nearTo = 100}
{i = 80; nearTo = 100}
{i = 90; nearTo = 100}
{
[PlayerGotCard(0, King); PlayerAction(0, Raise); PlayerAction(1, Raise); PlayerAction(0, Call); CommunityCardIs(Queen); PlayerAction(0, Raise); PlayerAction(1, Raise)] => [0.273942; 0.726058; 0.000000]
[PlayerGotCard(1, King); PlayerAction(0, Raise); PlayerAction(1, Raise); PlayerAction(0, Call); CommunityCardIs(Queen); PlayerAction(0, Raise)] => [0.622679; 0.346249; 0.031071]
[PlayerGotCard(1, King); PlayerAction(0, Raise); PlayerAction(1, Raise); PlayerAction(0, Call); CommunityCardIs(Queen); PlayerAction(0, Call); PlayerAction(1, Raise); PlayerAction(0, Raise)] => [0.519219; 0.480781; 0.000000]
[PlayerGotCard(0, King); PlayerAction(0, Raise); PlayerAction(1, Raise); PlayerAction(0, Call); CommunityCardIs(Queen); PlayerAction(0, Call); PlayerAction(1, Raise)] => [0.804463; 0.178715; 0.016822]
[PlayerGotCard(1, King); PlayerAction(0, Raise); PlayerAction(1, Raise); PlayerAction(0, Call); CommunityCardIs(Queen); PlayerAction(0, Call)] => [0.521798; 0.000000; 0.478202]
[PlayerGotCard(0, King); PlayerAction(0, Raise); PlayerAction(1, Raise); PlayerAction(0, Call); CommunityCardIs(Queen)] => [0.601081; 0.000000; 0.398919]
[PlayerGotCard(0, King); PlayerAction(0, Raise); PlayerAction(1, Raise); PlayerAction(0, Call); CommunityCardIs(Jack); PlayerAction(0, Raise); PlayerAction(1, Raise)] => [0.576890; 0.423110; 0.000000]
[PlayerGotCard(1, King); PlayerAction(0, Raise); PlayerAction(1, Raise); PlayerAction(0, Call); CommunityCardIs(Jack); PlayerAction(0, Raise)] => [0.942426; 0.043366; 0.014209]
[PlayerGotCard(1, King); PlayerAction(0, Raise); PlayerAction(1, Raise); PlayerAction(0, Call); CommunityCardIs(Jack); PlayerAction(0, Call); PlayerAction(1, Raise); PlayerAction(0, Raise)] => [0.979442; 0.020558; 0.000000]
[PlayerGotCard(0, King); PlayerAction(0, Raise); PlayerAction(1, Raise); PlayerAction(0, Call); CommunityCardIs(Jack); PlayerAction(0, Call); PlayerAction(1, Raise)] => [0.983991; 0.006575; 0.009434]
[PlayerGotCard(1, King); PlayerAction(0, Raise); PlayerAction(1, Raise); PlayerAction(0, Call); CommunityCardIs(Jack); PlayerAction(0, Call)] => [0.535714; 0.000000; 0.464286]
[PlayerGotCard(0, King); PlayerAction(0, Raise); PlayerAction(1, Raise); PlayerAction(0, Call); CommunityCardIs(Jack)] => [0.962398; 0.000000; 0.037602]
[PlayerGotCard(0, King); PlayerAction(0, Raise); PlayerAction(1, Raise)] => [0.999974; 0.000026; 0.000000]
[PlayerGotCard(0, King); PlayerAction(0, Raise); PlayerAction(1, Call); CommunityCardIs(Queen); PlayerAction(0, Raise); PlayerAction(1, Raise)] => [0.348251; 0.651749; 0.000000]
[PlayerGotCard(1, King); PlayerAction(0, Raise); PlayerAction(1, Call); CommunityCardIs(Queen); PlayerAction(0, Raise)] => [0.333862; 0.645860; 0.020278]
[PlayerGotCard(1, King); PlayerAction(0, Raise); PlayerAction(1, Call); CommunityCardIs(Queen); PlayerAction(0, Call); PlayerAction(1, Raise); PlayerAction(0, Raise)] => [0.042802; 0.957198; 0.000000]
[PlayerGotCard(0, King); PlayerAction(0, Raise); PlayerAction(1, Call); CommunityCardIs(Queen); PlayerAction(0, Call); PlayerAction(1, Raise)] => [0.506581; 0.487398; 0.006022]
[PlayerGotCard(1, King); PlayerAction(0, Raise); PlayerAction(1, Call); CommunityCardIs(Queen); PlayerAction(0, Call)] => [0.974468; 0.000000; 0.025532]
[PlayerGotCard(0, King); PlayerAction(0, Raise); PlayerAction(1, Call); CommunityCardIs(Queen)] => [0.997949; 0.000000; 0.002051]
[PlayerGotCard(0, King); PlayerAction(0, Raise); PlayerAction(1, Call); CommunityCardIs(Jack); PlayerAction(0, Raise); PlayerAction(1, Raise)] => [0.244208; 0.755792; 0.000000]
[PlayerGotCard(1, King); PlayerAction(0, Raise); PlayerAction(1, Call); CommunityCardIs(Jack); PlayerAction(0, Raise)] => [0.697444; 0.281618; 0.020938]
[PlayerGotCard(1, King); PlayerAction(0, Raise); PlayerAction(1, Call); CommunityCardIs(Jack); PlayerAction(0, Call); PlayerAction(1, Raise); PlayerAction(0, Raise)] => [0.541387; 0.458613; 0.000000]
[PlayerGotCard(0, King); PlayerAction(0, Raise); PlayerAction(1, Call); CommunityCardIs(Jack); PlayerAction(0, Call); PlayerAction(1, Raise)] => [0.971187; 0.027124; 0.001689]
[PlayerGotCard(1, King); PlayerAction(0, Raise); PlayerAction(1, Call); CommunityCardIs(Jack); PlayerAction(0, Call)] => [0.588684; 0.000000; 0.411316]
[PlayerGotCard(0, King); PlayerAction(0, Raise); PlayerAction(1, Call); CommunityCardIs(Jack)] => [0.996624; 0.000000; 0.003376]
[PlayerGotCard(1, King); PlayerAction(0, Raise)] => [0.065772; 0.000027; 0.934202]
[PlayerGotCard(0, King); PlayerAction(0, Call); PlayerAction(1, Raise); PlayerAction(0, Raise); PlayerAction(1, Call); CommunityCardIs(Queen); PlayerAction(0, Raise); PlayerAction(1, Raise)] => [0.050115; 0.949885; 0.000000]
[PlayerGotCard(1, King); PlayerAction(0, Call); PlayerAction(1, Raise); PlayerAction(0, Raise); PlayerAction(1, Call); CommunityCardIs(Queen); PlayerAction(0, Raise)] => [0.774650; 0.210703; 0.014647]
[PlayerGotCard(1, King); PlayerAction(0, Call); PlayerAction(1, Raise); PlayerAction(0, Raise); PlayerAction(1, Call); CommunityCardIs(Queen); PlayerAction(0, Call); PlayerAction(1, Raise); PlayerAction(0, Raise)] => [0.549170; 0.450830; 0.000000]
[PlayerGotCard(0, King); PlayerAction(0, Call); PlayerAction(1, Raise); PlayerAction(0, Raise); PlayerAction(1, Call); CommunityCardIs(Queen); PlayerAction(0, Call); PlayerAction(1, Raise)] => [0.787362; 0.200761; 0.011876]
[PlayerGotCard(1, King); PlayerAction(0, Call); PlayerAction(1, Raise); PlayerAction(0, Raise); PlayerAction(1, Call); CommunityCardIs(Queen); PlayerAction(0, Call)] => [0.448467; 0.000000; 0.551533]
[PlayerGotCard(0, King); PlayerAction(0, Call); PlayerAction(1, Raise); PlayerAction(0, Raise); PlayerAction(1, Call); CommunityCardIs(Queen)] => [0.949542; 0.000000; 0.050458]
[PlayerGotCard(0, King); PlayerAction(0, Call); PlayerAction(1, Raise); PlayerAction(0, Raise); PlayerAction(1, Call); CommunityCardIs(Jack); PlayerAction(0, Raise); PlayerAction(1, Raise)] => [0.563896; 0.436104; 0.000000]
[PlayerGotCard(1, King); PlayerAction(0, Call); PlayerAction(1, Raise); PlayerAction(0, Raise); PlayerAction(1, Call); CommunityCardIs(Jack); PlayerAction(0, Raise)] => [0.744168; 0.205890; 0.049943]
[PlayerGotCard(1, King); PlayerAction(0, Call); PlayerAction(1, Raise); PlayerAction(0, Raise); PlayerAction(1, Call); CommunityCardIs(Jack); PlayerAction(0, Call); PlayerAction(1, Raise); PlayerAction(0, Raise)] => [0.737699; 0.262301; 0.000000]
[PlayerGotCard(0, King); PlayerAction(0, Call); PlayerAction(1, Raise); PlayerAction(0, Raise); PlayerAction(1, Call); CommunityCardIs(Jack); PlayerAction(0, Call); PlayerAction(1, Raise)] => [0.961124; 0.012016; 0.026859]
[PlayerGotCard(1, King); PlayerAction(0, Call); PlayerAction(1, Raise); PlayerAction(0, Raise); PlayerAction(1, Call); CommunityCardIs(Jack); PlayerAction(0, Call)] => [0.511011; 0.000000; 0.488989]
[PlayerGotCard(0, King); PlayerAction(0, Call); PlayerAction(1, Raise); PlayerAction(0, Raise); PlayerAction(1, Call); CommunityCardIs(Jack)] => [0.779709; 0.000000; 0.220291]
[PlayerGotCard(1, King); PlayerAction(0, Call); PlayerAction(1, Raise); PlayerAction(0, Raise)] => [0.999980; 0.000020; 0.000000]
[PlayerGotCard(0, King); PlayerAction(0, Call); PlayerAction(1, Raise); PlayerAction(0, Call); CommunityCardIs(Queen); PlayerAction(0, Raise); PlayerAction(1, Raise)] => [0.042703; 0.957297; 0.000000]
[PlayerGotCard(1, King); PlayerAction(0, Call); PlayerAction(1, Raise); PlayerAction(0, Call); CommunityCardIs(Queen); PlayerAction(0, Raise)] => [0.451532; 0.514258; 0.034210]
[PlayerGotCard(1, King); PlayerAction(0, Call); PlayerAction(1, Raise); PlayerAction(0, Call); CommunityCardIs(Queen); PlayerAction(0, Call); PlayerAction(1, Raise); PlayerAction(0, Raise)] => [0.061386; 0.938614; 0.000000]
[PlayerGotCard(0, King); PlayerAction(0, Call); PlayerAction(1, Raise); PlayerAction(0, Call); CommunityCardIs(Queen); PlayerAction(0, Call); PlayerAction(1, Raise)] => [0.571717; 0.409630; 0.018653]
[PlayerGotCard(1, King); PlayerAction(0, Call); PlayerAction(1, Raise); PlayerAction(0, Call); CommunityCardIs(Queen); PlayerAction(0, Call)] => [0.663666; 0.000000; 0.336334]
[PlayerGotCard(0, King); PlayerAction(0, Call); PlayerAction(1, Raise); PlayerAction(0, Call); CommunityCardIs(Queen)] => [0.978121; 0.000000; 0.021879]
[PlayerGotCard(0, King); PlayerAction(0, Call); PlayerAction(1, Raise); PlayerAction(0, Call); CommunityCardIs(Jack); PlayerAction(0, Raise); PlayerAction(1, Raise)] => [0.019916; 0.980084; 0.000000]
[PlayerGotCard(1, King); PlayerAction(0, Call); PlayerAction(1, Raise); PlayerAction(0, Call); CommunityCardIs(Jack); PlayerAction(0, Raise)] => [0.828994; 0.163541; 0.007465]
[PlayerGotCard(1, King); PlayerAction(0, Call); PlayerAction(1, Raise); PlayerAction(0, Call); CommunityCardIs(Jack); PlayerAction(0, Call); PlayerAction(1, Raise); PlayerAction(0, Raise)] => [0.975359; 0.024641; 0.000000]
[PlayerGotCard(0, King); PlayerAction(0, Call); PlayerAction(1, Raise); PlayerAction(0, Call); CommunityCardIs(Jack); PlayerAction(0, Call); PlayerAction(1, Raise)] => [0.976651; 0.016893; 0.006456]
[PlayerGotCard(1, King); PlayerAction(0, Call); PlayerAction(1, Raise); PlayerAction(0, Call); CommunityCardIs(Jack); PlayerAction(0, Call)] => [0.879833; 0.000000; 0.120167]
[PlayerGotCard(0, King); PlayerAction(0, Call); PlayerAction(1, Raise); PlayerAction(0, Call); CommunityCardIs(Jack)] => [0.992227; 0.000000; 0.007773]
[PlayerGotCard(0, King); PlayerAction(0, Call); PlayerAction(1, Raise)] => [0.298762; 0.000058; 0.701180]
[PlayerGotCard(0, King); PlayerAction(0, Call); PlayerAction(1, Call); CommunityCardIs(Queen); PlayerAction(0, Raise); PlayerAction(1, Raise)] => [0.992855; 0.007145; 0.000000]
[PlayerGotCard(1, King); PlayerAction(0, Call); PlayerAction(1, Call); CommunityCardIs(Queen); PlayerAction(0, Raise)] => [0.797075; 0.059921; 0.143004]
[PlayerGotCard(1, King); PlayerAction(0, Call); PlayerAction(1, Call); CommunityCardIs(Queen); PlayerAction(0, Call); PlayerAction(1, Raise); PlayerAction(0, Raise)] => [0.991347; 0.008653; 0.000000]
[PlayerGotCard(0, King); PlayerAction(0, Call); PlayerAction(1, Call); CommunityCardIs(Queen); PlayerAction(0, Call); PlayerAction(1, Raise)] => [0.753149; 0.238734; 0.008117]
[PlayerGotCard(1, King); PlayerAction(0, Call); PlayerAction(1, Call); CommunityCardIs(Queen); PlayerAction(0, Call)] => [0.190992; 0.000000; 0.809008]
[PlayerGotCard(0, King); PlayerAction(0, Call); PlayerAction(1, Call); CommunityCardIs(Queen)] => [0.922281; 0.000000; 0.077719]
[PlayerGotCard(0, King); PlayerAction(0, Call); PlayerAction(1, Call); CommunityCardIs(Jack); PlayerAction(0, Raise); PlayerAction(1, Raise)] => [0.092764; 0.907236; 0.000000]
[PlayerGotCard(1, King); PlayerAction(0, Call); PlayerAction(1, Call); CommunityCardIs(Jack); PlayerAction(0, Raise)] => [0.016195; 0.855040; 0.128765]
[PlayerGotCard(1, King); PlayerAction(0, Call); PlayerAction(1, Call); CommunityCardIs(Jack); PlayerAction(0, Call); PlayerAction(1, Raise); PlayerAction(0, Raise)] => [0.520601; 0.479399; 0.000000]
[PlayerGotCard(0, King); PlayerAction(0, Call); PlayerAction(1, Call); CommunityCardIs(Jack); PlayerAction(0, Call); PlayerAction(1, Raise)] => [0.001476; 0.996939; 0.001585]
[PlayerGotCard(1, King); PlayerAction(0, Call); PlayerAction(1, Call); CommunityCardIs(Jack); PlayerAction(0, Call)] => [0.871660; 0.000000; 0.128340]
[PlayerGotCard(0, King); PlayerAction(0, Call); PlayerAction(1, Call); CommunityCardIs(Jack)] => [0.998566; 0.000000; 0.001434]
[PlayerGotCard(1, King); PlayerAction(0, Call)] => [0.002332; 0.000000; 0.997668]
[PlayerGotCard(0, King)] => [0.229601; 0.000000; 0.770399]
[PlayerGotCard(0, King); PlayerAction(0, Raise); PlayerAction(1, Raise); PlayerAction(0, Call); CommunityCardIs(King); PlayerAction(0, Raise); PlayerAction(1, Raise)] => [1.000000; 0.000000; 0.000000]
[PlayerGotCard(1, Queen); PlayerAction(0, Raise); PlayerAction(1, Raise); PlayerAction(0, Call); CommunityCardIs(King); PlayerAction(0, Raise)] => [0.369022; 0.603693; 0.027285]
[PlayerGotCard(1, Queen); PlayerAction(0, Raise); PlayerAction(1, Raise); PlayerAction(0, Call); CommunityCardIs(King); PlayerAction(0, Call); PlayerAction(1, Raise); PlayerAction(0, Raise)] => [0.091670; 0.908330; 0.000000]
[PlayerGotCard(0, King); PlayerAction(0, Raise); PlayerAction(1, Raise); PlayerAction(0, Call); CommunityCardIs(King); PlayerAction(0, Call); PlayerAction(1, Raise)] => [0.000027; 0.000000; 0.999973]
[PlayerGotCard(1, Queen); PlayerAction(0, Raise); PlayerAction(1, Raise); PlayerAction(0, Call); CommunityCardIs(King); PlayerAction(0, Call)] => [0.516528; 0.000000; 0.483472]
[PlayerGotCard(0, King); PlayerAction(0, Raise); PlayerAction(1, Raise); PlayerAction(0, Call); CommunityCardIs(King)] => [0.534954; 0.000000; 0.465046]
[PlayerGotCard(1, Queen); PlayerAction(0, Raise); PlayerAction(1, Raise); PlayerAction(0, Call); CommunityCardIs(Queen); PlayerAction(0, Raise)] => [0.000069; 0.000069; 0.999863]
[PlayerGotCard(1, Queen); PlayerAction(0, Raise); PlayerAction(1, Raise); PlayerAction(0, Call); CommunityCardIs(Queen); PlayerAction(0, Call); PlayerAction(1, Raise); PlayerAction(0, Raise)] => [0.999948; 0.000052; 0.000000]
[PlayerGotCard(1, Queen); PlayerAction(0, Raise); PlayerAction(1, Raise); PlayerAction(0, Call); CommunityCardIs(Queen); PlayerAction(0, Call)] => [0.000205; 0.000000; 0.999795]
[PlayerGotCard(1, Queen); PlayerAction(0, Raise); PlayerAction(1, Raise); PlayerAction(0, Call); CommunityCardIs(Jack); PlayerAction(0, Raise)] => [0.002568; 0.970479; 0.026952]
[PlayerGotCard(1, Queen); PlayerAction(0, Raise); PlayerAction(1, Raise); PlayerAction(0, Call); CommunityCardIs(Jack); PlayerAction(0, Call); PlayerAction(1, Raise); PlayerAction(0, Raise)] => [0.028256; 0.971744; 0.000000]
[PlayerGotCard(1, Queen); PlayerAction(0, Raise); PlayerAction(1, Raise); PlayerAction(0, Call); CommunityCardIs(Jack); PlayerAction(0, Call)] => [0.913295; 0.000000; 0.086705]
[PlayerGotCard(0, King); PlayerAction(0, Raise); PlayerAction(1, Call); CommunityCardIs(King); PlayerAction(0, Raise); PlayerAction(1, Raise)] => [1.000000; 0.000000; 0.000000]
[PlayerGotCard(1, Queen); PlayerAction(0, Raise); PlayerAction(1, Call); CommunityCardIs(King); PlayerAction(0, Raise)] => [0.337023; 0.591969; 0.071008]
[PlayerGotCard(1, Queen); PlayerAction(0, Raise); PlayerAction(1, Call); CommunityCardIs(King); PlayerAction(0, Call); PlayerAction(1, Raise); PlayerAction(0, Raise)] => [0.161072; 0.838928; 0.000000]
[PlayerGotCard(0, King); PlayerAction(0, Raise); PlayerAction(1, Call); CommunityCardIs(King); PlayerAction(0, Call); PlayerAction(1, Raise)] => [0.000000; 0.000000; 1.000000]
[PlayerGotCard(1, Queen); PlayerAction(0, Raise); PlayerAction(1, Call); CommunityCardIs(King); PlayerAction(0, Call)] => [0.539542; 0.000000; 0.460457]
[PlayerGotCard(0, King); PlayerAction(0, Raise); PlayerAction(1, Call); CommunityCardIs(King)] => [0.070352; 0.000000; 0.929648]
[PlayerGotCard(1, Queen); PlayerAction(0, Raise); PlayerAction(1, Call); CommunityCardIs(Queen); PlayerAction(0, Raise)] => [0.000350; 0.000350; 0.999300]
[PlayerGotCard(1, Queen); PlayerAction(0, Raise); PlayerAction(1, Call); CommunityCardIs(Queen); PlayerAction(0, Call); PlayerAction(1, Raise); PlayerAction(0, Raise)] => [0.999737; 0.000263; 0.000000]
[PlayerGotCard(1, Queen); PlayerAction(0, Raise); PlayerAction(1, Call); CommunityCardIs(Queen); PlayerAction(0, Call)] => [0.001953; 0.000000; 0.998047]
[PlayerGotCard(1, Queen); PlayerAction(0, Raise); PlayerAction(1, Call); CommunityCardIs(Jack); PlayerAction(0, Raise)] => [0.003351; 0.974209; 0.022440]
[PlayerGotCard(1, Queen); PlayerAction(0, Raise); PlayerAction(1, Call); CommunityCardIs(Jack); PlayerAction(0, Call); PlayerAction(1, Raise); PlayerAction(0, Raise)] => [0.019617; 0.980383; 0.000000]
[PlayerGotCard(1, Queen); PlayerAction(0, Raise); PlayerAction(1, Call); CommunityCardIs(Jack); PlayerAction(0, Call)] => [0.925493; 0.000000; 0.074507]
[PlayerGotCard(1, Queen); PlayerAction(0, Raise)] => [0.106159; 0.313750; 0.580092]
[PlayerGotCard(0, King); PlayerAction(0, Call); PlayerAction(1, Raise); PlayerAction(0, Raise); PlayerAction(1, Call); CommunityCardIs(King); PlayerAction(0, Raise); PlayerAction(1, Raise)] => [0.999694; 0.000306; 0.000000]
[PlayerGotCard(1, Queen); PlayerAction(0, Call); PlayerAction(1, Raise); PlayerAction(0, Raise); PlayerAction(1, Call); CommunityCardIs(King); PlayerAction(0, Raise)] => [0.245983; 0.722781; 0.031237]
[PlayerGotCard(1, Queen); PlayerAction(0, Call); PlayerAction(1, Raise); PlayerAction(0, Raise); PlayerAction(1, Call); CommunityCardIs(King); PlayerAction(0, Call); PlayerAction(1, Raise); PlayerAction(0, Raise)] => [0.017641; 0.982359; 0.000000]
[PlayerGotCard(0, King); PlayerAction(0, Call); PlayerAction(1, Raise); PlayerAction(0, Raise); PlayerAction(1, Call); CommunityCardIs(King); PlayerAction(0, Call); PlayerAction(1, Raise)] => [0.002011; 0.002011; 0.995977]
[PlayerGotCard(1, Queen); PlayerAction(0, Call); PlayerAction(1, Raise); PlayerAction(0, Raise); PlayerAction(1, Call); CommunityCardIs(King); PlayerAction(0, Call)] => [0.497597; 0.000000; 0.502403]
[PlayerGotCard(0, King); PlayerAction(0, Call); PlayerAction(1, Raise); PlayerAction(0, Raise); PlayerAction(1, Call); CommunityCardIs(King)] => [0.092033; 0.000000; 0.907967]
[PlayerGotCard(1, Queen); PlayerAction(0, Call); PlayerAction(1, Raise); PlayerAction(0, Raise); PlayerAction(1, Call); CommunityCardIs(Queen); PlayerAction(0, Raise)] => [0.000216; 0.000018; 0.999766]
[PlayerGotCard(1, Queen); PlayerAction(0, Call); PlayerAction(1, Raise); PlayerAction(0, Raise); PlayerAction(1, Call); CommunityCardIs(Queen); PlayerAction(0, Call); PlayerAction(1, Raise); PlayerAction(0, Raise)] => [0.999987; 0.000013; 0.000000]
[PlayerGotCard(1, Queen); PlayerAction(0, Call); PlayerAction(1, Raise); PlayerAction(0, Raise); PlayerAction(1, Call); CommunityCardIs(Queen); PlayerAction(0, Call)] => [0.000026; 0.000000; 0.999974]
[PlayerGotCard(1, Queen); PlayerAction(0, Call); PlayerAction(1, Raise); PlayerAction(0, Raise); PlayerAction(1, Call); CommunityCardIs(Jack); PlayerAction(0, Raise)] => [0.000439; 0.945932; 0.053628]
[PlayerGotCard(1, Queen); PlayerAction(0, Call); PlayerAction(1, Raise); PlayerAction(0, Raise); PlayerAction(1, Call); CommunityCardIs(Jack); PlayerAction(0, Call); PlayerAction(1, Raise); PlayerAction(0, Raise)] => [0.003261; 0.996739; 0.000000]
[PlayerGotCard(1, Queen); PlayerAction(0, Call); PlayerAction(1, Raise); PlayerAction(0, Raise); PlayerAction(1, Call); CommunityCardIs(Jack); PlayerAction(0, Call)] => [0.956104; 0.000000; 0.043896]
[PlayerGotCard(1, Queen); PlayerAction(0, Call); PlayerAction(1, Raise); PlayerAction(0, Raise)] => [0.999976; 0.000024; 0.000000]
[PlayerGotCard(0, King); PlayerAction(0, Call); PlayerAction(1, Raise); PlayerAction(0, Call); CommunityCardIs(King); PlayerAction(0, Raise); PlayerAction(1, Raise)] => [1.000000; 0.000000; 0.000000]
[PlayerGotCard(1, Queen); PlayerAction(0, Call); PlayerAction(1, Raise); PlayerAction(0, Call); CommunityCardIs(King); PlayerAction(0, Raise)] => [0.375848; 0.595447; 0.028705]
[PlayerGotCard(1, Queen); PlayerAction(0, Call); PlayerAction(1, Raise); PlayerAction(0, Call); CommunityCardIs(King); PlayerAction(0, Call); PlayerAction(1, Raise); PlayerAction(0, Raise)] => [0.118739; 0.881261; 0.000000]
[PlayerGotCard(0, King); PlayerAction(0, Call); PlayerAction(1, Raise); PlayerAction(0, Call); CommunityCardIs(King); PlayerAction(0, Call); PlayerAction(1, Raise)] => [0.000000; 0.000000; 1.000000]
[PlayerGotCard(1, Queen); PlayerAction(0, Call); PlayerAction(1, Raise); PlayerAction(0, Call); CommunityCardIs(King); PlayerAction(0, Call)] => [0.554119; 0.000000; 0.445881]
[PlayerGotCard(0, King); PlayerAction(0, Call); PlayerAction(1, Raise); PlayerAction(0, Call); CommunityCardIs(King)] => [0.730076; 0.000000; 0.269924]
[PlayerGotCard(1, Queen); PlayerAction(0, Call); PlayerAction(1, Raise); PlayerAction(0, Call); CommunityCardIs(Queen); PlayerAction(0, Raise)] => [0.000035; 0.000035; 0.999930]
[PlayerGotCard(1, Queen); PlayerAction(0, Call); PlayerAction(1, Raise); PlayerAction(0, Call); CommunityCardIs(Queen); PlayerAction(0, Call); PlayerAction(1, Raise); PlayerAction(0, Raise)] => [0.999974; 0.000026; 0.000000]
[PlayerGotCard(1, Queen); PlayerAction(0, Call); PlayerAction(1, Raise); PlayerAction(0, Call); CommunityCardIs(Queen); PlayerAction(0, Call)] => [0.001037; 0.000000; 0.998963]
[PlayerGotCard(1, Queen); PlayerAction(0, Call); PlayerAction(1, Raise); PlayerAction(0, Call); CommunityCardIs(Jack); PlayerAction(0, Raise)] => [0.001133; 0.990107; 0.008760]
[PlayerGotCard(1, Queen); PlayerAction(0, Call); PlayerAction(1, Raise); PlayerAction(0, Call); CommunityCardIs(Jack); PlayerAction(0, Call); PlayerAction(1, Raise); PlayerAction(0, Raise)] => [0.050126; 0.949874; 0.000000]
[PlayerGotCard(1, Queen); PlayerAction(0, Call); PlayerAction(1, Raise); PlayerAction(0, Call); CommunityCardIs(Jack); PlayerAction(0, Call)] => [0.411021; 0.000000; 0.588979]
[PlayerGotCard(0, King); PlayerAction(0, Call); PlayerAction(1, Call); CommunityCardIs(King); PlayerAction(0, Raise); PlayerAction(1, Raise)] => [0.999718; 0.000282; 0.000000]
[PlayerGotCard(1, Queen); PlayerAction(0, Call); PlayerAction(1, Call); CommunityCardIs(King); PlayerAction(0, Raise)] => [0.731864; 0.255373; 0.012763]
[PlayerGotCard(1, Queen); PlayerAction(0, Call); PlayerAction(1, Call); CommunityCardIs(King); PlayerAction(0, Call); PlayerAction(1, Raise); PlayerAction(0, Raise)] => [0.984544; 0.015456; 0.000000]
[PlayerGotCard(0, King); PlayerAction(0, Call); PlayerAction(1, Call); CommunityCardIs(King); PlayerAction(0, Call); PlayerAction(1, Raise)] => [0.000415; 0.000415; 0.999169]
[PlayerGotCard(1, Queen); PlayerAction(0, Call); PlayerAction(1, Call); CommunityCardIs(King); PlayerAction(0, Call)] => [0.916233; 0.000000; 0.083767]
[PlayerGotCard(0, King); PlayerAction(0, Call); PlayerAction(1, Call); CommunityCardIs(King)] => [0.312015; 0.000000; 0.687985]
[PlayerGotCard(1, Queen); PlayerAction(0, Call); PlayerAction(1, Call); CommunityCardIs(Queen); PlayerAction(0, Raise)] => [0.001149; 0.000998; 0.997853]
[PlayerGotCard(1, Queen); PlayerAction(0, Call); PlayerAction(1, Call); CommunityCardIs(Queen); PlayerAction(0, Call); PlayerAction(1, Raise); PlayerAction(0, Raise)] => [0.999851; 0.000149; 0.000000]
[PlayerGotCard(1, Queen); PlayerAction(0, Call); PlayerAction(1, Call); CommunityCardIs(Queen); PlayerAction(0, Call)] => [0.000298; 0.000000; 0.999702]
[PlayerGotCard(1, Queen); PlayerAction(0, Call); PlayerAction(1, Call); CommunityCardIs(Jack); PlayerAction(0, Raise)] => [0.000111; 0.996412; 0.003478]
[PlayerGotCard(1, Queen); PlayerAction(0, Call); PlayerAction(1, Call); CommunityCardIs(Jack); PlayerAction(0, Call); PlayerAction(1, Raise); PlayerAction(0, Raise)] => [0.001411; 0.998589; 0.000000]
[PlayerGotCard(1, Queen); PlayerAction(0, Call); PlayerAction(1, Call); CommunityCardIs(Jack); PlayerAction(0, Call)] => [0.940318; 0.000000; 0.059682]
[PlayerGotCard(1, Queen); PlayerAction(0, Call)] => [0.156915; 0.000000; 0.843085]
[PlayerGotCard(1, Jack); PlayerAction(0, Raise); PlayerAction(1, Raise); PlayerAction(0, Call); CommunityCardIs(King); PlayerAction(0, Raise)] => [0.005275; 0.285677; 0.709048]
[PlayerGotCard(1, Jack); PlayerAction(0, Raise); PlayerAction(1, Raise); PlayerAction(0, Call); CommunityCardIs(King); PlayerAction(0, Call); PlayerAction(1, Raise); PlayerAction(0, Raise)] => [0.021777; 0.978223; 0.000000]
[PlayerGotCard(1, Jack); PlayerAction(0, Raise); PlayerAction(1, Raise); PlayerAction(0, Call); CommunityCardIs(King); PlayerAction(0, Call)] => [0.027301; 0.000000; 0.972699]
[PlayerGotCard(1, Jack); PlayerAction(0, Raise); PlayerAction(1, Raise); PlayerAction(0, Call); CommunityCardIs(Queen); PlayerAction(0, Raise)] => [0.000615; 0.624606; 0.374779]
[PlayerGotCard(1, Jack); PlayerAction(0, Raise); PlayerAction(1, Raise); PlayerAction(0, Call); CommunityCardIs(Queen); PlayerAction(0, Call); PlayerAction(1, Raise); PlayerAction(0, Raise)] => [0.000913; 0.999087; 0.000000]
[PlayerGotCard(1, Jack); PlayerAction(0, Raise); PlayerAction(1, Raise); PlayerAction(0, Call); CommunityCardIs(Queen); PlayerAction(0, Call)] => [0.974176; 0.000000; 0.025824]
[PlayerGotCard(1, Jack); PlayerAction(0, Raise); PlayerAction(1, Raise); PlayerAction(0, Call); CommunityCardIs(Jack); PlayerAction(0, Raise)] => [0.001117; 0.000202; 0.998681]
[PlayerGotCard(1, Jack); PlayerAction(0, Raise); PlayerAction(1, Raise); PlayerAction(0, Call); CommunityCardIs(Jack); PlayerAction(0, Call); PlayerAction(1, Raise); PlayerAction(0, Raise)] => [0.999848; 0.000152; 0.000000]
[PlayerGotCard(1, Jack); PlayerAction(0, Raise); PlayerAction(1, Raise); PlayerAction(0, Call); CommunityCardIs(Jack); PlayerAction(0, Call)] => [0.000303; 0.000000; 0.999697]
[PlayerGotCard(1, Jack); PlayerAction(0, Raise); PlayerAction(1, Call); CommunityCardIs(King); PlayerAction(0, Raise)] => [0.000717; 0.767283; 0.232001]
[PlayerGotCard(1, Jack); PlayerAction(0, Raise); PlayerAction(1, Call); CommunityCardIs(King); PlayerAction(0, Call); PlayerAction(1, Raise); PlayerAction(0, Raise)] => [0.005646; 0.994354; 0.000000]
[PlayerGotCard(1, Jack); PlayerAction(0, Raise); PlayerAction(1, Call); CommunityCardIs(King); PlayerAction(0, Call)] => [0.777391; 0.000000; 0.222609]
[PlayerGotCard(1, Jack); PlayerAction(0, Raise); PlayerAction(1, Call); CommunityCardIs(Queen); PlayerAction(0, Raise)] => [0.016701; 0.917666; 0.065634]
[PlayerGotCard(1, Jack); PlayerAction(0, Raise); PlayerAction(1, Call); CommunityCardIs(Queen); PlayerAction(0, Call); PlayerAction(1, Raise); PlayerAction(0, Raise)] => [0.000152; 0.999848; 0.000000]
[PlayerGotCard(1, Jack); PlayerAction(0, Raise); PlayerAction(1, Call); CommunityCardIs(Queen); PlayerAction(0, Call)] => [0.236966; 0.000000; 0.763034]
[PlayerGotCard(1, Jack); PlayerAction(0, Raise); PlayerAction(1, Call); CommunityCardIs(Jack); PlayerAction(0, Raise)] => [0.002419; 0.000417; 0.997164]
[PlayerGotCard(1, Jack); PlayerAction(0, Raise); PlayerAction(1, Call); CommunityCardIs(Jack); PlayerAction(0, Call); PlayerAction(1, Raise); PlayerAction(0, Raise)] => [0.999687; 0.000313; 0.000000]
[PlayerGotCard(1, Jack); PlayerAction(0, Raise); PlayerAction(1, Call); CommunityCardIs(Jack); PlayerAction(0, Call)] => [0.000625; 0.000000; 0.999374]
[PlayerGotCard(1, Jack); PlayerAction(0, Raise)] => [0.033835; 0.858305; 0.107860]
[PlayerGotCard(1, Jack); PlayerAction(0, Call); PlayerAction(1, Raise); PlayerAction(0, Raise); PlayerAction(1, Call); CommunityCardIs(King); PlayerAction(0, Raise)] => [0.001764; 0.737304; 0.260932]
[PlayerGotCard(1, Jack); PlayerAction(0, Call); PlayerAction(1, Raise); PlayerAction(0, Raise); PlayerAction(1, Call); CommunityCardIs(King); PlayerAction(0, Call); PlayerAction(1, Raise); PlayerAction(0, Raise)] => [0.012526; 0.987474; 0.000000]
[PlayerGotCard(1, Jack); PlayerAction(0, Call); PlayerAction(1, Raise); PlayerAction(0, Raise); PlayerAction(1, Call); CommunityCardIs(King); PlayerAction(0, Call)] => [0.829973; 0.000000; 0.170027]
[PlayerGotCard(1, Jack); PlayerAction(0, Call); PlayerAction(1, Raise); PlayerAction(0, Raise); PlayerAction(1, Call); CommunityCardIs(Queen); PlayerAction(0, Raise)] => [0.000513; 0.897884; 0.101602]
[PlayerGotCard(1, Jack); PlayerAction(0, Call); PlayerAction(1, Raise); PlayerAction(0, Raise); PlayerAction(1, Call); CommunityCardIs(Queen); PlayerAction(0, Call); PlayerAction(1, Raise); PlayerAction(0, Raise)] => [0.004235; 0.995765; 0.000000]
[PlayerGotCard(1, Jack); PlayerAction(0, Call); PlayerAction(1, Raise); PlayerAction(0, Raise); PlayerAction(1, Call); CommunityCardIs(Queen); PlayerAction(0, Call)] => [0.950818; 0.000000; 0.049182]
[PlayerGotCard(1, Jack); PlayerAction(0, Call); PlayerAction(1, Raise); PlayerAction(0, Raise); PlayerAction(1, Call); CommunityCardIs(Jack); PlayerAction(0, Raise)] => [0.000970; 0.000221; 0.998808]
[PlayerGotCard(1, Jack); PlayerAction(0, Call); PlayerAction(1, Raise); PlayerAction(0, Raise); PlayerAction(1, Call); CommunityCardIs(Jack); PlayerAction(0, Call); PlayerAction(1, Raise); PlayerAction(0, Raise)] => [0.999913; 0.000087; 0.000000]
[PlayerGotCard(1, Jack); PlayerAction(0, Call); PlayerAction(1, Raise); PlayerAction(0, Raise); PlayerAction(1, Call); CommunityCardIs(Jack); PlayerAction(0, Call)] => [0.000300; 0.000000; 0.999700]
[PlayerGotCard(1, Jack); PlayerAction(0, Call); PlayerAction(1, Raise); PlayerAction(0, Raise)] => [0.999493; 0.000507; 0.000000]
[PlayerGotCard(1, Jack); PlayerAction(0, Call); PlayerAction(1, Raise); PlayerAction(0, Call); CommunityCardIs(King); PlayerAction(0, Raise)] => [0.000058; 0.716093; 0.283849]
[PlayerGotCard(1, Jack); PlayerAction(0, Call); PlayerAction(1, Raise); PlayerAction(0, Call); CommunityCardIs(King); PlayerAction(0, Call); PlayerAction(1, Raise); PlayerAction(0, Raise)] => [0.008298; 0.991702; 0.000000]
[PlayerGotCard(1, Jack); PlayerAction(0, Call); PlayerAction(1, Raise); PlayerAction(0, Call); CommunityCardIs(King); PlayerAction(0, Call)] => [0.573768; 0.000000; 0.426232]
[PlayerGotCard(1, Jack); PlayerAction(0, Call); PlayerAction(1, Raise); PlayerAction(0, Call); CommunityCardIs(Queen); PlayerAction(0, Raise)] => [0.010744; 0.950177; 0.039079]
[PlayerGotCard(1, Jack); PlayerAction(0, Call); PlayerAction(1, Raise); PlayerAction(0, Call); CommunityCardIs(Queen); PlayerAction(0, Call); PlayerAction(1, Raise); PlayerAction(0, Raise)] => [0.002397; 0.997604; 0.000000]
[PlayerGotCard(1, Jack); PlayerAction(0, Call); PlayerAction(1, Raise); PlayerAction(0, Call); CommunityCardIs(Queen); PlayerAction(0, Call)] => [0.671793; 0.000000; 0.328207]
[PlayerGotCard(1, Jack); PlayerAction(0, Call); PlayerAction(1, Raise); PlayerAction(0, Call); CommunityCardIs(Jack); PlayerAction(0, Raise)] => [0.000976; 0.000427; 0.998597]
[PlayerGotCard(1, Jack); PlayerAction(0, Call); PlayerAction(1, Raise); PlayerAction(0, Call); CommunityCardIs(Jack); PlayerAction(0, Call); PlayerAction(1, Raise); PlayerAction(0, Raise)] => [0.999827; 0.000173; 0.000000]
[PlayerGotCard(1, Jack); PlayerAction(0, Call); PlayerAction(1, Raise); PlayerAction(0, Call); CommunityCardIs(Jack); PlayerAction(0, Call)] => [0.001886; 0.000000; 0.998114]
[PlayerGotCard(1, Jack); PlayerAction(0, Call); PlayerAction(1, Call); CommunityCardIs(King); PlayerAction(0, Raise)] => [0.000849; 0.994715; 0.004436]
[PlayerGotCard(1, Jack); PlayerAction(0, Call); PlayerAction(1, Call); CommunityCardIs(King); PlayerAction(0, Call); PlayerAction(1, Raise); PlayerAction(0, Raise)] => [0.025484; 0.974517; 0.000000]
[PlayerGotCard(1, Jack); PlayerAction(0, Call); PlayerAction(1, Call); CommunityCardIs(King); PlayerAction(0, Call)] => [0.943430; 0.000000; 0.056570]
[PlayerGotCard(1, Jack); PlayerAction(0, Call); PlayerAction(1, Call); CommunityCardIs(Queen); PlayerAction(0, Raise)] => [0.003762; 0.946316; 0.049921]
[PlayerGotCard(1, Jack); PlayerAction(0, Call); PlayerAction(1, Call); CommunityCardIs(Queen); PlayerAction(0, Call); PlayerAction(1, Raise); PlayerAction(0, Raise)] => [0.276775; 0.723225; 0.000000]
[PlayerGotCard(1, Jack); PlayerAction(0, Call); PlayerAction(1, Call); CommunityCardIs(Queen); PlayerAction(0, Call)] => [0.949627; 0.000000; 0.050373]
[PlayerGotCard(1, Jack); PlayerAction(0, Call); PlayerAction(1, Call); CommunityCardIs(Jack); PlayerAction(0, Raise)] => [0.000590; 0.000346; 0.999064]
[PlayerGotCard(1, Jack); PlayerAction(0, Call); PlayerAction(1, Call); CommunityCardIs(Jack); PlayerAction(0, Call); PlayerAction(1, Raise); PlayerAction(0, Raise)] => [0.999889; 0.000111; 0.000000]
[PlayerGotCard(1, Jack); PlayerAction(0, Call); PlayerAction(1, Call); CommunityCardIs(Jack); PlayerAction(0, Call)] => [0.000221; 0.000000; 0.999779]
[PlayerGotCard(1, Jack); PlayerAction(0, Call)] => [0.616477; 0.000000; 0.383523]
[PlayerGotCard(0, Queen); PlayerAction(0, Raise); PlayerAction(1, Raise); PlayerAction(0, Call); CommunityCardIs(King); PlayerAction(0, Raise); PlayerAction(1, Raise)] => [0.035754; 0.964246; 0.000000]
[PlayerGotCard(1, King); PlayerAction(0, Raise); PlayerAction(1, Raise); PlayerAction(0, Call); CommunityCardIs(King); PlayerAction(0, Raise)] => [0.000190; 0.000065; 0.999745]
[PlayerGotCard(1, King); PlayerAction(0, Raise); PlayerAction(1, Raise); PlayerAction(0, Call); CommunityCardIs(King); PlayerAction(0, Call); PlayerAction(1, Raise); PlayerAction(0, Raise)] => [0.999951; 0.000049; 0.000000]
[PlayerGotCard(0, Queen); PlayerAction(0, Raise); PlayerAction(1, Raise); PlayerAction(0, Call); CommunityCardIs(King); PlayerAction(0, Call); PlayerAction(1, Raise)] => [0.242727; 0.721184; 0.036090]
[PlayerGotCard(1, King); PlayerAction(0, Raise); PlayerAction(1, Raise); PlayerAction(0, Call); CommunityCardIs(King); PlayerAction(0, Call)] => [0.000097; 0.000000; 0.999903]
[PlayerGotCard(0, Queen); PlayerAction(0, Raise); PlayerAction(1, Raise); PlayerAction(0, Call); CommunityCardIs(King)] => [0.942239; 0.000000; 0.057761]
[PlayerGotCard(0, Queen); PlayerAction(0, Raise); PlayerAction(1, Raise); PlayerAction(0, Call); CommunityCardIs(Queen); PlayerAction(0, Raise); PlayerAction(1, Raise)] => [0.999984; 0.000016; 0.000000]
[PlayerGotCard(0, Queen); PlayerAction(0, Raise); PlayerAction(1, Raise); PlayerAction(0, Call); CommunityCardIs(Queen); PlayerAction(0, Call); PlayerAction(1, Raise)] => [0.000456; 0.000126; 0.999418]
[PlayerGotCard(0, Queen); PlayerAction(0, Raise); PlayerAction(1, Raise); PlayerAction(0, Call); CommunityCardIs(Queen)] => [0.076911; 0.000000; 0.923089]
[PlayerGotCard(0, Queen); PlayerAction(0, Raise); PlayerAction(1, Raise); PlayerAction(0, Call); CommunityCardIs(Jack); PlayerAction(0, Raise); PlayerAction(1, Raise)] => [0.025525; 0.974475; 0.000000]
[PlayerGotCard(0, Queen); PlayerAction(0, Raise); PlayerAction(1, Raise); PlayerAction(0, Call); CommunityCardIs(Jack); PlayerAction(0, Call); PlayerAction(1, Raise)] => [0.002837; 0.988166; 0.008997]
[PlayerGotCard(0, Queen); PlayerAction(0, Raise); PlayerAction(1, Raise); PlayerAction(0, Call); CommunityCardIs(Jack)] => [0.961713; 0.000000; 0.038287]
[PlayerGotCard(0, Queen); PlayerAction(0, Raise); PlayerAction(1, Raise)] => [0.999779; 0.000221; 0.000000]
[PlayerGotCard(0, Queen); PlayerAction(0, Raise); PlayerAction(1, Call); CommunityCardIs(King); PlayerAction(0, Raise); PlayerAction(1, Raise)] => [0.294607; 0.705393; 0.000000]
[PlayerGotCard(1, King); PlayerAction(0, Raise); PlayerAction(1, Call); CommunityCardIs(King); PlayerAction(0, Raise)] => [0.000326; 0.000000; 0.999674]
[PlayerGotCard(1, King); PlayerAction(0, Raise); PlayerAction(1, Call); CommunityCardIs(King); PlayerAction(0, Call); PlayerAction(1, Raise); PlayerAction(0, Raise)] => [1.000000; 0.000000; 0.000000]
[PlayerGotCard(0, Queen); PlayerAction(0, Raise); PlayerAction(1, Call); CommunityCardIs(King); PlayerAction(0, Call); PlayerAction(1, Raise)] => [0.478011; 0.442082; 0.079908]
[PlayerGotCard(1, King); PlayerAction(0, Raise); PlayerAction(1, Call); CommunityCardIs(King); PlayerAction(0, Call)] => [0.000000; 0.000000; 1.000000]
[PlayerGotCard(0, Queen); PlayerAction(0, Raise); PlayerAction(1, Call); CommunityCardIs(King)] => [0.386648; 0.000000; 0.613352]
[PlayerGotCard(0, Queen); PlayerAction(0, Raise); PlayerAction(1, Call); CommunityCardIs(Queen); PlayerAction(0, Raise); PlayerAction(1, Raise)] => [0.999944; 0.000056; 0.000000]
[PlayerGotCard(0, Queen); PlayerAction(0, Raise); PlayerAction(1, Call); CommunityCardIs(Queen); PlayerAction(0, Call); PlayerAction(1, Raise)] => [0.000419; 0.000419; 0.999162]
[PlayerGotCard(0, Queen); PlayerAction(0, Raise); PlayerAction(1, Call); CommunityCardIs(Queen)] => [0.482263; 0.000000; 0.517737]
[PlayerGotCard(0, Queen); PlayerAction(0, Raise); PlayerAction(1, Call); CommunityCardIs(Jack); PlayerAction(0, Raise); PlayerAction(1, Raise)] => [0.001872; 0.998128; 0.000000]
[PlayerGotCard(0, Queen); PlayerAction(0, Raise); PlayerAction(1, Call); CommunityCardIs(Jack); PlayerAction(0, Call); PlayerAction(1, Raise)] => [0.000270; 0.997242; 0.002488]
[PlayerGotCard(0, Queen); PlayerAction(0, Raise); PlayerAction(1, Call); CommunityCardIs(Jack)] => [0.965259; 0.000000; 0.034741]
[PlayerGotCard(0, Queen); PlayerAction(0, Call); PlayerAction(1, Raise); PlayerAction(0, Raise); PlayerAction(1, Call); CommunityCardIs(King); PlayerAction(0, Raise); PlayerAction(1, Raise)] => [0.177563; 0.822437; 0.000000]
[PlayerGotCard(1, King); PlayerAction(0, Call); PlayerAction(1, Raise); PlayerAction(0, Raise); PlayerAction(1, Call); CommunityCardIs(King); PlayerAction(0, Raise)] => [0.000150; 0.000000; 0.999850]
[PlayerGotCard(1, King); PlayerAction(0, Call); PlayerAction(1, Raise); PlayerAction(0, Raise); PlayerAction(1, Call); CommunityCardIs(King); PlayerAction(0, Call); PlayerAction(1, Raise); PlayerAction(0, Raise)] => [1.000000; 0.000000; 0.000000]
[PlayerGotCard(0, Queen); PlayerAction(0, Call); PlayerAction(1, Raise); PlayerAction(0, Raise); PlayerAction(1, Call); CommunityCardIs(King); PlayerAction(0, Call); PlayerAction(1, Raise)] => [0.547429; 0.416047; 0.036523]
[PlayerGotCard(1, King); PlayerAction(0, Call); PlayerAction(1, Raise); PlayerAction(0, Raise); PlayerAction(1, Call); CommunityCardIs(King); PlayerAction(0, Call)] => [0.000000; 0.000000; 1.000000]
[PlayerGotCard(0, Queen); PlayerAction(0, Call); PlayerAction(1, Raise); PlayerAction(0, Raise); PlayerAction(1, Call); CommunityCardIs(King)] => [0.644055; 0.000000; 0.355945]
[PlayerGotCard(0, Queen); PlayerAction(0, Call); PlayerAction(1, Raise); PlayerAction(0, Raise); PlayerAction(1, Call); CommunityCardIs(Queen); PlayerAction(0, Raise); PlayerAction(1, Raise)] => [0.999001; 0.000999; 0.000000]
[PlayerGotCard(0, Queen); PlayerAction(0, Call); PlayerAction(1, Raise); PlayerAction(0, Raise); PlayerAction(1, Call); CommunityCardIs(Queen); PlayerAction(0, Call); PlayerAction(1, Raise)] => [0.000735; 0.000735; 0.998531]
[PlayerGotCard(0, Queen); PlayerAction(0, Call); PlayerAction(1, Raise); PlayerAction(0, Raise); PlayerAction(1, Call); CommunityCardIs(Queen)] => [0.475553; 0.000000; 0.524447]
[PlayerGotCard(0, Queen); PlayerAction(0, Call); PlayerAction(1, Raise); PlayerAction(0, Raise); PlayerAction(1, Call); CommunityCardIs(Jack); PlayerAction(0, Raise); PlayerAction(1, Raise)] => [0.020576; 0.979424; 0.000000]
[PlayerGotCard(0, Queen); PlayerAction(0, Call); PlayerAction(1, Raise); PlayerAction(0, Raise); PlayerAction(1, Call); CommunityCardIs(Jack); PlayerAction(0, Call); PlayerAction(1, Raise)] => [0.001430; 0.994471; 0.004099]
[PlayerGotCard(0, Queen); PlayerAction(0, Call); PlayerAction(1, Raise); PlayerAction(0, Raise); PlayerAction(1, Call); CommunityCardIs(Jack)] => [0.957419; 0.000000; 0.042581]
[PlayerGotCard(0, Queen); PlayerAction(0, Call); PlayerAction(1, Raise); PlayerAction(0, Call); CommunityCardIs(King); PlayerAction(0, Raise); PlayerAction(1, Raise)] => [0.262609; 0.737391; 0.000000]
[PlayerGotCard(1, King); PlayerAction(0, Call); PlayerAction(1, Raise); PlayerAction(0, Call); CommunityCardIs(King); PlayerAction(0, Raise)] => [0.000070; 0.000000; 0.999930]
[PlayerGotCard(1, King); PlayerAction(0, Call); PlayerAction(1, Raise); PlayerAction(0, Call); CommunityCardIs(King); PlayerAction(0, Call); PlayerAction(1, Raise); PlayerAction(0, Raise)] => [1.000000; 0.000000; 0.000000]
[PlayerGotCard(0, Queen); PlayerAction(0, Call); PlayerAction(1, Raise); PlayerAction(0, Call); CommunityCardIs(King); PlayerAction(0, Call); PlayerAction(1, Raise)] => [0.508329; 0.465357; 0.026314]
[PlayerGotCard(1, King); PlayerAction(0, Call); PlayerAction(1, Raise); PlayerAction(0, Call); CommunityCardIs(King); PlayerAction(0, Call)] => [0.000000; 0.000000; 1.000000]
[PlayerGotCard(0, Queen); PlayerAction(0, Call); PlayerAction(1, Raise); PlayerAction(0, Call); CommunityCardIs(King)] => [0.951635; 0.000000; 0.048365]
[PlayerGotCard(0, Queen); PlayerAction(0, Call); PlayerAction(1, Raise); PlayerAction(0, Call); CommunityCardIs(Queen); PlayerAction(0, Raise); PlayerAction(1, Raise)] => [0.999868; 0.000132; 0.000000]
[PlayerGotCard(0, Queen); PlayerAction(0, Call); PlayerAction(1, Raise); PlayerAction(0, Call); CommunityCardIs(Queen); PlayerAction(0, Call); PlayerAction(1, Raise)] => [0.001478; 0.001466; 0.997056]
[PlayerGotCard(0, Queen); PlayerAction(0, Call); PlayerAction(1, Raise); PlayerAction(0, Call); CommunityCardIs(Queen)] => [0.056504; 0.000000; 0.943496]
[PlayerGotCard(0, Queen); PlayerAction(0, Call); PlayerAction(1, Raise); PlayerAction(0, Call); CommunityCardIs(Jack); PlayerAction(0, Raise); PlayerAction(1, Raise)] => [0.005953; 0.994047; 0.000000]
[PlayerGotCard(0, Queen); PlayerAction(0, Call); PlayerAction(1, Raise); PlayerAction(0, Call); CommunityCardIs(Jack); PlayerAction(0, Call); PlayerAction(1, Raise)] => [0.006897; 0.955967; 0.037136]
[PlayerGotCard(0, Queen); PlayerAction(0, Call); PlayerAction(1, Raise); PlayerAction(0, Call); CommunityCardIs(Jack)] => [0.958931; 0.000000; 0.041069]
[PlayerGotCard(0, Queen); PlayerAction(0, Call); PlayerAction(1, Raise)] => [0.786951; 0.035406; 0.177643]
[PlayerGotCard(0, Queen); PlayerAction(0, Call); PlayerAction(1, Call); CommunityCardIs(King); PlayerAction(0, Raise); PlayerAction(1, Raise)] => [0.767335; 0.232665; 0.000000]
[PlayerGotCard(1, King); PlayerAction(0, Call); PlayerAction(1, Call); CommunityCardIs(King); PlayerAction(0, Raise)] => [0.018247; 0.017081; 0.964672]
[PlayerGotCard(1, King); PlayerAction(0, Call); PlayerAction(1, Call); CommunityCardIs(King); PlayerAction(0, Call); PlayerAction(1, Raise); PlayerAction(0, Raise)] => [0.986852; 0.013148; 0.000000]
[PlayerGotCard(0, Queen); PlayerAction(0, Call); PlayerAction(1, Call); CommunityCardIs(King); PlayerAction(0, Call); PlayerAction(1, Raise)] => [0.689407; 0.001105; 0.309489]
[PlayerGotCard(1, King); PlayerAction(0, Call); PlayerAction(1, Call); CommunityCardIs(King); PlayerAction(0, Call)] => [0.025622; 0.000000; 0.974378]
[PlayerGotCard(0, Queen); PlayerAction(0, Call); PlayerAction(1, Call); CommunityCardIs(King)] => [0.989115; 0.000000; 0.010885]
[PlayerGotCard(0, Queen); PlayerAction(0, Call); PlayerAction(1, Call); CommunityCardIs(Queen); PlayerAction(0, Raise); PlayerAction(1, Raise)] => [0.999899; 0.000101; 0.000000]
[PlayerGotCard(0, Queen); PlayerAction(0, Call); PlayerAction(1, Call); CommunityCardIs(Queen); PlayerAction(0, Call); PlayerAction(1, Raise)] => [0.016052; 0.001566; 0.982383]
[PlayerGotCard(0, Queen); PlayerAction(0, Call); PlayerAction(1, Call); CommunityCardIs(Queen)] => [0.041220; 0.000000; 0.958780]
[PlayerGotCard(0, Queen); PlayerAction(0, Call); PlayerAction(1, Call); CommunityCardIs(Jack); PlayerAction(0, Raise); PlayerAction(1, Raise)] => [0.004454; 0.995546; 0.000000]
[PlayerGotCard(0, Queen); PlayerAction(0, Call); PlayerAction(1, Call); CommunityCardIs(Jack); PlayerAction(0, Call); PlayerAction(1, Raise)] => [0.000218; 0.998410; 0.001372]
[PlayerGotCard(0, Queen); PlayerAction(0, Call); PlayerAction(1, Call); CommunityCardIs(Jack)] => [0.995747; 0.000000; 0.004253]
[PlayerGotCard(0, Queen)] => [0.237808; 0.000000; 0.762192]
[PlayerGotCard(0, Jack); PlayerAction(0, Raise); PlayerAction(1, Raise); PlayerAction(0, Call); CommunityCardIs(King); PlayerAction(0, Raise); PlayerAction(1, Raise)] => [0.008676; 0.991324; 0.000000]
[PlayerGotCard(0, Jack); PlayerAction(0, Raise); PlayerAction(1, Raise); PlayerAction(0, Call); CommunityCardIs(King); PlayerAction(0, Call); PlayerAction(1, Raise)] => [0.007152; 0.028441; 0.964407]
[PlayerGotCard(0, Jack); PlayerAction(0, Raise); PlayerAction(1, Raise); PlayerAction(0, Call); CommunityCardIs(King)] => [0.432766; 0.000000; 0.567234]
[PlayerGotCard(0, Jack); PlayerAction(0, Raise); PlayerAction(1, Raise); PlayerAction(0, Call); CommunityCardIs(Queen); PlayerAction(0, Raise); PlayerAction(1, Raise)] => [0.034262; 0.965738; 0.000000]
[PlayerGotCard(0, Jack); PlayerAction(0, Raise); PlayerAction(1, Raise); PlayerAction(0, Call); CommunityCardIs(Queen); PlayerAction(0, Call); PlayerAction(1, Raise)] => [0.000361; 0.962677; 0.036962]
[PlayerGotCard(0, Jack); PlayerAction(0, Raise); PlayerAction(1, Raise); PlayerAction(0, Call); CommunityCardIs(Queen)] => [0.618910; 0.000000; 0.381090]
[PlayerGotCard(0, Jack); PlayerAction(0, Raise); PlayerAction(1, Raise); PlayerAction(0, Call); CommunityCardIs(Jack); PlayerAction(0, Raise); PlayerAction(1, Raise)] => [0.999891; 0.000109; 0.000000]
[PlayerGotCard(0, Jack); PlayerAction(0, Raise); PlayerAction(1, Raise); PlayerAction(0, Call); CommunityCardIs(Jack); PlayerAction(0, Call); PlayerAction(1, Raise)] => [0.004581; 0.000931; 0.994488]
[PlayerGotCard(0, Jack); PlayerAction(0, Raise); PlayerAction(1, Raise); PlayerAction(0, Call); CommunityCardIs(Jack)] => [0.072379; 0.000000; 0.927621]
[PlayerGotCard(0, Jack); PlayerAction(0, Raise); PlayerAction(1, Raise)] => [0.999296; 0.000704; 0.000000]
[PlayerGotCard(0, Jack); PlayerAction(0, Raise); PlayerAction(1, Call); CommunityCardIs(King); PlayerAction(0, Raise); PlayerAction(1, Raise)] => [0.000654; 0.999346; 0.000000]
[PlayerGotCard(0, Jack); PlayerAction(0, Raise); PlayerAction(1, Call); CommunityCardIs(King); PlayerAction(0, Call); PlayerAction(1, Raise)] => [0.000379; 0.805042; 0.194579]
[PlayerGotCard(0, Jack); PlayerAction(0, Raise); PlayerAction(1, Call); CommunityCardIs(King)] => [0.073381; 0.000000; 0.926619]
[PlayerGotCard(0, Jack); PlayerAction(0, Raise); PlayerAction(1, Call); CommunityCardIs(Queen); PlayerAction(0, Raise); PlayerAction(1, Raise)] => [0.000501; 0.999499; 0.000000]
[PlayerGotCard(0, Jack); PlayerAction(0, Raise); PlayerAction(1, Call); CommunityCardIs(Queen); PlayerAction(0, Call); PlayerAction(1, Raise)] => [0.000737; 0.996773; 0.002490]
[PlayerGotCard(0, Jack); PlayerAction(0, Raise); PlayerAction(1, Call); CommunityCardIs(Queen)] => [0.497058; 0.000000; 0.502942]
[PlayerGotCard(0, Jack); PlayerAction(0, Raise); PlayerAction(1, Call); CommunityCardIs(Jack); PlayerAction(0, Raise); PlayerAction(1, Raise)] => [0.999772; 0.000228; 0.000000]
[PlayerGotCard(0, Jack); PlayerAction(0, Raise); PlayerAction(1, Call); CommunityCardIs(Jack); PlayerAction(0, Call); PlayerAction(1, Raise)] => [0.003122; 0.001163; 0.995716]
[PlayerGotCard(0, Jack); PlayerAction(0, Raise); PlayerAction(1, Call); CommunityCardIs(Jack)] => [0.115816; 0.000000; 0.884184]
[PlayerGotCard(0, Jack); PlayerAction(0, Call); PlayerAction(1, Raise); PlayerAction(0, Raise); PlayerAction(1, Call); CommunityCardIs(King); PlayerAction(0, Raise); PlayerAction(1, Raise)] => [0.012278; 0.987722; 0.000000]
[PlayerGotCard(0, Jack); PlayerAction(0, Call); PlayerAction(1, Raise); PlayerAction(0, Raise); PlayerAction(1, Call); CommunityCardIs(King); PlayerAction(0, Call); PlayerAction(1, Raise)] => [0.000809; 0.005383; 0.993808]
[PlayerGotCard(0, Jack); PlayerAction(0, Call); PlayerAction(1, Raise); PlayerAction(0, Raise); PlayerAction(1, Call); CommunityCardIs(King)] => [0.036273; 0.000000; 0.963727]
[PlayerGotCard(0, Jack); PlayerAction(0, Call); PlayerAction(1, Raise); PlayerAction(0, Raise); PlayerAction(1, Call); CommunityCardIs(Queen); PlayerAction(0, Raise); PlayerAction(1, Raise)] => [0.026083; 0.973917; 0.000000]
[PlayerGotCard(0, Jack); PlayerAction(0, Call); PlayerAction(1, Raise); PlayerAction(0, Raise); PlayerAction(1, Call); CommunityCardIs(Queen); PlayerAction(0, Call); PlayerAction(1, Raise)] => [0.000716; 0.981397; 0.017887]
[PlayerGotCard(0, Jack); PlayerAction(0, Call); PlayerAction(1, Raise); PlayerAction(0, Raise); PlayerAction(1, Call); CommunityCardIs(Queen)] => [0.972624; 0.000000; 0.027376]
[PlayerGotCard(0, Jack); PlayerAction(0, Call); PlayerAction(1, Raise); PlayerAction(0, Raise); PlayerAction(1, Call); CommunityCardIs(Jack); PlayerAction(0, Raise); PlayerAction(1, Raise)] => [0.999775; 0.000225; 0.000000]
[PlayerGotCard(0, Jack); PlayerAction(0, Call); PlayerAction(1, Raise); PlayerAction(0, Raise); PlayerAction(1, Call); CommunityCardIs(Jack); PlayerAction(0, Call); PlayerAction(1, Raise)] => [0.002485; 0.002091; 0.995424]
[PlayerGotCard(0, Jack); PlayerAction(0, Call); PlayerAction(1, Raise); PlayerAction(0, Raise); PlayerAction(1, Call); CommunityCardIs(Jack)] => [0.067012; 0.000000; 0.932988]
[PlayerGotCard(0, Jack); PlayerAction(0, Call); PlayerAction(1, Raise); PlayerAction(0, Call); CommunityCardIs(King); PlayerAction(0, Raise); PlayerAction(1, Raise)] => [0.008099; 0.991901; 0.000000]
[PlayerGotCard(0, Jack); PlayerAction(0, Call); PlayerAction(1, Raise); PlayerAction(0, Call); CommunityCardIs(King); PlayerAction(0, Call); PlayerAction(1, Raise)] => [0.000384; 0.881376; 0.118240]
[PlayerGotCard(0, Jack); PlayerAction(0, Call); PlayerAction(1, Raise); PlayerAction(0, Call); CommunityCardIs(King)] => [0.926119; 0.000000; 0.073881]
[PlayerGotCard(0, Jack); PlayerAction(0, Call); PlayerAction(1, Raise); PlayerAction(0, Call); CommunityCardIs(Queen); PlayerAction(0, Raise); PlayerAction(1, Raise)] => [0.006544; 0.993456; 0.000000]
[PlayerGotCard(0, Jack); PlayerAction(0, Call); PlayerAction(1, Raise); PlayerAction(0, Call); CommunityCardIs(Queen); PlayerAction(0, Call); PlayerAction(1, Raise)] => [0.005080; 0.444768; 0.550152]
[PlayerGotCard(0, Jack); PlayerAction(0, Call); PlayerAction(1, Raise); PlayerAction(0, Call); CommunityCardIs(Queen)] => [0.041244; 0.000000; 0.958756]
[PlayerGotCard(0, Jack); PlayerAction(0, Call); PlayerAction(1, Raise); PlayerAction(0, Call); CommunityCardIs(Jack); PlayerAction(0, Raise); PlayerAction(1, Raise)] => [0.999766; 0.000234; 0.000000]
[PlayerGotCard(0, Jack); PlayerAction(0, Call); PlayerAction(1, Raise); PlayerAction(0, Call); CommunityCardIs(Jack); PlayerAction(0, Call); PlayerAction(1, Raise)] => [0.000691; 0.000490; 0.998819]
[PlayerGotCard(0, Jack); PlayerAction(0, Call); PlayerAction(1, Raise); PlayerAction(0, Call); CommunityCardIs(Jack)] => [0.241665; 0.000000; 0.758335]
[PlayerGotCard(0, Jack); PlayerAction(0, Call); PlayerAction(1, Raise)] => [0.040746; 0.913577; 0.045677]
[PlayerGotCard(0, Jack); PlayerAction(0, Call); PlayerAction(1, Call); CommunityCardIs(King); PlayerAction(0, Raise); PlayerAction(1, Raise)] => [0.190403; 0.809597; 0.000000]
[PlayerGotCard(0, Jack); PlayerAction(0, Call); PlayerAction(1, Call); CommunityCardIs(King); PlayerAction(0, Call); PlayerAction(1, Raise)] => [0.002810; 0.963171; 0.034019]
[PlayerGotCard(0, Jack); PlayerAction(0, Call); PlayerAction(1, Call); CommunityCardIs(King)] => [0.943590; 0.000000; 0.056410]
[PlayerGotCard(0, Jack); PlayerAction(0, Call); PlayerAction(1, Call); CommunityCardIs(Queen); PlayerAction(0, Raise); PlayerAction(1, Raise)] => [0.020751; 0.979249; 0.000000]
[PlayerGotCard(0, Jack); PlayerAction(0, Call); PlayerAction(1, Call); CommunityCardIs(Queen); PlayerAction(0, Call); PlayerAction(1, Raise)] => [0.002456; 0.985661; 0.011883]
[PlayerGotCard(0, Jack); PlayerAction(0, Call); PlayerAction(1, Call); CommunityCardIs(Queen)] => [0.901509; 0.000000; 0.098491]
[PlayerGotCard(0, Jack); PlayerAction(0, Call); PlayerAction(1, Call); CommunityCardIs(Jack); PlayerAction(0, Raise); PlayerAction(1, Raise)] => [0.996599; 0.003401; 0.000000]
[PlayerGotCard(0, Jack); PlayerAction(0, Call); PlayerAction(1, Call); CommunityCardIs(Jack); PlayerAction(0, Call); PlayerAction(1, Raise)] => [0.000095; 0.000017; 0.999888]
[PlayerGotCard(0, Jack); PlayerAction(0, Call); PlayerAction(1, Call); CommunityCardIs(Jack)] => [0.992598; 0.000000; 0.007402]
[PlayerGotCard(0, Jack)] => [0.887928; 0.000000; 0.112072]
}

