{
[PlayerGotCard(0, King); PlayerAction(0, Raise); PlayerAction(1, Raise); PlayerAction(0, Call); CommunityCardIs(Queen); PlayerAction(0, Raise); PlayerAction(1, Raise)] => [0.389668; 0.610332; 0.000000]
[PlayerGotCard(1, King); PlayerAction(0, Raise); PlayerAction(1, Raise); PlayerAction(0, Call); CommunityCardIs(Queen); PlayerAction(0, Raise)] => [0.546541; 0.374870; 0.078589]
[PlayerGotCard(1, King); PlayerAction(0, Raise); PlayerAction(1, Raise); PlayerAction(0, Call); CommunityCardIs(Queen); PlayerAction(0, Call); PlayerAction(1, Raise); PlayerAction(0, Raise)] => [0.534470; 0.465530; 0.000000]
[PlayerGotCard(0, King); PlayerAction(0, Raise); PlayerAction(1, Raise); PlayerAction(0, Call); CommunityCardIs(Queen); PlayerAction(0, Call); PlayerAction(1, Raise)] => [0.970403; 0.026804; 0.002793]
[PlayerGotCard(1, King); PlayerAction(0, Raise); PlayerAction(1, Raise); PlayerAction(0, Call); CommunityCardIs(Queen); PlayerAction(0, Call)] => [0.484402; 0.000000; 0.515598]
[PlayerGotCard(0, King); PlayerAction(0, Raise); PlayerAction(1, Raise); PlayerAction(0, Call); CommunityCardIs(Queen)] => [0.309699; 0.000000; 0.690301]
[PlayerGotCard(0, King); PlayerAction(0, Raise); PlayerAction(1, Raise); PlayerAction(0, Call); CommunityCardIs(Jack); PlayerAction(0, Raise); PlayerAction(1, Raise)] => [0.541908; 0.458092; 0.000000]
[PlayerGotCard(1, King); PlayerAction(0, Raise); PlayerAction(1, Raise); PlayerAction(0, Call); CommunityCardIs(Jack); PlayerAction(0, Raise)] => [0.922587; 0.062514; 0.014899]
[PlayerGotCard(1, King); PlayerAction(0, Raise); PlayerAction(1, Raise); PlayerAction(0, Call); CommunityCardIs(Jack); PlayerAction(0, Call); PlayerAction(1, Raise); PlayerAction(0, Raise)] => [0.952254; 0.047746; 0.000000]
[PlayerGotCard(0, King); PlayerAction(0, Raise); PlayerAction(1, Raise); PlayerAction(0, Call); CommunityCardIs(Jack); PlayerAction(0, Call); PlayerAction(1, Raise)] => [0.995289; 0.001603; 0.003108]
[PlayerGotCard(1, King); PlayerAction(0, Raise); PlayerAction(1, Raise); PlayerAction(0, Call); CommunityCardIs(Jack); PlayerAction(0, Call)] => [0.521176; 0.000000; 0.478824]
[PlayerGotCard(0, King); PlayerAction(0, Raise); PlayerAction(1, Raise); PlayerAction(0, Call); CommunityCardIs(Jack)] => [0.933793; 0.000000; 0.066207]
[PlayerGotCard(0, King); PlayerAction(0, Raise); PlayerAction(1, Raise)] => [1.000000; 0.000000; 0.000000]
[PlayerGotCard(0, King); PlayerAction(0, Raise); PlayerAction(1, Call); CommunityCardIs(Queen); PlayerAction(0, Raise); PlayerAction(1, Raise)] => [0.002454; 0.997546; 0.000000]
[PlayerGotCard(1, King); PlayerAction(0, Raise); PlayerAction(1, Call); CommunityCardIs(Queen); PlayerAction(0, Raise)] => [0.307623; 0.680352; 0.012025]
[PlayerGotCard(1, King); PlayerAction(0, Raise); PlayerAction(1, Call); CommunityCardIs(Queen); PlayerAction(0, Call); PlayerAction(1, Raise); PlayerAction(0, Raise)] => [0.001062; 0.998939; 0.000000]
[PlayerGotCard(0, King); PlayerAction(0, Raise); PlayerAction(1, Call); CommunityCardIs(Queen); PlayerAction(0, Call); PlayerAction(1, Raise)] => [0.515761; 0.479096; 0.005142]
[PlayerGotCard(1, King); PlayerAction(0, Raise); PlayerAction(1, Call); CommunityCardIs(Queen); PlayerAction(0, Call)] => [0.990125; 0.000000; 0.009875]
[PlayerGotCard(0, King); PlayerAction(0, Raise); PlayerAction(1, Call); CommunityCardIs(Queen)] => [0.992556; 0.000000; 0.007444]
[PlayerGotCard(0, King); PlayerAction(0, Raise); PlayerAction(1, Call); CommunityCardIs(Jack); PlayerAction(0, Raise); PlayerAction(1, Raise)] => [0.362697; 0.637303; 0.000000]
[PlayerGotCard(1, King); PlayerAction(0, Raise); PlayerAction(1, Call); CommunityCardIs(Jack); PlayerAction(0, Raise)] => [0.717612; 0.261851; 0.020537]
[PlayerGotCard(1, King); PlayerAction(0, Raise); PlayerAction(1, Call); CommunityCardIs(Jack); PlayerAction(0, Call); PlayerAction(1, Raise); PlayerAction(0, Raise)] => [0.755816; 0.244184; 0.000000]
[PlayerGotCard(0, King); PlayerAction(0, Raise); PlayerAction(1, Call); CommunityCardIs(Jack); PlayerAction(0, Call); PlayerAction(1, Raise)] => [0.987271; 0.004415; 0.008314]
[PlayerGotCard(1, King); PlayerAction(0, Raise); PlayerAction(1, Call); CommunityCardIs(Jack); PlayerAction(0, Call)] => [0.552891; 0.000000; 0.447109]
[PlayerGotCard(0, King); PlayerAction(0, Raise); PlayerAction(1, Call); CommunityCardIs(Jack)] => [0.923409; 0.000000; 0.076591]
[PlayerGotCard(1, King); PlayerAction(0, Raise)] => [0.405682; 0.000000; 0.594318]
[PlayerGotCard(0, King); PlayerAction(0, Call); PlayerAction(1, Raise); PlayerAction(0, Raise); PlayerAction(1, Call); CommunityCardIs(Queen); PlayerAction(0, Raise); PlayerAction(1, Raise)] => [0.076339; 0.923661; 0.000000]
[PlayerGotCard(1, King); PlayerAction(0, Call); PlayerAction(1, Raise); PlayerAction(0, Raise); PlayerAction(1, Call); CommunityCardIs(Queen); PlayerAction(0, Raise)] => [0.745228; 0.251771; 0.003001]
[PlayerGotCard(1, King); PlayerAction(0, Call); PlayerAction(1, Raise); PlayerAction(0, Raise); PlayerAction(1, Call); CommunityCardIs(Queen); PlayerAction(0, Call); PlayerAction(1, Raise); PlayerAction(0, Raise)] => [0.404880; 0.595120; 0.000000]
[PlayerGotCard(0, King); PlayerAction(0, Call); PlayerAction(1, Raise); PlayerAction(0, Raise); PlayerAction(1, Call); CommunityCardIs(Queen); PlayerAction(0, Call); PlayerAction(1, Raise)] => [0.666414; 0.273149; 0.060437]
[PlayerGotCard(1, King); PlayerAction(0, Call); PlayerAction(1, Raise); PlayerAction(0, Raise); PlayerAction(1, Call); CommunityCardIs(Queen); PlayerAction(0, Call)] => [0.359258; 0.000000; 0.640742]
[PlayerGotCard(0, King); PlayerAction(0, Call); PlayerAction(1, Raise); PlayerAction(0, Raise); PlayerAction(1, Call); CommunityCardIs(Queen)] => [0.989513; 0.000000; 0.010487]
[PlayerGotCard(0, King); PlayerAction(0, Call); PlayerAction(1, Raise); PlayerAction(0, Raise); PlayerAction(1, Call); CommunityCardIs(Jack); PlayerAction(0, Raise); PlayerAction(1, Raise)] => [0.498802; 0.501198; 0.000000]
[PlayerGotCard(1, King); PlayerAction(0, Call); PlayerAction(1, Raise); PlayerAction(0, Raise); PlayerAction(1, Call); CommunityCardIs(Jack); PlayerAction(0, Raise)] => [0.820140; 0.163723; 0.016137]
[PlayerGotCard(1, King); PlayerAction(0, Call); PlayerAction(1, Raise); PlayerAction(0, Raise); PlayerAction(1, Call); CommunityCardIs(Jack); PlayerAction(0, Call); PlayerAction(1, Raise); PlayerAction(0, Raise)] => [0.823895; 0.176105; 0.000000]
[PlayerGotCard(0, King); PlayerAction(0, Call); PlayerAction(1, Raise); PlayerAction(0, Raise); PlayerAction(1, Call); CommunityCardIs(Jack); PlayerAction(0, Call); PlayerAction(1, Raise)] => [0.990925; 0.002898; 0.006178]
[PlayerGotCard(1, King); PlayerAction(0, Call); PlayerAction(1, Raise); PlayerAction(0, Raise); PlayerAction(1, Call); CommunityCardIs(Jack); PlayerAction(0, Call)] => [0.507177; 0.000000; 0.492823]
[PlayerGotCard(0, King); PlayerAction(0, Call); PlayerAction(1, Raise); PlayerAction(0, Raise); PlayerAction(1, Call); CommunityCardIs(Jack)] => [0.869348; 0.000000; 0.130652]
[PlayerGotCard(1, King); PlayerAction(0, Call); PlayerAction(1, Raise); PlayerAction(0, Raise)] => [1.000000; 0.000000; 0.000000]
[PlayerGotCard(0, King); PlayerAction(0, Call); PlayerAction(1, Raise); PlayerAction(0, Call); CommunityCardIs(Queen); PlayerAction(0, Raise); PlayerAction(1, Raise)] => [0.007553; 0.992447; 0.000000]
[PlayerGotCard(1, King); PlayerAction(0, Call); PlayerAction(1, Raise); PlayerAction(0, Call); CommunityCardIs(Queen); PlayerAction(0, Raise)] => [0.430407; 0.556898; 0.012695]
[PlayerGotCard(1, King); PlayerAction(0, Call); PlayerAction(1, Raise); PlayerAction(0, Call); CommunityCardIs(Queen); PlayerAction(0, Call); PlayerAction(1, Raise); PlayerAction(0, Raise)] => [0.130829; 0.869171; 0.000000]
[PlayerGotCard(0, King); PlayerAction(0, Call); PlayerAction(1, Raise); PlayerAction(0, Call); CommunityCardIs(Queen); PlayerAction(0, Call); PlayerAction(1, Raise)] => [0.588076; 0.407676; 0.004247]
[PlayerGotCard(1, King); PlayerAction(0, Call); PlayerAction(1, Raise); PlayerAction(0, Call); CommunityCardIs(Queen); PlayerAction(0, Call)] => [0.636733; 0.000000; 0.363267]
[PlayerGotCard(0, King); PlayerAction(0, Call); PlayerAction(1, Raise); PlayerAction(0, Call); CommunityCardIs(Queen)] => [0.119984; 0.000000; 0.880016]
[PlayerGotCard(0, King); PlayerAction(0, Call); PlayerAction(1, Raise); PlayerAction(0, Call); CommunityCardIs(Jack); PlayerAction(0, Raise); PlayerAction(1, Raise)] => [0.000832; 0.999168; 0.000000]
[PlayerGotCard(1, King); PlayerAction(0, Call); PlayerAction(1, Raise); PlayerAction(0, Call); CommunityCardIs(Jack); PlayerAction(0, Raise)] => [0.718109; 0.277761; 0.004131]
[PlayerGotCard(1, King); PlayerAction(0, Call); PlayerAction(1, Raise); PlayerAction(0, Call); CommunityCardIs(Jack); PlayerAction(0, Call); PlayerAction(1, Raise); PlayerAction(0, Raise)] => [0.994869; 0.005131; 0.000000]
[PlayerGotCard(0, King); PlayerAction(0, Call); PlayerAction(1, Raise); PlayerAction(0, Call); CommunityCardIs(Jack); PlayerAction(0, Call); PlayerAction(1, Raise)] => [0.994889; 0.004901; 0.000210]
[PlayerGotCard(1, King); PlayerAction(0, Call); PlayerAction(1, Raise); PlayerAction(0, Call); CommunityCardIs(Jack); PlayerAction(0, Call)] => [0.861291; 0.000000; 0.138709]
[PlayerGotCard(0, King); PlayerAction(0, Call); PlayerAction(1, Raise); PlayerAction(0, Call); CommunityCardIs(Jack)] => [0.996663; 0.000000; 0.003337]
[PlayerGotCard(0, King); PlayerAction(0, Call); PlayerAction(1, Raise)] => [0.373786; 0.000000; 0.626214]
[PlayerGotCard(0, King); PlayerAction(0, Call); PlayerAction(1, Call); CommunityCardIs(Queen); PlayerAction(0, Raise); PlayerAction(1, Raise)] => [0.993122; 0.006878; 0.000000]
[PlayerGotCard(1, King); PlayerAction(0, Call); PlayerAction(1, Call); CommunityCardIs(Queen); PlayerAction(0, Raise)] => [0.990214; 0.008715; 0.001072]
[PlayerGotCard(1, King); PlayerAction(0, Call); PlayerAction(1, Call); CommunityCardIs(Queen); PlayerAction(0, Call); PlayerAction(1, Raise); PlayerAction(0, Raise)] => [0.370991; 0.629009; 0.000000]
[PlayerGotCard(0, King); PlayerAction(0, Call); PlayerAction(1, Call); CommunityCardIs(Queen); PlayerAction(0, Call); PlayerAction(1, Raise)] => [0.471619; 0.523764; 0.004617]
[PlayerGotCard(1, King); PlayerAction(0, Call); PlayerAction(1, Call); CommunityCardIs(Queen); PlayerAction(0, Call)] => [0.994668; 0.000000; 0.005332]
[PlayerGotCard(0, King); PlayerAction(0, Call); PlayerAction(1, Call); CommunityCardIs(Queen)] => [0.989943; 0.000000; 0.010057]
[PlayerGotCard(0, King); PlayerAction(0, Call); PlayerAction(1, Call); CommunityCardIs(Jack); PlayerAction(0, Raise); PlayerAction(1, Raise)] => [0.000328; 0.999672; 0.000000]
[PlayerGotCard(1, King); PlayerAction(0, Call); PlayerAction(1, Call); CommunityCardIs(Jack); PlayerAction(0, Raise)] => [0.000375; 0.999023; 0.000602]
[PlayerGotCard(1, King); PlayerAction(0, Call); PlayerAction(1, Call); CommunityCardIs(Jack); PlayerAction(0, Call); PlayerAction(1, Raise); PlayerAction(0, Raise)] => [0.000044; 0.999956; 0.000000]
[PlayerGotCard(0, King); PlayerAction(0, Call); PlayerAction(1, Call); CommunityCardIs(Jack); PlayerAction(0, Call); PlayerAction(1, Raise)] => [0.000232; 0.999524; 0.000244]
[PlayerGotCard(1, King); PlayerAction(0, Call); PlayerAction(1, Call); CommunityCardIs(Jack); PlayerAction(0, Call)] => [0.991706; 0.000000; 0.008293]
[PlayerGotCard(0, King); PlayerAction(0, Call); PlayerAction(1, Call); CommunityCardIs(Jack)] => [0.998634; 0.000000; 0.001366]
[PlayerGotCard(1, King); PlayerAction(0, Call)] => [0.007759; 0.000000; 0.992241]
[PlayerGotCard(0, King)] => [0.251003; 0.000000; 0.748997]
[PlayerGotCard(0, King); PlayerAction(0, Raise); PlayerAction(1, Raise); PlayerAction(0, Call); CommunityCardIs(King); PlayerAction(0, Raise); PlayerAction(1, Raise)] => [1.000000; 0.000000; 0.000000]
[PlayerGotCard(1, Queen); PlayerAction(0, Raise); PlayerAction(1, Raise); PlayerAction(0, Call); CommunityCardIs(King); PlayerAction(0, Raise)] => [0.449358; 0.536619; 0.014023]
[PlayerGotCard(1, Queen); PlayerAction(0, Raise); PlayerAction(1, Raise); PlayerAction(0, Call); CommunityCardIs(King); PlayerAction(0, Call); PlayerAction(1, Raise); PlayerAction(0, Raise)] => [0.042345; 0.957655; 0.000000]
[PlayerGotCard(0, King); PlayerAction(0, Raise); PlayerAction(1, Raise); PlayerAction(0, Call); CommunityCardIs(King); PlayerAction(0, Call); PlayerAction(1, Raise)] => [0.000000; 0.000000; 1.000000]
[PlayerGotCard(1, Queen); PlayerAction(0, Raise); PlayerAction(1, Raise); PlayerAction(0, Call); CommunityCardIs(King); PlayerAction(0, Call)] => [0.580297; 0.000000; 0.419703]
[PlayerGotCard(0, King); PlayerAction(0, Raise); PlayerAction(1, Raise); PlayerAction(0, Call); CommunityCardIs(King)] => [0.470031; 0.000000; 0.529969]
[PlayerGotCard(1, Queen); PlayerAction(0, Raise); PlayerAction(1, Raise); PlayerAction(0, Call); CommunityCardIs(Queen); PlayerAction(0, Raise)] => [0.000000; 0.000000; 1.000000]
[PlayerGotCard(1, Queen); PlayerAction(0, Raise); PlayerAction(1, Raise); PlayerAction(0, Call); CommunityCardIs(Queen); PlayerAction(0, Call); PlayerAction(1, Raise); PlayerAction(0, Raise)] => [1.000000; 0.000000; 0.000000]
[PlayerGotCard(1, Queen); PlayerAction(0, Raise); PlayerAction(1, Raise); PlayerAction(0, Call); CommunityCardIs(Queen); PlayerAction(0, Call)] => [0.000000; 0.000000; 1.000000]
[PlayerGotCard(1, Queen); PlayerAction(0, Raise); PlayerAction(1, Raise); PlayerAction(0, Call); CommunityCardIs(Jack); PlayerAction(0, Raise)] => [0.000256; 0.982496; 0.017249]
[PlayerGotCard(1, Queen); PlayerAction(0, Raise); PlayerAction(1, Raise); PlayerAction(0, Call); CommunityCardIs(Jack); PlayerAction(0, Call); PlayerAction(1, Raise); PlayerAction(0, Raise)] => [0.001088; 0.998912; 0.000000]
[PlayerGotCard(1, Queen); PlayerAction(0, Raise); PlayerAction(1, Raise); PlayerAction(0, Call); CommunityCardIs(Jack); PlayerAction(0, Call)] => [0.975397; 0.000000; 0.024603]
[PlayerGotCard(0, King); PlayerAction(0, Raise); PlayerAction(1, Call); CommunityCardIs(King); PlayerAction(0, Raise); PlayerAction(1, Raise)] => [1.000000; 0.000000; 0.000000]
[PlayerGotCard(1, Queen); PlayerAction(0, Raise); PlayerAction(1, Call); CommunityCardIs(King); PlayerAction(0, Raise)] => [0.284369; 0.695358; 0.020274]
[PlayerGotCard(1, Queen); PlayerAction(0, Raise); PlayerAction(1, Call); CommunityCardIs(King); PlayerAction(0, Call); PlayerAction(1, Raise); PlayerAction(0, Raise)] => [0.011303; 0.988697; 0.000000]
[PlayerGotCard(0, King); PlayerAction(0, Raise); PlayerAction(1, Call); CommunityCardIs(King); PlayerAction(0, Call); PlayerAction(1, Raise)] => [0.000000; 0.000000; 1.000000]
[PlayerGotCard(1, Queen); PlayerAction(0, Raise); PlayerAction(1, Call); CommunityCardIs(King); PlayerAction(0, Call)] => [0.607032; 0.000000; 0.392968]
[PlayerGotCard(0, King); PlayerAction(0, Raise); PlayerAction(1, Call); CommunityCardIs(King)] => [0.142957; 0.000000; 0.857043]
[PlayerGotCard(1, Queen); PlayerAction(0, Raise); PlayerAction(1, Call); CommunityCardIs(Queen); PlayerAction(0, Raise)] => [0.000000; 0.000000; 1.000000]
[PlayerGotCard(1, Queen); PlayerAction(0, Raise); PlayerAction(1, Call); CommunityCardIs(Queen); PlayerAction(0, Call); PlayerAction(1, Raise); PlayerAction(0, Raise)] => [1.000000; 0.000000; 0.000000]
[PlayerGotCard(1, Queen); PlayerAction(0, Raise); PlayerAction(1, Call); CommunityCardIs(Queen); PlayerAction(0, Call)] => [0.000000; 0.000000; 1.000000]
[PlayerGotCard(1, Queen); PlayerAction(0, Raise); PlayerAction(1, Call); CommunityCardIs(Jack); PlayerAction(0, Raise)] => [0.000192; 0.969779; 0.030030]
[PlayerGotCard(1, Queen); PlayerAction(0, Raise); PlayerAction(1, Call); CommunityCardIs(Jack); PlayerAction(0, Call); PlayerAction(1, Raise); PlayerAction(0, Raise)] => [0.000316; 0.999684; 0.000000]
[PlayerGotCard(1, Queen); PlayerAction(0, Raise); PlayerAction(1, Call); CommunityCardIs(Jack); PlayerAction(0, Call)] => [0.980814; 0.000000; 0.019186]
[PlayerGotCard(1, Queen); PlayerAction(0, Raise)] => [0.607537; 0.006289; 0.386174]
[PlayerGotCard(0, King); PlayerAction(0, Call); PlayerAction(1, Raise); PlayerAction(0, Raise); PlayerAction(1, Call); CommunityCardIs(King); PlayerAction(0, Raise); PlayerAction(1, Raise)] => [1.000000; 0.000000; 0.000000]
[PlayerGotCard(1, Queen); PlayerAction(0, Call); PlayerAction(1, Raise); PlayerAction(0, Raise); PlayerAction(1, Call); CommunityCardIs(King); PlayerAction(0, Raise)] => [0.262591; 0.722078; 0.015330]
[PlayerGotCard(1, Queen); PlayerAction(0, Call); PlayerAction(1, Raise); PlayerAction(0, Raise); PlayerAction(1, Call); CommunityCardIs(King); PlayerAction(0, Call); PlayerAction(1, Raise); PlayerAction(0, Raise)] => [0.000035; 0.999965; 0.000000]
[PlayerGotCard(0, King); PlayerAction(0, Call); PlayerAction(1, Raise); PlayerAction(0, Raise); PlayerAction(1, Call); CommunityCardIs(King); PlayerAction(0, Call); PlayerAction(1, Raise)] => [0.000000; 0.000000; 1.000000]
[PlayerGotCard(1, Queen); PlayerAction(0, Call); PlayerAction(1, Raise); PlayerAction(0, Raise); PlayerAction(1, Call); CommunityCardIs(King); PlayerAction(0, Call)] => [0.615640; 0.000000; 0.384360]
[PlayerGotCard(0, King); PlayerAction(0, Call); PlayerAction(1, Raise); PlayerAction(0, Raise); PlayerAction(1, Call); CommunityCardIs(King)] => [0.012242; 0.000000; 0.987758]
[PlayerGotCard(1, Queen); PlayerAction(0, Call); PlayerAction(1, Raise); PlayerAction(0, Raise); PlayerAction(1, Call); CommunityCardIs(Queen); PlayerAction(0, Raise)] => [0.000000; 0.000000; 1.000000]
[PlayerGotCard(1, Queen); PlayerAction(0, Call); PlayerAction(1, Raise); PlayerAction(0, Raise); PlayerAction(1, Call); CommunityCardIs(Queen); PlayerAction(0, Call); PlayerAction(1, Raise); PlayerAction(0, Raise)] => [1.000000; 0.000000; 0.000000]
[PlayerGotCard(1, Queen); PlayerAction(0, Call); PlayerAction(1, Raise); PlayerAction(0, Raise); PlayerAction(1, Call); CommunityCardIs(Queen); PlayerAction(0, Call)] => [0.000000; 0.000000; 1.000000]
[PlayerGotCard(1, Queen); PlayerAction(0, Call); PlayerAction(1, Raise); PlayerAction(0, Raise); PlayerAction(1, Call); CommunityCardIs(Jack); PlayerAction(0, Raise)] => [0.000035; 0.959006; 0.040959]
[PlayerGotCard(1, Queen); PlayerAction(0, Call); PlayerAction(1, Raise); PlayerAction(0, Raise); PlayerAction(1, Call); CommunityCardIs(Jack); PlayerAction(0, Call); PlayerAction(1, Raise); PlayerAction(0, Raise)] => [0.000042; 0.999958; 0.000000]
[PlayerGotCard(1, Queen); PlayerAction(0, Call); PlayerAction(1, Raise); PlayerAction(0, Raise); PlayerAction(1, Call); CommunityCardIs(Jack); PlayerAction(0, Call)] => [0.989108; 0.000000; 0.010892]
[PlayerGotCard(1, Queen); PlayerAction(0, Call); PlayerAction(1, Raise); PlayerAction(0, Raise)] => [1.000000; 0.000000; 0.000000]
[PlayerGotCard(0, King); PlayerAction(0, Call); PlayerAction(1, Raise); PlayerAction(0, Call); CommunityCardIs(King); PlayerAction(0, Raise); PlayerAction(1, Raise)] => [1.000000; 0.000000; 0.000000]
[PlayerGotCard(1, Queen); PlayerAction(0, Call); PlayerAction(1, Raise); PlayerAction(0, Call); CommunityCardIs(King); PlayerAction(0, Raise)] => [0.408179; 0.585490; 0.006332]
[PlayerGotCard(1, Queen); PlayerAction(0, Call); PlayerAction(1, Raise); PlayerAction(0, Call); CommunityCardIs(King); PlayerAction(0, Call); PlayerAction(1, Raise); PlayerAction(0, Raise)] => [0.005645; 0.994355; 0.000000]
[PlayerGotCard(0, King); PlayerAction(0, Call); PlayerAction(1, Raise); PlayerAction(0, Call); CommunityCardIs(King); PlayerAction(0, Call); PlayerAction(1, Raise)] => [0.000000; 0.000000; 1.000000]
[PlayerGotCard(1, Queen); PlayerAction(0, Call); PlayerAction(1, Raise); PlayerAction(0, Call); CommunityCardIs(King); PlayerAction(0, Call)] => [0.624703; 0.000000; 0.375297]
[PlayerGotCard(0, King); PlayerAction(0, Call); PlayerAction(1, Raise); PlayerAction(0, Call); CommunityCardIs(King)] => [0.848288; 0.000000; 0.151712]
[PlayerGotCard(1, Queen); PlayerAction(0, Call); PlayerAction(1, Raise); PlayerAction(0, Call); CommunityCardIs(Queen); PlayerAction(0, Raise)] => [0.000000; 0.000000; 1.000000]
[PlayerGotCard(1, Queen); PlayerAction(0, Call); PlayerAction(1, Raise); PlayerAction(0, Call); CommunityCardIs(Queen); PlayerAction(0, Call); PlayerAction(1, Raise); PlayerAction(0, Raise)] => [1.000000; 0.000000; 0.000000]
[PlayerGotCard(1, Queen); PlayerAction(0, Call); PlayerAction(1, Raise); PlayerAction(0, Call); CommunityCardIs(Queen); PlayerAction(0, Call)] => [0.000000; 0.000000; 1.000000]
[PlayerGotCard(1, Queen); PlayerAction(0, Call); PlayerAction(1, Raise); PlayerAction(0, Call); CommunityCardIs(Jack); PlayerAction(0, Raise)] => [0.000804; 0.994842; 0.004354]
[PlayerGotCard(1, Queen); PlayerAction(0, Call); PlayerAction(1, Raise); PlayerAction(0, Call); CommunityCardIs(Jack); PlayerAction(0, Call); PlayerAction(1, Raise); PlayerAction(0, Raise)] => [0.003113; 0.996887; 0.000000]
[PlayerGotCard(1, Queen); PlayerAction(0, Call); PlayerAction(1, Raise); PlayerAction(0, Call); CommunityCardIs(Jack); PlayerAction(0, Call)] => [0.486502; 0.000000; 0.513498]
[PlayerGotCard(0, King); PlayerAction(0, Call); PlayerAction(1, Call); CommunityCardIs(King); PlayerAction(0, Raise); PlayerAction(1, Raise)] => [1.000000; 0.000000; 0.000000]
[PlayerGotCard(1, Queen); PlayerAction(0, Call); PlayerAction(1, Call); CommunityCardIs(King); PlayerAction(0, Raise)] => [0.674596; 0.318398; 0.007006]
[PlayerGotCard(1, Queen); PlayerAction(0, Call); PlayerAction(1, Call); CommunityCardIs(King); PlayerAction(0, Call); PlayerAction(1, Raise); PlayerAction(0, Raise)] => [0.998876; 0.001124; 0.000000]
[PlayerGotCard(0, King); PlayerAction(0, Call); PlayerAction(1, Call); CommunityCardIs(King); PlayerAction(0, Call); PlayerAction(1, Raise)] => [0.000000; 0.000000; 1.000000]
[PlayerGotCard(1, Queen); PlayerAction(0, Call); PlayerAction(1, Call); CommunityCardIs(King); PlayerAction(0, Call)] => [0.720421; 0.000000; 0.279579]
[PlayerGotCard(0, King); PlayerAction(0, Call); PlayerAction(1, Call); CommunityCardIs(King)] => [0.007715; 0.000000; 0.992285]
[PlayerGotCard(1, Queen); PlayerAction(0, Call); PlayerAction(1, Call); CommunityCardIs(Queen); PlayerAction(0, Raise)] => [0.000000; 0.000000; 1.000000]
[PlayerGotCard(1, Queen); PlayerAction(0, Call); PlayerAction(1, Call); CommunityCardIs(Queen); PlayerAction(0, Call); PlayerAction(1, Raise); PlayerAction(0, Raise)] => [1.000000; 0.000000; 0.000000]
[PlayerGotCard(1, Queen); PlayerAction(0, Call); PlayerAction(1, Call); CommunityCardIs(Queen); PlayerAction(0, Call)] => [0.000000; 0.000000; 1.000000]
[PlayerGotCard(1, Queen); PlayerAction(0, Call); PlayerAction(1, Call); CommunityCardIs(Jack); PlayerAction(0, Raise)] => [0.000034; 0.997323; 0.002643]
[PlayerGotCard(1, Queen); PlayerAction(0, Call); PlayerAction(1, Call); CommunityCardIs(Jack); PlayerAction(0, Call); PlayerAction(1, Raise); PlayerAction(0, Raise)] => [0.000032; 0.999968; 0.000000]
[PlayerGotCard(1, Queen); PlayerAction(0, Call); PlayerAction(1, Call); CommunityCardIs(Jack); PlayerAction(0, Call)] => [0.984309; 0.000000; 0.015691]
[PlayerGotCard(1, Queen); PlayerAction(0, Call)] => [0.155193; 0.000000; 0.844807]
[PlayerGotCard(1, Jack); PlayerAction(0, Raise); PlayerAction(1, Raise); PlayerAction(0, Call); CommunityCardIs(King); PlayerAction(0, Raise)] => [0.000004; 0.625084; 0.374912]
[PlayerGotCard(1, Jack); PlayerAction(0, Raise); PlayerAction(1, Raise); PlayerAction(0, Call); CommunityCardIs(King); PlayerAction(0, Call); PlayerAction(1, Raise); PlayerAction(0, Raise)] => [0.003690; 0.996310; 0.000000]
[PlayerGotCard(1, Jack); PlayerAction(0, Raise); PlayerAction(1, Raise); PlayerAction(0, Call); CommunityCardIs(King); PlayerAction(0, Call)] => [0.007864; 0.000000; 0.992136]
[PlayerGotCard(1, Jack); PlayerAction(0, Raise); PlayerAction(1, Raise); PlayerAction(0, Call); CommunityCardIs(Queen); PlayerAction(0, Raise)] => [0.000000; 0.624037; 0.375963]
[PlayerGotCard(1, Jack); PlayerAction(0, Raise); PlayerAction(1, Raise); PlayerAction(0, Call); CommunityCardIs(Queen); PlayerAction(0, Call); PlayerAction(1, Raise); PlayerAction(0, Raise)] => [0.000012; 0.999988; 0.000000]
[PlayerGotCard(1, Jack); PlayerAction(0, Raise); PlayerAction(1, Raise); PlayerAction(0, Call); CommunityCardIs(Queen); PlayerAction(0, Call)] => [0.992941; 0.000000; 0.007059]
[PlayerGotCard(1, Jack); PlayerAction(0, Raise); PlayerAction(1, Raise); PlayerAction(0, Call); CommunityCardIs(Jack); PlayerAction(0, Raise)] => [0.000000; 0.000000; 1.000000]
[PlayerGotCard(1, Jack); PlayerAction(0, Raise); PlayerAction(1, Raise); PlayerAction(0, Call); CommunityCardIs(Jack); PlayerAction(0, Call); PlayerAction(1, Raise); PlayerAction(0, Raise)] => [1.000000; 0.000000; 0.000000]
[PlayerGotCard(1, Jack); PlayerAction(0, Raise); PlayerAction(1, Raise); PlayerAction(0, Call); CommunityCardIs(Jack); PlayerAction(0, Call)] => [0.000000; 0.000000; 1.000000]
[PlayerGotCard(1, Jack); PlayerAction(0, Raise); PlayerAction(1, Call); CommunityCardIs(King); PlayerAction(0, Raise)] => [0.000000; 0.633161; 0.366839]
[PlayerGotCard(1, Jack); PlayerAction(0, Raise); PlayerAction(1, Call); CommunityCardIs(King); PlayerAction(0, Call); PlayerAction(1, Raise); PlayerAction(0, Raise)] => [0.001243; 0.998757; 0.000000]
[PlayerGotCard(1, Jack); PlayerAction(0, Raise); PlayerAction(1, Call); CommunityCardIs(King); PlayerAction(0, Call)] => [0.621827; 0.000000; 0.378173]
[PlayerGotCard(1, Jack); PlayerAction(0, Raise); PlayerAction(1, Call); CommunityCardIs(Queen); PlayerAction(0, Raise)] => [0.004563; 0.979477; 0.015960]
[PlayerGotCard(1, Jack); PlayerAction(0, Raise); PlayerAction(1, Call); CommunityCardIs(Queen); PlayerAction(0, Call); PlayerAction(1, Raise); PlayerAction(0, Raise)] => [0.000017; 0.999983; 0.000000]
[PlayerGotCard(1, Jack); PlayerAction(0, Raise); PlayerAction(1, Call); CommunityCardIs(Queen); PlayerAction(0, Call)] => [0.028322; 0.000000; 0.971678]
[PlayerGotCard(1, Jack); PlayerAction(0, Raise); PlayerAction(1, Call); CommunityCardIs(Jack); PlayerAction(0, Raise)] => [0.000000; 0.000000; 1.000000]
[PlayerGotCard(1, Jack); PlayerAction(0, Raise); PlayerAction(1, Call); CommunityCardIs(Jack); PlayerAction(0, Call); PlayerAction(1, Raise); PlayerAction(0, Raise)] => [1.000000; 0.000000; 0.000000]
[PlayerGotCard(1, Jack); PlayerAction(0, Raise); PlayerAction(1, Call); CommunityCardIs(Jack); PlayerAction(0, Call)] => [0.000000; 0.000000; 1.000000]
[PlayerGotCard(1, Jack); PlayerAction(0, Raise)] => [0.122515; 0.813774; 0.063711]
[PlayerGotCard(1, Jack); PlayerAction(0, Call); PlayerAction(1, Raise); PlayerAction(0, Raise); PlayerAction(1, Call); CommunityCardIs(King); PlayerAction(0, Raise)] => [0.000321; 0.775962; 0.223717]
[PlayerGotCard(1, Jack); PlayerAction(0, Call); PlayerAction(1, Raise); PlayerAction(0, Raise); PlayerAction(1, Call); CommunityCardIs(King); PlayerAction(0, Call); PlayerAction(1, Raise); PlayerAction(0, Raise)] => [0.000020; 0.999980; 0.000000]
[PlayerGotCard(1, Jack); PlayerAction(0, Call); PlayerAction(1, Raise); PlayerAction(0, Raise); PlayerAction(1, Call); CommunityCardIs(King); PlayerAction(0, Call)] => [0.791148; 0.000000; 0.208852]
[PlayerGotCard(1, Jack); PlayerAction(0, Call); PlayerAction(1, Raise); PlayerAction(0, Raise); PlayerAction(1, Call); CommunityCardIs(Queen); PlayerAction(0, Raise)] => [0.000008; 0.749368; 0.250624]
[PlayerGotCard(1, Jack); PlayerAction(0, Call); PlayerAction(1, Raise); PlayerAction(0, Raise); PlayerAction(1, Call); CommunityCardIs(Queen); PlayerAction(0, Call); PlayerAction(1, Raise); PlayerAction(0, Raise)] => [0.001372; 0.998628; 0.000000]
[PlayerGotCard(1, Jack); PlayerAction(0, Call); PlayerAction(1, Raise); PlayerAction(0, Raise); PlayerAction(1, Call); CommunityCardIs(Queen); PlayerAction(0, Call)] => [0.978919; 0.000000; 0.021081]
[PlayerGotCard(1, Jack); PlayerAction(0, Call); PlayerAction(1, Raise); PlayerAction(0, Raise); PlayerAction(1, Call); CommunityCardIs(Jack); PlayerAction(0, Raise)] => [0.000000; 0.000000; 1.000000]
[PlayerGotCard(1, Jack); PlayerAction(0, Call); PlayerAction(1, Raise); PlayerAction(0, Raise); PlayerAction(1, Call); CommunityCardIs(Jack); PlayerAction(0, Call); PlayerAction(1, Raise); PlayerAction(0, Raise)] => [1.000000; 0.000000; 0.000000]
[PlayerGotCard(1, Jack); PlayerAction(0, Call); PlayerAction(1, Raise); PlayerAction(0, Raise); PlayerAction(1, Call); CommunityCardIs(Jack); PlayerAction(0, Call)] => [0.000000; 0.000000; 1.000000]
[PlayerGotCard(1, Jack); PlayerAction(0, Call); PlayerAction(1, Raise); PlayerAction(0, Raise)] => [1.000000; 0.000000; 0.000000]
[PlayerGotCard(1, Jack); PlayerAction(0, Call); PlayerAction(1, Raise); PlayerAction(0, Call); CommunityCardIs(King); PlayerAction(0, Raise)] => [0.000121; 0.813130; 0.186748]
[PlayerGotCard(1, Jack); PlayerAction(0, Call); PlayerAction(1, Raise); PlayerAction(0, Call); CommunityCardIs(King); PlayerAction(0, Call); PlayerAction(1, Raise); PlayerAction(0, Raise)] => [0.001213; 0.998787; 0.000000]
[PlayerGotCard(1, Jack); PlayerAction(0, Call); PlayerAction(1, Raise); PlayerAction(0, Call); CommunityCardIs(King); PlayerAction(0, Call)] => [0.504928; 0.000000; 0.495072]
[PlayerGotCard(1, Jack); PlayerAction(0, Call); PlayerAction(1, Raise); PlayerAction(0, Call); CommunityCardIs(Queen); PlayerAction(0, Raise)] => [0.000488; 0.925778; 0.073734]
[PlayerGotCard(1, Jack); PlayerAction(0, Call); PlayerAction(1, Raise); PlayerAction(0, Call); CommunityCardIs(Queen); PlayerAction(0, Call); PlayerAction(1, Raise); PlayerAction(0, Raise)] => [0.000000; 1.000000; 0.000000]
[PlayerGotCard(1, Jack); PlayerAction(0, Call); PlayerAction(1, Raise); PlayerAction(0, Call); CommunityCardIs(Queen); PlayerAction(0, Call)] => [0.679971; 0.000000; 0.320029]
[PlayerGotCard(1, Jack); PlayerAction(0, Call); PlayerAction(1, Raise); PlayerAction(0, Call); CommunityCardIs(Jack); PlayerAction(0, Raise)] => [0.000000; 0.000000; 1.000000]
[PlayerGotCard(1, Jack); PlayerAction(0, Call); PlayerAction(1, Raise); PlayerAction(0, Call); CommunityCardIs(Jack); PlayerAction(0, Call); PlayerAction(1, Raise); PlayerAction(0, Raise)] => [1.000000; 0.000000; 0.000000]
[PlayerGotCard(1, Jack); PlayerAction(0, Call); PlayerAction(1, Raise); PlayerAction(0, Call); CommunityCardIs(Jack); PlayerAction(0, Call)] => [0.000000; 0.000000; 1.000000]
[PlayerGotCard(1, Jack); PlayerAction(0, Call); PlayerAction(1, Call); CommunityCardIs(King); PlayerAction(0, Raise)] => [0.000776; 0.994932; 0.004292]
[PlayerGotCard(1, Jack); PlayerAction(0, Call); PlayerAction(1, Call); CommunityCardIs(King); PlayerAction(0, Call); PlayerAction(1, Raise); PlayerAction(0, Raise)] => [0.012139; 0.987861; 0.000000]
[PlayerGotCard(1, Jack); PlayerAction(0, Call); PlayerAction(1, Call); CommunityCardIs(King); PlayerAction(0, Call)] => [0.980217; 0.000000; 0.019783]
[PlayerGotCard(1, Jack); PlayerAction(0, Call); PlayerAction(1, Call); CommunityCardIs(Queen); PlayerAction(0, Raise)] => [0.004414; 0.963722; 0.031864]
[PlayerGotCard(1, Jack); PlayerAction(0, Call); PlayerAction(1, Call); CommunityCardIs(Queen); PlayerAction(0, Call); PlayerAction(1, Raise); PlayerAction(0, Raise)] => [0.004008; 0.995992; 0.000000]
[PlayerGotCard(1, Jack); PlayerAction(0, Call); PlayerAction(1, Call); CommunityCardIs(Queen); PlayerAction(0, Call)] => [0.937167; 0.000000; 0.062833]
[PlayerGotCard(1, Jack); PlayerAction(0, Call); PlayerAction(1, Call); CommunityCardIs(Jack); PlayerAction(0, Raise)] => [0.000000; 0.000000; 1.000000]
[PlayerGotCard(1, Jack); PlayerAction(0, Call); PlayerAction(1, Call); CommunityCardIs(Jack); PlayerAction(0, Call); PlayerAction(1, Raise); PlayerAction(0, Raise)] => [1.000000; 0.000000; 0.000000]
[PlayerGotCard(1, Jack); PlayerAction(0, Call); PlayerAction(1, Call); CommunityCardIs(Jack); PlayerAction(0, Call)] => [0.000000; 0.000000; 1.000000]
[PlayerGotCard(1, Jack); PlayerAction(0, Call)] => [0.677817; 0.000000; 0.322183]
[PlayerGotCard(0, Queen); PlayerAction(0, Raise); PlayerAction(1, Raise); PlayerAction(0, Call); CommunityCardIs(King); PlayerAction(0, Raise); PlayerAction(1, Raise)] => [0.004071; 0.995929; 0.000000]
[PlayerGotCard(1, King); PlayerAction(0, Raise); PlayerAction(1, Raise); PlayerAction(0, Call); CommunityCardIs(King); PlayerAction(0, Raise)] => [0.000000; 0.000000; 1.000000]
[PlayerGotCard(1, King); PlayerAction(0, Raise); PlayerAction(1, Raise); PlayerAction(0, Call); CommunityCardIs(King); PlayerAction(0, Call); PlayerAction(1, Raise); PlayerAction(0, Raise)] => [1.000000; 0.000000; 0.000000]
[PlayerGotCard(0, Queen); PlayerAction(0, Raise); PlayerAction(1, Raise); PlayerAction(0, Call); CommunityCardIs(King); PlayerAction(0, Call); PlayerAction(1, Raise)] => [0.280681; 0.711333; 0.007986]
[PlayerGotCard(1, King); PlayerAction(0, Raise); PlayerAction(1, Raise); PlayerAction(0, Call); CommunityCardIs(King); PlayerAction(0, Call)] => [0.000000; 0.000000; 1.000000]
[PlayerGotCard(0, Queen); PlayerAction(0, Raise); PlayerAction(1, Raise); PlayerAction(0, Call); CommunityCardIs(King)] => [0.892398; 0.000000; 0.107602]
[PlayerGotCard(0, Queen); PlayerAction(0, Raise); PlayerAction(1, Raise); PlayerAction(0, Call); CommunityCardIs(Queen); PlayerAction(0, Raise); PlayerAction(1, Raise)] => [1.000000; 0.000000; 0.000000]
[PlayerGotCard(0, Queen); PlayerAction(0, Raise); PlayerAction(1, Raise); PlayerAction(0, Call); CommunityCardIs(Queen); PlayerAction(0, Call); PlayerAction(1, Raise)] => [0.000000; 0.000000; 1.000000]
[PlayerGotCard(0, Queen); PlayerAction(0, Raise); PlayerAction(1, Raise); PlayerAction(0, Call); CommunityCardIs(Queen)] => [0.010950; 0.000000; 0.989050]
[PlayerGotCard(0, Queen); PlayerAction(0, Raise); PlayerAction(1, Raise); PlayerAction(0, Call); CommunityCardIs(Jack); PlayerAction(0, Raise); PlayerAction(1, Raise)] => [0.002635; 0.997365; 0.000000]
[PlayerGotCard(0, Queen); PlayerAction(0, Raise); PlayerAction(1, Raise); PlayerAction(0, Call); CommunityCardIs(Jack); PlayerAction(0, Call); PlayerAction(1, Raise)] => [0.000306; 0.998836; 0.000858]
[PlayerGotCard(0, Queen); PlayerAction(0, Raise); PlayerAction(1, Raise); PlayerAction(0, Call); CommunityCardIs(Jack)] => [0.991347; 0.000000; 0.008653]
[PlayerGotCard(0, Queen); PlayerAction(0, Raise); PlayerAction(1, Raise)] => [1.000000; 0.000000; 0.000000]
[PlayerGotCard(0, Queen); PlayerAction(0, Raise); PlayerAction(1, Call); CommunityCardIs(King); PlayerAction(0, Raise); PlayerAction(1, Raise)] => [0.240843; 0.759157; 0.000000]
[PlayerGotCard(1, King); PlayerAction(0, Raise); PlayerAction(1, Call); CommunityCardIs(King); PlayerAction(0, Raise)] => [0.000000; 0.000000; 1.000000]
[PlayerGotCard(1, King); PlayerAction(0, Raise); PlayerAction(1, Call); CommunityCardIs(King); PlayerAction(0, Call); PlayerAction(1, Raise); PlayerAction(0, Raise)] => [1.000000; 0.000000; 0.000000]
[PlayerGotCard(0, Queen); PlayerAction(0, Raise); PlayerAction(1, Call); CommunityCardIs(King); PlayerAction(0, Call); PlayerAction(1, Raise)] => [0.495209; 0.474475; 0.030316]
[PlayerGotCard(1, King); PlayerAction(0, Raise); PlayerAction(1, Call); CommunityCardIs(King); PlayerAction(0, Call)] => [0.000000; 0.000000; 1.000000]
[PlayerGotCard(0, Queen); PlayerAction(0, Raise); PlayerAction(1, Call); CommunityCardIs(King)] => [0.480006; 0.000000; 0.519994]
[PlayerGotCard(0, Queen); PlayerAction(0, Raise); PlayerAction(1, Call); CommunityCardIs(Queen); PlayerAction(0, Raise); PlayerAction(1, Raise)] => [1.000000; 0.000000; 0.000000]
[PlayerGotCard(0, Queen); PlayerAction(0, Raise); PlayerAction(1, Call); CommunityCardIs(Queen); PlayerAction(0, Call); PlayerAction(1, Raise)] => [0.000000; 0.000000; 1.000000]
[PlayerGotCard(0, Queen); PlayerAction(0, Raise); PlayerAction(1, Call); CommunityCardIs(Queen)] => [0.396815; 0.000000; 0.603185]
[PlayerGotCard(0, Queen); PlayerAction(0, Raise); PlayerAction(1, Call); CommunityCardIs(Jack); PlayerAction(0, Raise); PlayerAction(1, Raise)] => [0.003125; 0.996875; 0.000000]
[PlayerGotCard(0, Queen); PlayerAction(0, Raise); PlayerAction(1, Call); CommunityCardIs(Jack); PlayerAction(0, Call); PlayerAction(1, Raise)] => [0.000263; 0.998859; 0.000878]
[PlayerGotCard(0, Queen); PlayerAction(0, Raise); PlayerAction(1, Call); CommunityCardIs(Jack)] => [0.984677; 0.000000; 0.015323]
[PlayerGotCard(0, Queen); PlayerAction(0, Call); PlayerAction(1, Raise); PlayerAction(0, Raise); PlayerAction(1, Call); CommunityCardIs(King); PlayerAction(0, Raise); PlayerAction(1, Raise)] => [0.007983; 0.992017; 0.000000]
[PlayerGotCard(1, King); PlayerAction(0, Call); PlayerAction(1, Raise); PlayerAction(0, Raise); PlayerAction(1, Call); CommunityCardIs(King); PlayerAction(0, Raise)] => [0.000000; 0.000000; 1.000000]
[PlayerGotCard(1, King); PlayerAction(0, Call); PlayerAction(1, Raise); PlayerAction(0, Raise); PlayerAction(1, Call); CommunityCardIs(King); PlayerAction(0, Call); PlayerAction(1, Raise); PlayerAction(0, Raise)] => [1.000000; 0.000000; 0.000000]
[PlayerGotCard(0, Queen); PlayerAction(0, Call); PlayerAction(1, Raise); PlayerAction(0, Raise); PlayerAction(1, Call); CommunityCardIs(King); PlayerAction(0, Call); PlayerAction(1, Raise)] => [0.006727; 0.978888; 0.014385]
[PlayerGotCard(1, King); PlayerAction(0, Call); PlayerAction(1, Raise); PlayerAction(0, Raise); PlayerAction(1, Call); CommunityCardIs(King); PlayerAction(0, Call)] => [0.000000; 0.000000; 1.000000]
[PlayerGotCard(0, Queen); PlayerAction(0, Call); PlayerAction(1, Raise); PlayerAction(0, Raise); PlayerAction(1, Call); CommunityCardIs(King)] => [0.020946; 0.000000; 0.979054]
[PlayerGotCard(0, Queen); PlayerAction(0, Call); PlayerAction(1, Raise); PlayerAction(0, Raise); PlayerAction(1, Call); CommunityCardIs(Queen); PlayerAction(0, Raise); PlayerAction(1, Raise)] => [1.000000; 0.000000; 0.000000]
[PlayerGotCard(0, Queen); PlayerAction(0, Call); PlayerAction(1, Raise); PlayerAction(0, Raise); PlayerAction(1, Call); CommunityCardIs(Queen); PlayerAction(0, Call); PlayerAction(1, Raise)] => [0.000000; 0.000000; 1.000000]
[PlayerGotCard(0, Queen); PlayerAction(0, Call); PlayerAction(1, Raise); PlayerAction(0, Raise); PlayerAction(1, Call); CommunityCardIs(Queen)] => [0.918558; 0.000000; 0.081442]
[PlayerGotCard(0, Queen); PlayerAction(0, Call); PlayerAction(1, Raise); PlayerAction(0, Raise); PlayerAction(1, Call); CommunityCardIs(Jack); PlayerAction(0, Raise); PlayerAction(1, Raise)] => [0.002476; 0.997524; 0.000000]
[PlayerGotCard(0, Queen); PlayerAction(0, Call); PlayerAction(1, Raise); PlayerAction(0, Raise); PlayerAction(1, Call); CommunityCardIs(Jack); PlayerAction(0, Call); PlayerAction(1, Raise)] => [0.000198; 0.999246; 0.000556]
[PlayerGotCard(0, Queen); PlayerAction(0, Call); PlayerAction(1, Raise); PlayerAction(0, Raise); PlayerAction(1, Call); CommunityCardIs(Jack)] => [0.988032; 0.000000; 0.011968]
[PlayerGotCard(0, Queen); PlayerAction(0, Call); PlayerAction(1, Raise); PlayerAction(0, Call); CommunityCardIs(King); PlayerAction(0, Raise); PlayerAction(1, Raise)] => [0.006261; 0.993739; 0.000000]
[PlayerGotCard(1, King); PlayerAction(0, Call); PlayerAction(1, Raise); PlayerAction(0, Call); CommunityCardIs(King); PlayerAction(0, Raise)] => [0.000000; 0.000000; 1.000000]
[PlayerGotCard(1, King); PlayerAction(0, Call); PlayerAction(1, Raise); PlayerAction(0, Call); CommunityCardIs(King); PlayerAction(0, Call); PlayerAction(1, Raise); PlayerAction(0, Raise)] => [1.000000; 0.000000; 0.000000]
[PlayerGotCard(0, Queen); PlayerAction(0, Call); PlayerAction(1, Raise); PlayerAction(0, Call); CommunityCardIs(King); PlayerAction(0, Call); PlayerAction(1, Raise)] => [0.536619; 0.455595; 0.007786]
[PlayerGotCard(1, King); PlayerAction(0, Call); PlayerAction(1, Raise); PlayerAction(0, Call); CommunityCardIs(King); PlayerAction(0, Call)] => [0.000000; 0.000000; 1.000000]
[PlayerGotCard(0, Queen); PlayerAction(0, Call); PlayerAction(1, Raise); PlayerAction(0, Call); CommunityCardIs(King)] => [0.986848; 0.000000; 0.013152]
[PlayerGotCard(0, Queen); PlayerAction(0, Call); PlayerAction(1, Raise); PlayerAction(0, Call); CommunityCardIs(Queen); PlayerAction(0, Raise); PlayerAction(1, Raise)] => [1.000000; 0.000000; 0.000000]
[PlayerGotCard(0, Queen); PlayerAction(0, Call); PlayerAction(1, Raise); PlayerAction(0, Call); CommunityCardIs(Queen); PlayerAction(0, Call); PlayerAction(1, Raise)] => [0.000000; 0.000000; 1.000000]
[PlayerGotCard(0, Queen); PlayerAction(0, Call); PlayerAction(1, Raise); PlayerAction(0, Call); CommunityCardIs(Queen)] => [0.005734; 0.000000; 0.994266]
[PlayerGotCard(0, Queen); PlayerAction(0, Call); PlayerAction(1, Raise); PlayerAction(0, Call); CommunityCardIs(Jack); PlayerAction(0, Raise); PlayerAction(1, Raise)] => [0.000679; 0.999321; 0.000000]
[PlayerGotCard(0, Queen); PlayerAction(0, Call); PlayerAction(1, Raise); PlayerAction(0, Call); CommunityCardIs(Jack); PlayerAction(0, Call); PlayerAction(1, Raise)] => [0.001894; 0.988549; 0.009558]
[PlayerGotCard(0, Queen); PlayerAction(0, Call); PlayerAction(1, Raise); PlayerAction(0, Call); CommunityCardIs(Jack)] => [0.970816; 0.000000; 0.029184]
[PlayerGotCard(0, Queen); PlayerAction(0, Call); PlayerAction(1, Raise)] => [0.887335; 0.005835; 0.106830]
[PlayerGotCard(0, Queen); PlayerAction(0, Call); PlayerAction(1, Call); CommunityCardIs(King); PlayerAction(0, Raise); PlayerAction(1, Raise)] => [0.009334; 0.990666; 0.000000]
[PlayerGotCard(1, King); PlayerAction(0, Call); PlayerAction(1, Call); CommunityCardIs(King); PlayerAction(0, Raise)] => [0.000000; 0.000000; 1.000000]
[PlayerGotCard(1, King); PlayerAction(0, Call); PlayerAction(1, Call); CommunityCardIs(King); PlayerAction(0, Call); PlayerAction(1, Raise); PlayerAction(0, Raise)] => [1.000000; 0.000000; 0.000000]
[PlayerGotCard(0, Queen); PlayerAction(0, Call); PlayerAction(1, Call); CommunityCardIs(King); PlayerAction(0, Call); PlayerAction(1, Raise)] => [0.998661; 0.001020; 0.000320]
[PlayerGotCard(1, King); PlayerAction(0, Call); PlayerAction(1, Call); CommunityCardIs(King); PlayerAction(0, Call)] => [0.000000; 0.000000; 1.000000]
[PlayerGotCard(0, Queen); PlayerAction(0, Call); PlayerAction(1, Call); CommunityCardIs(King)] => [0.993122; 0.000000; 0.006879]
[PlayerGotCard(0, Queen); PlayerAction(0, Call); PlayerAction(1, Call); CommunityCardIs(Queen); PlayerAction(0, Raise); PlayerAction(1, Raise)] => [1.000000; 0.000000; 0.000000]
[PlayerGotCard(0, Queen); PlayerAction(0, Call); PlayerAction(1, Call); CommunityCardIs(Queen); PlayerAction(0, Call); PlayerAction(1, Raise)] => [0.000000; 0.000000; 1.000000]
[PlayerGotCard(0, Queen); PlayerAction(0, Call); PlayerAction(1, Call); CommunityCardIs(Queen)] => [0.257128; 0.000000; 0.742872]
[PlayerGotCard(0, Queen); PlayerAction(0, Call); PlayerAction(1, Call); CommunityCardIs(Jack); PlayerAction(0, Raise); PlayerAction(1, Raise)] => [0.000103; 0.999897; 0.000000]
[PlayerGotCard(0, Queen); PlayerAction(0, Call); PlayerAction(1, Call); CommunityCardIs(Jack); PlayerAction(0, Call); PlayerAction(1, Raise)] => [0.000033; 0.999746; 0.000221]
[PlayerGotCard(0, Queen); PlayerAction(0, Call); PlayerAction(1, Call); CommunityCardIs(Jack)] => [0.998517; 0.000000; 0.001483]
[PlayerGotCard(0, Queen)] => [0.283604; 0.000000; 0.716396]
[PlayerGotCard(0, Jack); PlayerAction(0, Raise); PlayerAction(1, Raise); PlayerAction(0, Call); CommunityCardIs(King); PlayerAction(0, Raise); PlayerAction(1, Raise)] => [0.001029; 0.998971; 0.000000]
[PlayerGotCard(0, Jack); PlayerAction(0, Raise); PlayerAction(1, Raise); PlayerAction(0, Call); CommunityCardIs(King); PlayerAction(0, Call); PlayerAction(1, Raise)] => [0.002247; 0.007799; 0.989954]
[PlayerGotCard(0, Jack); PlayerAction(0, Raise); PlayerAction(1, Raise); PlayerAction(0, Call); CommunityCardIs(King)] => [0.419634; 0.000000; 0.580366]
[PlayerGotCard(0, Jack); PlayerAction(0, Raise); PlayerAction(1, Raise); PlayerAction(0, Call); CommunityCardIs(Queen); PlayerAction(0, Raise); PlayerAction(1, Raise)] => [0.002998; 0.997002; 0.000000]
[PlayerGotCard(0, Jack); PlayerAction(0, Raise); PlayerAction(1, Raise); PlayerAction(0, Call); CommunityCardIs(Queen); PlayerAction(0, Call); PlayerAction(1, Raise)] => [0.000008; 0.996148; 0.003844]
[PlayerGotCard(0, Jack); PlayerAction(0, Raise); PlayerAction(1, Raise); PlayerAction(0, Call); CommunityCardIs(Queen)] => [0.889576; 0.000000; 0.110424]
[PlayerGotCard(0, Jack); PlayerAction(0, Raise); PlayerAction(1, Raise); PlayerAction(0, Call); CommunityCardIs(Jack); PlayerAction(0, Raise); PlayerAction(1, Raise)] => [1.000000; 0.000000; 0.000000]
[PlayerGotCard(0, Jack); PlayerAction(0, Raise); PlayerAction(1, Raise); PlayerAction(0, Call); CommunityCardIs(Jack); PlayerAction(0, Call); PlayerAction(1, Raise)] => [0.000000; 0.000000; 1.000000]
[PlayerGotCard(0, Jack); PlayerAction(0, Raise); PlayerAction(1, Raise); PlayerAction(0, Call); CommunityCardIs(Jack)] => [0.019674; 0.000000; 0.980326]
[PlayerGotCard(0, Jack); PlayerAction(0, Raise); PlayerAction(1, Raise)] => [0.999998; 0.000002; 0.000000]
[PlayerGotCard(0, Jack); PlayerAction(0, Raise); PlayerAction(1, Call); CommunityCardIs(King); PlayerAction(0, Raise); PlayerAction(1, Raise)] => [0.002265; 0.997735; 0.000000]
[PlayerGotCard(0, Jack); PlayerAction(0, Raise); PlayerAction(1, Call); CommunityCardIs(King); PlayerAction(0, Call); PlayerAction(1, Raise)] => [0.002159; 0.007079; 0.990762]
[PlayerGotCard(0, Jack); PlayerAction(0, Raise); PlayerAction(1, Call); CommunityCardIs(King)] => [0.021700; 0.000000; 0.978300]
[PlayerGotCard(0, Jack); PlayerAction(0, Raise); PlayerAction(1, Call); CommunityCardIs(Queen); PlayerAction(0, Raise); PlayerAction(1, Raise)] => [0.000948; 0.999052; 0.000000]
[PlayerGotCard(0, Jack); PlayerAction(0, Raise); PlayerAction(1, Call); CommunityCardIs(Queen); PlayerAction(0, Call); PlayerAction(1, Raise)] => [0.002550; 0.988886; 0.008564]
[PlayerGotCard(0, Jack); PlayerAction(0, Raise); PlayerAction(1, Call); CommunityCardIs(Queen)] => [0.014893; 0.000000; 0.985107]
[PlayerGotCard(0, Jack); PlayerAction(0, Raise); PlayerAction(1, Call); CommunityCardIs(Jack); PlayerAction(0, Raise); PlayerAction(1, Raise)] => [1.000000; 0.000000; 0.000000]
[PlayerGotCard(0, Jack); PlayerAction(0, Raise); PlayerAction(1, Call); CommunityCardIs(Jack); PlayerAction(0, Call); PlayerAction(1, Raise)] => [0.000000; 0.000000; 1.000000]
[PlayerGotCard(0, Jack); PlayerAction(0, Raise); PlayerAction(1, Call); CommunityCardIs(Jack)] => [0.044085; 0.000000; 0.955915]
[PlayerGotCard(0, Jack); PlayerAction(0, Call); PlayerAction(1, Raise); PlayerAction(0, Raise); PlayerAction(1, Call); CommunityCardIs(King); PlayerAction(0, Raise); PlayerAction(1, Raise)] => [0.001685; 0.998315; 0.000000]
[PlayerGotCard(0, Jack); PlayerAction(0, Call); PlayerAction(1, Raise); PlayerAction(0, Raise); PlayerAction(1, Call); CommunityCardIs(King); PlayerAction(0, Call); PlayerAction(1, Raise)] => [0.002273; 0.007288; 0.990438]
[PlayerGotCard(0, Jack); PlayerAction(0, Call); PlayerAction(1, Raise); PlayerAction(0, Raise); PlayerAction(1, Call); CommunityCardIs(King)] => [0.000206; 0.000000; 0.999794]
[PlayerGotCard(0, Jack); PlayerAction(0, Call); PlayerAction(1, Raise); PlayerAction(0, Raise); PlayerAction(1, Call); CommunityCardIs(Queen); PlayerAction(0, Raise); PlayerAction(1, Raise)] => [0.009029; 0.990971; 0.000000]
[PlayerGotCard(0, Jack); PlayerAction(0, Call); PlayerAction(1, Raise); PlayerAction(0, Raise); PlayerAction(1, Call); CommunityCardIs(Queen); PlayerAction(0, Call); PlayerAction(1, Raise)] => [0.000014; 0.978887; 0.021099]
[PlayerGotCard(0, Jack); PlayerAction(0, Call); PlayerAction(1, Raise); PlayerAction(0, Raise); PlayerAction(1, Call); CommunityCardIs(Queen)] => [0.997285; 0.000000; 0.002715]
[PlayerGotCard(0, Jack); PlayerAction(0, Call); PlayerAction(1, Raise); PlayerAction(0, Raise); PlayerAction(1, Call); CommunityCardIs(Jack); PlayerAction(0, Raise); PlayerAction(1, Raise)] => [1.000000; 0.000000; 0.000000]
[PlayerGotCard(0, Jack); PlayerAction(0, Call); PlayerAction(1, Raise); PlayerAction(0, Raise); PlayerAction(1, Call); CommunityCardIs(Jack); PlayerAction(0, Call); PlayerAction(1, Raise)] => [0.000000; 0.000000; 1.000000]
[PlayerGotCard(0, Jack); PlayerAction(0, Call); PlayerAction(1, Raise); PlayerAction(0, Raise); PlayerAction(1, Call); CommunityCardIs(Jack)] => [0.033003; 0.000000; 0.966997]
[PlayerGotCard(0, Jack); PlayerAction(0, Call); PlayerAction(1, Raise); PlayerAction(0, Call); CommunityCardIs(King); PlayerAction(0, Raise); PlayerAction(1, Raise)] => [0.001349; 0.998651; 0.000000]
[PlayerGotCard(0, Jack); PlayerAction(0, Call); PlayerAction(1, Raise); PlayerAction(0, Call); CommunityCardIs(King); PlayerAction(0, Call); PlayerAction(1, Raise)] => [0.000261; 0.954405; 0.045333]
[PlayerGotCard(0, Jack); PlayerAction(0, Call); PlayerAction(1, Raise); PlayerAction(0, Call); CommunityCardIs(King)] => [0.937354; 0.000000; 0.062646]
[PlayerGotCard(0, Jack); PlayerAction(0, Call); PlayerAction(1, Raise); PlayerAction(0, Call); CommunityCardIs(Queen); PlayerAction(0, Raise); PlayerAction(1, Raise)] => [0.005400; 0.994600; 0.000000]
[PlayerGotCard(0, Jack); PlayerAction(0, Call); PlayerAction(1, Raise); PlayerAction(0, Call); CommunityCardIs(Queen); PlayerAction(0, Call); PlayerAction(1, Raise)] => [0.003249; 0.157096; 0.839655]
[PlayerGotCard(0, Jack); PlayerAction(0, Call); PlayerAction(1, Raise); PlayerAction(0, Call); CommunityCardIs(Queen)] => [0.005376; 0.000000; 0.994624]
[PlayerGotCard(0, Jack); PlayerAction(0, Call); PlayerAction(1, Raise); PlayerAction(0, Call); CommunityCardIs(Jack); PlayerAction(0, Raise); PlayerAction(1, Raise)] => [1.000000; 0.000000; 0.000000]
[PlayerGotCard(0, Jack); PlayerAction(0, Call); PlayerAction(1, Raise); PlayerAction(0, Call); CommunityCardIs(Jack); PlayerAction(0, Call); PlayerAction(1, Raise)] => [0.000000; 0.000000; 1.000000]
[PlayerGotCard(0, Jack); PlayerAction(0, Call); PlayerAction(1, Raise); PlayerAction(0, Call); CommunityCardIs(Jack)] => [0.078452; 0.000000; 0.921548]
[PlayerGotCard(0, Jack); PlayerAction(0, Call); PlayerAction(1, Raise)] => [0.041572; 0.933648; 0.024780]
[PlayerGotCard(0, Jack); PlayerAction(0, Call); PlayerAction(1, Call); CommunityCardIs(King); PlayerAction(0, Raise); PlayerAction(1, Raise)] => [0.383448; 0.616552; 0.000000]
[PlayerGotCard(0, Jack); PlayerAction(0, Call); PlayerAction(1, Call); CommunityCardIs(King); PlayerAction(0, Call); PlayerAction(1, Raise)] => [0.000422; 0.996981; 0.002598]
[PlayerGotCard(0, Jack); PlayerAction(0, Call); PlayerAction(1, Call); CommunityCardIs(King)] => [0.910845; 0.000000; 0.089155]
[PlayerGotCard(0, Jack); PlayerAction(0, Call); PlayerAction(1, Call); CommunityCardIs(Queen); PlayerAction(0, Raise); PlayerAction(1, Raise)] => [0.003950; 0.996050; 0.000000]
[PlayerGotCard(0, Jack); PlayerAction(0, Call); PlayerAction(1, Call); CommunityCardIs(Queen); PlayerAction(0, Call); PlayerAction(1, Raise)] => [0.001089; 0.992308; 0.006603]
[PlayerGotCard(0, Jack); PlayerAction(0, Call); PlayerAction(1, Call); CommunityCardIs(Queen)] => [0.801544; 0.000000; 0.198456]
[PlayerGotCard(0, Jack); PlayerAction(0, Call); PlayerAction(1, Call); CommunityCardIs(Jack); PlayerAction(0, Raise); PlayerAction(1, Raise)] => [1.000000; 0.000000; 0.000000]
[PlayerGotCard(0, Jack); PlayerAction(0, Call); PlayerAction(1, Call); CommunityCardIs(Jack); PlayerAction(0, Call); PlayerAction(1, Raise)] => [0.000000; 0.000000; 1.000000]
[PlayerGotCard(0, Jack); PlayerAction(0, Call); PlayerAction(1, Call); CommunityCardIs(Jack)] => [0.998558; 0.000000; 0.001442]
[PlayerGotCard(0, Jack)] => [0.919939; 0.000000; 0.080061]
}

